Archive member included to satisfy reference by file (symbol)

/opt/st/stm32cubeide_1.6.0/plugins/com.st.stm32cube.ide.mcu.externaltools.gnu-tools-for-stm32.9-2020-q2-update.linux64_2.0.0.202105311346/tools/bin/../lib/gcc/arm-none-eabi/9.3.1/../../../../arm-none-eabi/lib/thumb/v7e-m+dp/hard/libc_nano.a(lib_a-errno.o)
                              ./Core/Src/syscalls.o (__errno)
/opt/st/stm32cubeide_1.6.0/plugins/com.st.stm32cube.ide.mcu.externaltools.gnu-tools-for-stm32.9-2020-q2-update.linux64_2.0.0.202105311346/tools/bin/../lib/gcc/arm-none-eabi/9.3.1/../../../../arm-none-eabi/lib/thumb/v7e-m+dp/hard/libc_nano.a(lib_a-exit.o)
                              /opt/st/stm32cubeide_1.6.0/plugins/com.st.stm32cube.ide.mcu.externaltools.gnu-tools-for-stm32.9-2020-q2-update.linux64_2.0.0.202105311346/tools/bin/../lib/gcc/arm-none-eabi/9.3.1/../../../../arm-none-eabi/lib/thumb/v7e-m+dp/hard/crt0.o (exit)
/opt/st/stm32cubeide_1.6.0/plugins/com.st.stm32cube.ide.mcu.externaltools.gnu-tools-for-stm32.9-2020-q2-update.linux64_2.0.0.202105311346/tools/bin/../lib/gcc/arm-none-eabi/9.3.1/../../../../arm-none-eabi/lib/thumb/v7e-m+dp/hard/libc_nano.a(lib_a-impure.o)
                              /opt/st/stm32cubeide_1.6.0/plugins/com.st.stm32cube.ide.mcu.externaltools.gnu-tools-for-stm32.9-2020-q2-update.linux64_2.0.0.202105311346/tools/bin/../lib/gcc/arm-none-eabi/9.3.1/../../../../arm-none-eabi/lib/thumb/v7e-m+dp/hard/libc_nano.a(lib_a-exit.o) (_global_impure_ptr)
/opt/st/stm32cubeide_1.6.0/plugins/com.st.stm32cube.ide.mcu.externaltools.gnu-tools-for-stm32.9-2020-q2-update.linux64_2.0.0.202105311346/tools/bin/../lib/gcc/arm-none-eabi/9.3.1/../../../../arm-none-eabi/lib/thumb/v7e-m+dp/hard/libc_nano.a(lib_a-init.o)
                              /opt/st/stm32cubeide_1.6.0/plugins/com.st.stm32cube.ide.mcu.externaltools.gnu-tools-for-stm32.9-2020-q2-update.linux64_2.0.0.202105311346/tools/bin/../lib/gcc/arm-none-eabi/9.3.1/../../../../arm-none-eabi/lib/thumb/v7e-m+dp/hard/crt0.o (__libc_init_array)
/opt/st/stm32cubeide_1.6.0/plugins/com.st.stm32cube.ide.mcu.externaltools.gnu-tools-for-stm32.9-2020-q2-update.linux64_2.0.0.202105311346/tools/bin/../lib/gcc/arm-none-eabi/9.3.1/../../../../arm-none-eabi/lib/thumb/v7e-m+dp/hard/libc_nano.a(lib_a-malloc.o)
                              ./Core/Src/dlm-manage_data_aquisition.o (malloc)
/opt/st/stm32cubeide_1.6.0/plugins/com.st.stm32cube.ide.mcu.externaltools.gnu-tools-for-stm32.9-2020-q2-update.linux64_2.0.0.202105311346/tools/bin/../lib/gcc/arm-none-eabi/9.3.1/../../../../arm-none-eabi/lib/thumb/v7e-m+dp/hard/libc_nano.a(lib_a-memcpy-stub.o)
                              ./Middlewares/Third_Party/FreeRTOS/Source/queue.o (memcpy)
/opt/st/stm32cubeide_1.6.0/plugins/com.st.stm32cube.ide.mcu.externaltools.gnu-tools-for-stm32.9-2020-q2-update.linux64_2.0.0.202105311346/tools/bin/../lib/gcc/arm-none-eabi/9.3.1/../../../../arm-none-eabi/lib/thumb/v7e-m+dp/hard/libc_nano.a(lib_a-memset.o)
                              /opt/st/stm32cubeide_1.6.0/plugins/com.st.stm32cube.ide.mcu.externaltools.gnu-tools-for-stm32.9-2020-q2-update.linux64_2.0.0.202105311346/tools/bin/../lib/gcc/arm-none-eabi/9.3.1/../../../../arm-none-eabi/lib/thumb/v7e-m+dp/hard/crt0.o (memset)
/opt/st/stm32cubeide_1.6.0/plugins/com.st.stm32cube.ide.mcu.externaltools.gnu-tools-for-stm32.9-2020-q2-update.linux64_2.0.0.202105311346/tools/bin/../lib/gcc/arm-none-eabi/9.3.1/../../../../arm-none-eabi/lib/thumb/v7e-m+dp/hard/libc_nano.a(lib_a-nano-freer.o)
                              /opt/st/stm32cubeide_1.6.0/plugins/com.st.stm32cube.ide.mcu.externaltools.gnu-tools-for-stm32.9-2020-q2-update.linux64_2.0.0.202105311346/tools/bin/../lib/gcc/arm-none-eabi/9.3.1/../../../../arm-none-eabi/lib/thumb/v7e-m+dp/hard/libc_nano.a(lib_a-malloc.o) (_free_r)
/opt/st/stm32cubeide_1.6.0/plugins/com.st.stm32cube.ide.mcu.externaltools.gnu-tools-for-stm32.9-2020-q2-update.linux64_2.0.0.202105311346/tools/bin/../lib/gcc/arm-none-eabi/9.3.1/../../../../arm-none-eabi/lib/thumb/v7e-m+dp/hard/libc_nano.a(lib_a-nano-mallocr.o)
                              /opt/st/stm32cubeide_1.6.0/plugins/com.st.stm32cube.ide.mcu.externaltools.gnu-tools-for-stm32.9-2020-q2-update.linux64_2.0.0.202105311346/tools/bin/../lib/gcc/arm-none-eabi/9.3.1/../../../../arm-none-eabi/lib/thumb/v7e-m+dp/hard/libc_nano.a(lib_a-malloc.o) (_malloc_r)
/opt/st/stm32cubeide_1.6.0/plugins/com.st.stm32cube.ide.mcu.externaltools.gnu-tools-for-stm32.9-2020-q2-update.linux64_2.0.0.202105311346/tools/bin/../lib/gcc/arm-none-eabi/9.3.1/../../../../arm-none-eabi/lib/thumb/v7e-m+dp/hard/libc_nano.a(lib_a-sbrkr.o)
                              /opt/st/stm32cubeide_1.6.0/plugins/com.st.stm32cube.ide.mcu.externaltools.gnu-tools-for-stm32.9-2020-q2-update.linux64_2.0.0.202105311346/tools/bin/../lib/gcc/arm-none-eabi/9.3.1/../../../../arm-none-eabi/lib/thumb/v7e-m+dp/hard/libc_nano.a(lib_a-nano-mallocr.o) (_sbrk_r)
[...]
Memory Configuration

Name             Origin             Length             Attributes
RAM              0x0000000020000000 0x0000000000080000 xrw
FLASH            0x0000000008000000 0x0000000000200000 xr
*default*        0x0000000000000000 0xffffffffffffffff

Linker script and memory map

LOAD /opt/st/stm32cubeide_1.6.0/plugins/com.st.stm32cube.ide.mcu.externaltools.gnu-tools-for-stm32.9-2020-q2-update.linux64_2.0.0.202105311346/tools/bin/../lib/gcc/arm-none-eabi/9.3.1/thumb/v7e-m+dp/hard/crti.o
LOAD /opt/st/stm32cubeide_1.6.0/plugins/com.st.stm32cube.ide.mcu.externaltools.gnu-tools-for-stm32.9-2020-q2-update.linux64_2.0.0.202105311346/tools/bin/../lib/gcc/arm-none-eabi/9.3.1/thumb/v7e-m+dp/hard/crtbegin.o
LOAD /opt/st/stm32cubeide_1.6.0/plugins/com.st.stm32cube.ide.mcu.externaltools.gnu-tools-for-stm32.9-2020-q2-update.linux64_2.0.0.202105311346/tools/bin/../lib/gcc/arm-none-eabi/9.3.1/../../../../arm-none-eabi/lib/thumb/v7e-m+dp/hard/crt0.o
LOAD ./Core/Src/dlm-high_level_functions.o
LOAD ./Core/Src/dlm-manage_data_aquisition.o
LOAD ./Core/Src/dlm-manage_logging_session.o
LOAD ./Core/Src/dlm-move_ram_data_to_storage.o
LOAD ./Core/Src/dlm-mutex.o
LOAD ./Core/Src/freertos.o
LOAD ./Core/Src/main.o
LOAD ./Core/Src/stm32f7xx_hal_msp.o
LOAD ./Core/Src/stm32f7xx_hal_timebase_tim.o
LOAD ./Core/Src/stm32f7xx_it.o
LOAD ./Core/Src/syscalls.o
LOAD ./Core/Src/sysmem.o
LOAD ./Core/Src/system_stm32f7xx.o
LOAD ./Core/Startup/startup_stm32f767zitx.o
LOAD ./Drivers/STM32F7xx_HAL_Driver/Src/stm32f7xx_hal.o
LOAD ./Drivers/STM32F7xx_HAL_Driver/Src/stm32f7xx_hal_can.o
LOAD ./Drivers/STM32F7xx_HAL_Driver/Src/stm32f7xx_hal_cortex.o
LOAD ./Drivers/STM32F7xx_HAL_Driver/Src/stm32f7xx_hal_dma.o
LOAD ./Drivers/STM32F7xx_HAL_Driver/Src/stm32f7xx_hal_dma_ex.o
LOAD ./Drivers/STM32F7xx_HAL_Driver/Src/stm32f7xx_hal_exti.o
LOAD ./Drivers/STM32F7xx_HAL_Driver/Src/stm32f7xx_hal_flash.o
LOAD ./Drivers/STM32F7xx_HAL_Driver/Src/stm32f7xx_hal_flash_ex.o
LOAD ./Drivers/STM32F7xx_HAL_Driver/Src/stm32f7xx_hal_gpio.o
LOAD ./Drivers/STM32F7xx_HAL_Driver/Src/stm32f7xx_hal_i2c.o
LOAD ./Drivers/STM32F7xx_HAL_Driver/Src/stm32f7xx_hal_i2c_ex.o
LOAD ./Drivers/STM32F7xx_HAL_Driver/Src/stm32f7xx_hal_pwr.o
LOAD ./Drivers/STM32F7xx_HAL_Driver/Src/stm32f7xx_hal_pwr_ex.o
LOAD ./Drivers/STM32F7xx_HAL_Driver/Src/stm32f7xx_hal_rcc.o
LOAD ./Drivers/STM32F7xx_HAL_Driver/Src/stm32f7xx_hal_rcc_ex.o
LOAD ./Drivers/STM32F7xx_HAL_Driver/Src/stm32f7xx_hal_rtc.o
LOAD ./Drivers/STM32F7xx_HAL_Driver/Src/stm32f7xx_hal_rtc_ex.o
LOAD ./Drivers/STM32F7xx_HAL_Driver/Src/stm32f7xx_hal_sd.o
LOAD ./Drivers/STM32F7xx_HAL_Driver/Src/stm32f7xx_hal_tim.o
LOAD ./Drivers/STM32F7xx_HAL_Driver/Src/stm32f7xx_hal_tim_ex.o
LOAD ./Drivers/STM32F7xx_HAL_Driver/Src/stm32f7xx_ll_sdmmc.o
LOAD ./FATFS/App/fatfs.o
LOAD ./FATFS/Target/bsp_driver_sd.o
LOAD ./FATFS/Target/sd_diskio.o
LOAD ./Middlewares/Third_Party/FatFs/src/diskio.o
LOAD ./Middlewares/Third_Party/FatFs/src/ff.o
LOAD ./Middlewares/Third_Party/FatFs/src/ff_gen_drv.o
LOAD ./Middlewares/Third_Party/FatFs/src/option/ccsbcs.o
LOAD ./Middlewares/Third_Party/FatFs/src/option/syscall.o
LOAD ./Middlewares/Third_Party/FreeRTOS/Source/CMSIS_RTOS/cmsis_os.o
LOAD ./Middlewares/Third_Party/FreeRTOS/Source/croutine.o
LOAD ./Middlewares/Third_Party/FreeRTOS/Source/event_groups.o
LOAD ./Middlewares/Third_Party/FreeRTOS/Source/list.o
LOAD ./Middlewares/Third_Party/FreeRTOS/Source/queue.o
LOAD ./Middlewares/Third_Party/FreeRTOS/Source/stream_buffer.o
LOAD ./Middlewares/Third_Party/FreeRTOS/Source/tasks.o
LOAD ./Middlewares/Third_Party/FreeRTOS/Source/timers.o
LOAD ./Middlewares/Third_Party/FreeRTOS/Source/portable/GCC/ARM_CM7/r0p1/port.o
LOAD ./Middlewares/Third_Party/FreeRTOS/Source/portable/MemMang/heap_4.o
LOAD ./gophercan-lib/GopherCAN.o
LOAD ./gophercan-lib/GopherCAN_ids.o
LOAD ./gophercan-lib/GopherCAN_ring_buffer.o
START GROUP
LOAD /opt/st/stm32cubeide_1.6.0/plugins/com.st.stm32cube.ide.mcu.externaltools.gnu-tools-for-stm32.9-2020-q2-update.linux64_2.0.0.202105311346/tools/bin/../lib/gcc/arm-none-eabi/9.3.1/../../../../arm-none-eabi/lib/thumb/v7e-m+dp/hard/libc_nano.a
LOAD /opt/st/stm32cubeide_1.6.0/plugins/com.st.stm32cube.ide.mcu.externaltools.gnu-tools-for-stm32.9-2020-q2-update.linux64_2.0.0.202105311346/tools/bin/../lib/gcc/arm-none-eabi/9.3.1/../../../../arm-none-eabi/lib/thumb/v7e-m+dp/hard/libm.a
END GROUP
START GROUP
LOAD /opt/st/stm32cubeide_1.6.0/plugins/com.st.stm32cube.ide.mcu.externaltools.gnu-tools-for-stm32.9-2020-q2-update.linux64_2.0.0.202105311346/tools/bin/../lib/gcc/arm-none-eabi/9.3.1/thumb/v7e-m+dp/hard/libgcc.a
LOAD /opt/st/stm32cubeide_1.6.0/plugins/com.st.stm32cube.ide.mcu.externaltools.gnu-tools-for-stm32.9-2020-q2-update.linux64_2.0.0.202105311346/tools/bin/../lib/gcc/arm-none-eabi/9.3.1/../../../../arm-none-eabi/lib/thumb/v7e-m+dp/hard/libc_nano.a
END GROUP
START GROUP
LOAD /opt/st/stm32cubeide_1.6.0/plugins/com.st.stm32cube.ide.mcu.externaltools.gnu-tools-for-stm32.9-2020-q2-update.linux64_2.0.0.202105311346/tools/bin/../lib/gcc/arm-none-eabi/9.3.1/thumb/v7e-m+dp/hard/libgcc.a
LOAD /opt/st/stm32cubeide_1.6.0/plugins/com.st.stm32cube.ide.mcu.externaltools.gnu-tools-for-stm32.9-2020-q2-update.linux64_2.0.0.202105311346/tools/bin/../lib/gcc/arm-none-eabi/9.3.1/../../../../arm-none-eabi/lib/thumb/v7e-m+dp/hard/libc_nano.a
LOAD /opt/st/stm32cubeide_1.6.0/plugins/com.st.stm32cube.ide.mcu.externaltools.gnu-tools-for-stm32.9-2020-q2-update.linux64_2.0.0.202105311346/tools/bin/../lib/gcc/arm-none-eabi/9.3.1/../../../../arm-none-eabi/lib/thumb/v7e-m+dp/hard/libnosys.a
END GROUP
START GROUP
LOAD /opt/st/stm32cubeide_1.6.0/plugins/com.st.stm32cube.ide.mcu.externaltools.gnu-tools-for-stm32.9-2020-q2-update.linux64_2.0.0.202105311346/tools/bin/../lib/gcc/arm-none-eabi/9.3.1/thumb/v7e-m+dp/hard/libgcc.a
LOAD /opt/st/stm32cubeide_1.6.0/plugins/com.st.stm32cube.ide.mcu.externaltools.gnu-tools-for-stm32.9-2020-q2-update.linux64_2.0.0.202105311346/tools/bin/../lib/gcc/arm-none-eabi/9.3.1/../../../../arm-none-eabi/lib/thumb/v7e-m+dp/hard/libc_nano.a
LOAD /opt/st/stm32cubeide_1.6.0/plugins/com.st.stm32cube.ide.mcu.externaltools.gnu-tools-for-stm32.9-2020-q2-update.linux64_2.0.0.202105311346/tools/bin/../lib/gcc/arm-none-eabi/9.3.1/../../../../arm-none-eabi/lib/thumb/v7e-m+dp/hard/libnosys.a
END GROUP
LOAD /opt/st/stm32cubeide_1.6.0/plugins/com.st.stm32cube.ide.mcu.externaltools.gnu-tools-for-stm32.9-2020-q2-update.linux64_2.0.0.202105311346/tools/bin/../lib/gcc/arm-none-eabi/9.3.1/thumb/v7e-m+dp/hard/crtend.o
LOAD /opt/st/stm32cubeide_1.6.0/plugins/com.st.stm32cube.ide.mcu.externaltools.gnu-tools-for-stm32.9-2020-q2-update.linux64_2.0.0.202105311346/tools/bin/../lib/gcc/arm-none-eabi/9.3.1/thumb/v7e-m+dp/hard/crtn.o
                0x0000000020080000                _estack = (ORIGIN (RAM) + LENGTH (RAM))
                0x0000000000000200                _Min_Heap_Size = 0x200
                0x0000000000000400                _Min_Stack_Size = 0x400

.isr_vector     0x0000000008000000      0x1f8
                0x0000000008000000                . = ALIGN (0x4)
 *(.isr_vector)
 .isr_vector    0x0000000008000000      0x1f8 ./Core/Startup/startup_stm32f767zitx.o
                0x0000000008000000                g_pfnVectors
                0x00000000080001f8                . = ALIGN (0x4)

.text           0x0000000008000200    0x10094
                0x0000000008000200                . = ALIGN (0x4)
 *(.text)
 .text          0x0000000008000200       0x40 /opt/st/stm32cubeide_1.6.0/plugins/com.st.stm32cube.ide.mcu.externaltools.gnu-tools-for-stm32.9-2020-q2-update.linux64_2.0.0.202105311346/tools/bin/../lib/gcc/arm-none-eabi/9.3.1/thumb/v7e-m+dp/hard/crtbegin.o
 .text          0x0000000008000240       0x10 /opt/st/stm32cubeide_1.6.0/plugins/com.st.stm32cube.ide.mcu.externaltools.gnu-tools-for-stm32.9-2020-q2-update.linux64_2.0.0.202105311346/tools/bin/../lib/gcc/arm-none-eabi/9.3.1/../../../../arm-none-eabi/lib/thumb/v7e-m+dp/hard/libc_nano.a(lib_a-strlen.o)
                0x0000000008000240                strlen
 .text          0x0000000008000250       0xa0 /opt/st/stm32cubeide_1.6.0/plugins/com.st.stm32cube.ide.mcu.externaltools.gnu-tools-for-stm32.9-2020-q2-update.linux64_2.0.0.202105311346/tools/bin/../lib/gcc/arm-none-eabi/9.3.1/../../../../arm-none-eabi/lib/thumb/v7e-m+dp/hard/libc_nano.a(lib_a-memchr.o)
                0x0000000008000250                memchr
 .text          0x00000000080002f0      0x378 /opt/st/stm32cubeide_1.6.0/plugins/com.st.stm32cube.ide.mcu.externaltools.gnu-tools-for-stm32.9-2020-q2-update.linux64_2.0.0.202105311346/tools/bin/../lib/gcc/arm-none-eabi/9.3.1/thumb/v7e-m+dp/hard/libgcc.a(_arm_addsubdf3.o)
                0x00000000080002f0                __aeabi_drsub
                0x00000000080002f8                __aeabi_dsub
                0x00000000080002f8                __subdf3
                0x00000000080002fc                __adddf3
                0x00000000080002fc                __aeabi_dadd
                0x0000000008000574                __aeabi_ui2d
                0x0000000008000574                __floatunsidf
                0x0000000008000594                __floatsidf
                0x0000000008000594                __aeabi_i2d
                0x00000000080005b8                __extendsfdf2
                0x00000000080005b8                __aeabi_f2d
                0x00000000080005fc                __aeabi_ul2d
                0x00000000080005fc                __floatundidf
                0x000000000800060c                __floatdidf
                0x000000000800060c                __aeabi_l2d
 .text          0x0000000008000668       0x30 /opt/st/stm32cubeide_1.6.0/plugins/com.st.stm32cube.ide.mcu.externaltools.gnu-tools-for-stm32.9-2020-q2-update.linux64_2.0.0.202105311346/tools/bin/../lib/gcc/arm-none-eabi/9.3.1/thumb/v7e-m+dp/hard/libgcc.a(_aeabi_uldivmod.o)
                0x0000000008000668                __aeabi_uldivmod
 .text          0x0000000008000698      0x2c4 /opt/st/stm32cubeide_1.6.0/plugins/com.st.stm32cube.ide.mcu.externaltools.gnu-tools-for-stm32.9-2020-q2-update.linux64_2.0.0.202105311346/tools/bin/../lib/gcc/arm-none-eabi/9.3.1/thumb/v7e-m+dp/hard/libgcc.a(_udivmoddi4.o)
                0x0000000008000698                __udivmoddi4
 .text          0x000000000800095c        0x4 /opt/st/stm32cubeide_1.6.0/plugins/com.st.stm32cube.ide.mcu.externaltools.gnu-tools-for-stm32.9-2020-q2-update.linux64_2.0.0.202105311346/tools/bin/../lib/gcc/arm-none-eabi/9.3.1/thumb/v7e-m+dp/hard/libgcc.a(_dvmd_tls.o)
                0x000000000800095c                __aeabi_ldiv0
                0x000000000800095c                __aeabi_idiv0
 *(.text*)
 .text.dlm_init
                0x0000000008000960       0x98 ./Core/Src/dlm-high_level_functions.o
                0x0000000008000960                dlm_init
 .text.manage_data_aquisition
                0x00000000080009f8       0x20 ./Core/Src/dlm-high_level_functions.o
                0x00000000080009f8                manage_data_aquisition
 .text.move_ram_data_to_storage
                0x0000000008000a18       0x1c ./Core/Src/dlm-high_level_functions.o
                0x0000000008000a18                move_ram_data_to_storage
 .text.begin_logging_session
                0x0000000008000a34       0x18 ./Core/Src/dlm-high_level_functions.o
                0x0000000008000a34                begin_logging_session
 .text.can_service_loop
                0x0000000008000a4c       0x28 ./Core/Src/dlm-high_level_functions.o
                0x0000000008000a4c                can_service_loop
 .text.manage_data_aquisition_init
                0x0000000008000a74       0x64 ./Core/Src/dlm-manage_data_aquisition.o
                0x0000000008000a74                manage_data_aquisition_init
 .text.set_bucket_size
                0x0000000008000ad8      0x10c ./Core/Src/dlm-manage_data_aquisition.o
                0x0000000008000ad8                set_bucket_size
 .text.add_param_to_bucket
                0x0000000008000be4      0x11c ./Core/Src/dlm-manage_data_aquisition.o
                0x0000000008000be4                add_param_to_bucket
 .text.assign_bucket_to_frq
                0x0000000008000d00       0x68 ./Core/Src/dlm-manage_data_aquisition.o
                0x0000000008000d00                assign_bucket_to_frq
 .text.request_all_buckets
                0x0000000008000d68       0xa4 ./Core/Src/dlm-manage_data_aquisition.o
                0x0000000008000d68                request_all_buckets
 .text.store_new_data
                0x0000000008000e0c       0xa4 ./Core/Src/dlm-manage_data_aquisition.o
                0x0000000008000e0c                store_new_data
 .text.add_param_to_ram
                0x0000000008000eb0      0x208 ./Core/Src/dlm-manage_data_aquisition.o
                0x0000000008000eb0                add_param_to_ram
 .text.manage_logging_session_init
                0x00000000080010b8       0x28 ./Core/Src/dlm-manage_logging_session.o
                0x00000000080010b8                manage_logging_session_init
 .text.generate_filename
                0x00000000080010e0       0x6c ./Core/Src/dlm-manage_logging_session.o
                0x00000000080010e0                generate_filename
 .text.set_rtc_time
                0x000000000800114c       0x48 ./Core/Src/dlm-manage_logging_session.o
                0x000000000800114c                set_rtc_time
 .text.set_rtc_date
                0x0000000008001194       0x44 ./Core/Src/dlm-manage_logging_session.o
                0x0000000008001194                set_rtc_date
 .text.move_ram_data_to_storage_init
                0x00000000080011d8       0x34 ./Core/Src/dlm-move_ram_data_to_storage.o
                0x00000000080011d8                move_ram_data_to_storage_init
 .text.write_data_and_handle_errors
                0x000000000800120c       0xc8 ./Core/Src/dlm-move_ram_data_to_storage.o
                0x000000000800120c                write_data_and_handle_errors
 .text.write_data_to_storage
                0x00000000080012d4       0xc0 ./Core/Src/dlm-move_ram_data_to_storage.o
                0x00000000080012d4                write_data_to_storage
 .text.build_data_string
                0x0000000008001394       0xc4 ./Core/Src/dlm-move_ram_data_to_storage.o
                0x0000000008001394                build_data_string
 .text.convert_data_to_dpf
                0x0000000008001458       0xec ./Core/Src/dlm-move_ram_data_to_storage.o
                0x0000000008001458                convert_data_to_dpf
 .text.mount_sd_card
                0x0000000008001544       0x90 ./Core/Src/dlm-move_ram_data_to_storage.o
                0x0000000008001544                mount_sd_card
 .text.create_new_file
                0x00000000080015d4       0xc4 ./Core/Src/dlm-move_ram_data_to_storage.o
                0x00000000080015d4                create_new_file
 .text.get_mutex_lock
                0x0000000008001698       0x2a ./Core/Src/dlm-mutex.o
                0x0000000008001698                get_mutex_lock
 .text.release_mutex
                0x00000000080016c2       0x1a ./Core/Src/dlm-mutex.o
                0x00000000080016c2                release_mutex
 .text.vApplicationGetIdleTaskMemory
                0x00000000080016dc       0x34 ./Core/Src/freertos.o
                0x00000000080016dc                vApplicationGetIdleTaskMemory
 .text.main     0x0000000008001710       0xcc ./Core/Src/main.o
                0x0000000008001710                main
 .text.SystemClock_Config
                0x00000000080017dc      0x138 ./Core/Src/main.o
                0x00000000080017dc                SystemClock_Config
 .text.MX_CAN1_Init
                0x0000000008001914       0x6c ./Core/Src/main.o
 .text.MX_CAN2_Init
                0x0000000008001980       0x6c ./Core/Src/main.o
 .text.MX_RTC_Init
                0x00000000080019ec      0x118 ./Core/Src/main.o
 .text.MX_SDMMC1_SD_Init
                0x0000000008001b04       0x40 ./Core/Src/main.o
 .text.MX_DMA_Init
                0x0000000008001b44       0x4c ./Core/Src/main.o
 .text.MX_GPIO_Init
                0x0000000008001b90       0xcc ./Core/Src/main.o
 .text.can_loop
                0x0000000008001c5c       0x14 ./Core/Src/main.o
                0x0000000008001c5c                can_loop
 .text.dlm_main
                0x0000000008001c70       0x14 ./Core/Src/main.o
                0x0000000008001c70                dlm_main
 .text.move_ram_to_sd
                0x0000000008001c84       0x16 ./Core/Src/main.o
                0x0000000008001c84                move_ram_to_sd
 *fill*         0x0000000008001c9a        0x2 
 .text.HAL_TIM_PeriodElapsedCallback
                0x0000000008001c9c       0x24 ./Core/Src/main.o
                0x0000000008001c9c                HAL_TIM_PeriodElapsedCallback
 .text.Error_Handler
                0x0000000008001cc0        0xa ./Core/Src/main.o
                0x0000000008001cc0                Error_Handler
 *fill*         0x0000000008001cca        0x2 
 .text.HAL_MspInit
                0x0000000008001ccc       0x50 ./Core/Src/stm32f7xx_hal_msp.o
                0x0000000008001ccc                HAL_MspInit
 .text.HAL_CAN_MspInit
                0x0000000008001d1c      0x1a0 ./Core/Src/stm32f7xx_hal_msp.o
                0x0000000008001d1c                HAL_CAN_MspInit
 .text.HAL_RTC_MspInit
                0x0000000008001ebc       0x34 ./Core/Src/stm32f7xx_hal_msp.o
                0x0000000008001ebc                HAL_RTC_MspInit
 .text.HAL_SD_MspInit
                0x0000000008001ef0      0x1f8 ./Core/Src/stm32f7xx_hal_msp.o
                0x0000000008001ef0                HAL_SD_MspInit
 .text.HAL_InitTick
                0x00000000080020e8       0xb0 ./Core/Src/stm32f7xx_hal_timebase_tim.o
                0x00000000080020e8                HAL_InitTick
 .text.NMI_Handler
                0x0000000008002198        0x6 ./Core/Src/stm32f7xx_it.o
                0x0000000008002198                NMI_Handler
 .text.HardFault_Handler
                0x000000000800219e        0x6 ./Core/Src/stm32f7xx_it.o
                0x000000000800219e                HardFault_Handler
 .text.MemManage_Handler
                0x00000000080021a4        0x6 ./Core/Src/stm32f7xx_it.o
                0x00000000080021a4                MemManage_Handler
 .text.BusFault_Handler
                0x00000000080021aa        0x6 ./Core/Src/stm32f7xx_it.o
                0x00000000080021aa                BusFault_Handler
 .text.UsageFault_Handler
                0x00000000080021b0        0x6 ./Core/Src/stm32f7xx_it.o
                0x00000000080021b0                UsageFault_Handler
 .text.DebugMon_Handler
                0x00000000080021b6        0xe ./Core/Src/stm32f7xx_it.o
                0x00000000080021b6                DebugMon_Handler
 .text.CAN1_TX_IRQHandler
                0x00000000080021c4       0x14 ./Core/Src/stm32f7xx_it.o
                0x00000000080021c4                CAN1_TX_IRQHandler
 .text.CAN1_RX0_IRQHandler
                0x00000000080021d8       0x14 ./Core/Src/stm32f7xx_it.o
                0x00000000080021d8                CAN1_RX0_IRQHandler
 .text.CAN1_RX1_IRQHandler
                0x00000000080021ec       0x14 ./Core/Src/stm32f7xx_it.o
                0x00000000080021ec                CAN1_RX1_IRQHandler
 .text.SDMMC1_IRQHandler
                0x0000000008002200       0x14 ./Core/Src/stm32f7xx_it.o
                0x0000000008002200                SDMMC1_IRQHandler
 .text.TIM6_DAC_IRQHandler
                0x0000000008002214       0x14 ./Core/Src/stm32f7xx_it.o
                0x0000000008002214                TIM6_DAC_IRQHandler
 .text.DMA2_Stream3_IRQHandler
                0x0000000008002228       0x14 ./Core/Src/stm32f7xx_it.o
                0x0000000008002228                DMA2_Stream3_IRQHandler
 .text.CAN2_TX_IRQHandler
                0x000000000800223c       0x14 ./Core/Src/stm32f7xx_it.o
                0x000000000800223c                CAN2_TX_IRQHandler
 .text.CAN2_RX0_IRQHandler
                0x0000000008002250       0x14 ./Core/Src/stm32f7xx_it.o
                0x0000000008002250                CAN2_RX0_IRQHandler
 .text.CAN2_RX1_IRQHandler
                0x0000000008002264       0x14 ./Core/Src/stm32f7xx_it.o
                0x0000000008002264                CAN2_RX1_IRQHandler
 .text.DMA2_Stream6_IRQHandler
                0x0000000008002278       0x14 ./Core/Src/stm32f7xx_it.o
                0x0000000008002278                DMA2_Stream6_IRQHandler
 .text._sbrk    0x000000000800228c       0x6c ./Core/Src/sysmem.o
                0x000000000800228c                _sbrk
 .text.SystemInit
                0x00000000080022f8       0x24 ./Core/Src/system_stm32f7xx.o
                0x00000000080022f8                SystemInit
 .text.Reset_Handler
                0x000000000800231c       0x50 ./Core/Startup/startup_stm32f767zitx.o
                0x000000000800231c                Reset_Handler
 .text.Default_Handler
                0x000000000800236c        0x2 ./Core/Startup/startup_stm32f767zitx.o
                0x000000000800236c                RTC_Alarm_IRQHandler
                0x000000000800236c                EXTI2_IRQHandler
                0x000000000800236c                TIM8_CC_IRQHandler
                0x000000000800236c                UART8_IRQHandler
                0x000000000800236c                SPI4_IRQHandler
                0x000000000800236c                TIM1_CC_IRQHandler
                0x000000000800236c                DMA2_Stream5_IRQHandler
                0x000000000800236c                JPEG_IRQHandler
                0x000000000800236c                DMA1_Stream5_IRQHandler
                0x000000000800236c                CAN3_RX1_IRQHandler
                0x000000000800236c                PVD_IRQHandler
                0x000000000800236c                TAMP_STAMP_IRQHandler
                0x000000000800236c                EXTI3_IRQHandler
                0x000000000800236c                TIM8_TRG_COM_TIM14_IRQHandler
                0x000000000800236c                DFSDM1_FLT1_IRQHandler
                0x000000000800236c                TIM1_UP_TIM10_IRQHandler
                0x000000000800236c                TIM8_UP_TIM13_IRQHandler
                0x000000000800236c                I2C3_ER_IRQHandler
                0x000000000800236c                DFSDM1_FLT2_IRQHandler
                0x000000000800236c                EXTI0_IRQHandler
                0x000000000800236c                I2C2_EV_IRQHandler
                0x000000000800236c                DMA1_Stream2_IRQHandler
                0x000000000800236c                FPU_IRQHandler
                0x000000000800236c                OTG_HS_WKUP_IRQHandler
                0x000000000800236c                CAN3_SCE_IRQHandler
                0x000000000800236c                LTDC_ER_IRQHandler
                0x000000000800236c                CAN2_SCE_IRQHandler
                0x000000000800236c                DMA2_Stream2_IRQHandler
                0x000000000800236c                SPI1_IRQHandler
                0x000000000800236c                TIM1_BRK_TIM9_IRQHandler
                0x000000000800236c                DCMI_IRQHandler
                0x000000000800236c                SAI2_IRQHandler
                0x000000000800236c                DFSDM1_FLT3_IRQHandler
                0x000000000800236c                USART6_IRQHandler
                0x000000000800236c                CAN3_RX0_IRQHandler
                0x000000000800236c                USART3_IRQHandler
                0x000000000800236c                UART5_IRQHandler
                0x000000000800236c                DMA2_Stream0_IRQHandler
                0x000000000800236c                TIM4_IRQHandler
                0x000000000800236c                QUADSPI_IRQHandler
                0x000000000800236c                I2C1_EV_IRQHandler
                0x000000000800236c                DMA1_Stream6_IRQHandler
                0x000000000800236c                DMA1_Stream1_IRQHandler
                0x000000000800236c                UART4_IRQHandler
                0x000000000800236c                TIM3_IRQHandler
                0x000000000800236c                RCC_IRQHandler
                0x000000000800236c                TIM8_BRK_TIM12_IRQHandler
                0x000000000800236c                Default_Handler
                0x000000000800236c                CEC_IRQHandler
                0x000000000800236c                EXTI15_10_IRQHandler
                0x000000000800236c                ADC_IRQHandler
                0x000000000800236c                DMA1_Stream7_IRQHandler
                0x000000000800236c                SPI5_IRQHandler
                0x000000000800236c                TIM7_IRQHandler
                0x000000000800236c                TIM5_IRQHandler
                0x000000000800236c                DMA2_Stream7_IRQHandler
                0x000000000800236c                I2C3_EV_IRQHandler
                0x000000000800236c                EXTI9_5_IRQHandler
                0x000000000800236c                RTC_WKUP_IRQHandler
                0x000000000800236c                LTDC_IRQHandler
                0x000000000800236c                ETH_WKUP_IRQHandler
                0x000000000800236c                SPDIF_RX_IRQHandler
                0x000000000800236c                SPI2_IRQHandler
                0x000000000800236c                OTG_HS_EP1_IN_IRQHandler
                0x000000000800236c                DMA1_Stream0_IRQHandler
                0x000000000800236c                EXTI4_IRQHandler
                0x000000000800236c                RNG_IRQHandler
                0x000000000800236c                ETH_IRQHandler
                0x000000000800236c                OTG_HS_EP1_OUT_IRQHandler
                0x000000000800236c                WWDG_IRQHandler
                0x000000000800236c                SPI6_IRQHandler
                0x000000000800236c                MDIOS_IRQHandler
                0x000000000800236c                I2C4_EV_IRQHandler
                0x000000000800236c                CAN3_TX_IRQHandler
                0x000000000800236c                TIM2_IRQHandler
                0x000000000800236c                OTG_FS_WKUP_IRQHandler
                0x000000000800236c                TIM1_TRG_COM_TIM11_IRQHandler
                0x000000000800236c                OTG_HS_IRQHandler
                0x000000000800236c                DMA2D_IRQHandler
                0x000000000800236c                EXTI1_IRQHandler
                0x000000000800236c                SDMMC2_IRQHandler
                0x000000000800236c                UART7_IRQHandler
                0x000000000800236c                USART2_IRQHandler
                0x000000000800236c                DFSDM1_FLT0_IRQHandler
                0x000000000800236c                I2C2_ER_IRQHandler
                0x000000000800236c                DMA2_Stream1_IRQHandler
                0x000000000800236c                CAN1_SCE_IRQHandler
                0x000000000800236c                FLASH_IRQHandler
                0x000000000800236c                DMA2_Stream4_IRQHandler
                0x000000000800236c                USART1_IRQHandler
                0x000000000800236c                OTG_FS_IRQHandler
                0x000000000800236c                SPI3_IRQHandler
                0x000000000800236c                DMA1_Stream4_IRQHandler
                0x000000000800236c                I2C1_ER_IRQHandler
                0x000000000800236c                FMC_IRQHandler
                0x000000000800236c                LPTIM1_IRQHandler
                0x000000000800236c                I2C4_ER_IRQHandler
                0x000000000800236c                SAI1_IRQHandler
                0x000000000800236c                DMA1_Stream3_IRQHandler
 .text.HAL_Init
                0x000000000800236e       0x1a ./Drivers/STM32F7xx_HAL_Driver/Src/stm32f7xx_hal.o
                0x000000000800236e                HAL_Init
 .text.HAL_IncTick
                0x0000000008002388       0x28 ./Drivers/STM32F7xx_HAL_Driver/Src/stm32f7xx_hal.o
                0x0000000008002388                HAL_IncTick
 .text.HAL_GetTick
                0x00000000080023b0       0x18 ./Drivers/STM32F7xx_HAL_Driver/Src/stm32f7xx_hal.o
                0x00000000080023b0                HAL_GetTick
 .text.HAL_SetTickFreq
                0x00000000080023c8       0x50 ./Drivers/STM32F7xx_HAL_Driver/Src/stm32f7xx_hal.o
                0x00000000080023c8                HAL_SetTickFreq
 .text.HAL_Delay
                0x0000000008002418       0x48 ./Drivers/STM32F7xx_HAL_Driver/Src/stm32f7xx_hal.o
                0x0000000008002418                HAL_Delay
 .text.HAL_CAN_Init
                0x0000000008002460      0x1f6 ./Drivers/STM32F7xx_HAL_Driver/Src/stm32f7xx_hal_can.o
                0x0000000008002460                HAL_CAN_Init
 *fill*         0x0000000008002656        0x2 
 .text.HAL_CAN_ConfigFilter
                0x0000000008002658      0x1d8 ./Drivers/STM32F7xx_HAL_Driver/Src/stm32f7xx_hal_can.o
                0x0000000008002658                HAL_CAN_ConfigFilter
 .text.HAL_CAN_Start
                0x0000000008002830       0x88 ./Drivers/STM32F7xx_HAL_Driver/Src/stm32f7xx_hal_can.o
                0x0000000008002830                HAL_CAN_Start
 .text.HAL_CAN_AddTxMessage
                0x00000000080028b8      0x1b6 ./Drivers/STM32F7xx_HAL_Driver/Src/stm32f7xx_hal_can.o
                0x00000000080028b8                HAL_CAN_AddTxMessage
 .text.HAL_CAN_GetTxMailboxesFreeLevel
                0x0000000008002a6e       0x6a ./Drivers/STM32F7xx_HAL_Driver/Src/stm32f7xx_hal_can.o
                0x0000000008002a6e                HAL_CAN_GetTxMailboxesFreeLevel
 .text.HAL_CAN_GetRxMessage
                0x0000000008002ad8      0x224 ./Drivers/STM32F7xx_HAL_Driver/Src/stm32f7xx_hal_can.o
                0x0000000008002ad8                HAL_CAN_GetRxMessage
 .text.HAL_CAN_GetRxFifoFillLevel
                0x0000000008002cfc       0x50 ./Drivers/STM32F7xx_HAL_Driver/Src/stm32f7xx_hal_can.o
                0x0000000008002cfc                HAL_CAN_GetRxFifoFillLevel
 .text.HAL_CAN_ActivateNotification
                0x0000000008002d4c       0x4c ./Drivers/STM32F7xx_HAL_Driver/Src/stm32f7xx_hal_can.o
                0x0000000008002d4c                HAL_CAN_ActivateNotification
 .text.HAL_CAN_DeactivateNotification
                0x0000000008002d98       0x4e ./Drivers/STM32F7xx_HAL_Driver/Src/stm32f7xx_hal_can.o
                0x0000000008002d98                HAL_CAN_DeactivateNotification
 .text.HAL_CAN_IRQHandler
                0x0000000008002de6      0x36e ./Drivers/STM32F7xx_HAL_Driver/Src/stm32f7xx_hal_can.o
                0x0000000008002de6                HAL_CAN_IRQHandler
 .text.HAL_CAN_RxFifo0FullCallback
                0x0000000008003154       0x14 ./Drivers/STM32F7xx_HAL_Driver/Src/stm32f7xx_hal_can.o
                0x0000000008003154                HAL_CAN_RxFifo0FullCallback
 .text.HAL_CAN_RxFifo1FullCallback
                0x0000000008003168       0x14 ./Drivers/STM32F7xx_HAL_Driver/Src/stm32f7xx_hal_can.o
                0x0000000008003168                HAL_CAN_RxFifo1FullCallback
 .text.HAL_CAN_SleepCallback
                0x000000000800317c       0x14 ./Drivers/STM32F7xx_HAL_Driver/Src/stm32f7xx_hal_can.o
                0x000000000800317c                HAL_CAN_SleepCallback
 .text.HAL_CAN_WakeUpFromRxMsgCallback
                0x0000000008003190       0x14 ./Drivers/STM32F7xx_HAL_Driver/Src/stm32f7xx_hal_can.o
                0x0000000008003190                HAL_CAN_WakeUpFromRxMsgCallback
 .text.HAL_CAN_ErrorCallback
                0x00000000080031a4       0x14 ./Drivers/STM32F7xx_HAL_Driver/Src/stm32f7xx_hal_can.o
                0x00000000080031a4                HAL_CAN_ErrorCallback
 .text.__NVIC_SetPriorityGrouping
                0x00000000080031b8       0x48 ./Drivers/STM32F7xx_HAL_Driver/Src/stm32f7xx_hal_cortex.o
 .text.__NVIC_GetPriorityGrouping
                0x0000000008003200       0x1c ./Drivers/STM32F7xx_HAL_Driver/Src/stm32f7xx_hal_cortex.o
 .text.__NVIC_EnableIRQ
                0x000000000800321c       0x3c ./Drivers/STM32F7xx_HAL_Driver/Src/stm32f7xx_hal_cortex.o
 .text.__NVIC_SetPriority
                0x0000000008003258       0x54 ./Drivers/STM32F7xx_HAL_Driver/Src/stm32f7xx_hal_cortex.o
 .text.NVIC_EncodePriority
                0x00000000080032ac       0x66 ./Drivers/STM32F7xx_HAL_Driver/Src/stm32f7xx_hal_cortex.o
 .text.HAL_NVIC_SetPriorityGrouping
                0x0000000008003312       0x16 ./Drivers/STM32F7xx_HAL_Driver/Src/stm32f7xx_hal_cortex.o
                0x0000000008003312                HAL_NVIC_SetPriorityGrouping
 .text.HAL_NVIC_SetPriority
                0x0000000008003328       0x38 ./Drivers/STM32F7xx_HAL_Driver/Src/stm32f7xx_hal_cortex.o
                0x0000000008003328                HAL_NVIC_SetPriority
 .text.HAL_NVIC_EnableIRQ
                0x0000000008003360       0x1c ./Drivers/STM32F7xx_HAL_Driver/Src/stm32f7xx_hal_cortex.o
                0x0000000008003360                HAL_NVIC_EnableIRQ
 .text.HAL_DMA_Init
                0x000000000800337c      0x15c ./Drivers/STM32F7xx_HAL_Driver/Src/stm32f7xx_hal_dma.o
                0x000000000800337c                HAL_DMA_Init
 .text.HAL_DMA_Start_IT
                0x00000000080034d8       0xc0 ./Drivers/STM32F7xx_HAL_Driver/Src/stm32f7xx_hal_dma.o
                0x00000000080034d8                HAL_DMA_Start_IT
 .text.HAL_DMA_Abort_IT
                0x0000000008003598       0x44 ./Drivers/STM32F7xx_HAL_Driver/Src/stm32f7xx_hal_dma.o
                0x0000000008003598                HAL_DMA_Abort_IT
 .text.HAL_DMA_IRQHandler
                0x00000000080035dc      0x314 ./Drivers/STM32F7xx_HAL_Driver/Src/stm32f7xx_hal_dma.o
                0x00000000080035dc                HAL_DMA_IRQHandler
 .text.HAL_DMA_GetError
                0x00000000080038f0       0x18 ./Drivers/STM32F7xx_HAL_Driver/Src/stm32f7xx_hal_dma.o
                0x00000000080038f0                HAL_DMA_GetError
 .text.DMA_SetConfig
                0x0000000008003908       0x5c ./Drivers/STM32F7xx_HAL_Driver/Src/stm32f7xx_hal_dma.o
 .text.DMA_CalcBaseAndBitshift
                0x0000000008003964       0x6c ./Drivers/STM32F7xx_HAL_Driver/Src/stm32f7xx_hal_dma.o
 .text.DMA_CheckFifoParam
                0x00000000080039d0       0xf8 ./Drivers/STM32F7xx_HAL_Driver/Src/stm32f7xx_hal_dma.o
 .text.HAL_GPIO_Init
                0x0000000008003ac8      0x358 ./Drivers/STM32F7xx_HAL_Driver/Src/stm32f7xx_hal_gpio.o
                0x0000000008003ac8                HAL_GPIO_Init
 .text.HAL_GPIO_ReadPin
                0x0000000008003e20       0x30 ./Drivers/STM32F7xx_HAL_Driver/Src/stm32f7xx_hal_gpio.o
                0x0000000008003e20                HAL_GPIO_ReadPin
 .text.HAL_GPIO_WritePin
                0x0000000008003e50       0x32 ./Drivers/STM32F7xx_HAL_Driver/Src/stm32f7xx_hal_gpio.o
                0x0000000008003e50                HAL_GPIO_WritePin
 .text.HAL_GPIO_TogglePin
                0x0000000008003e82       0x34 ./Drivers/STM32F7xx_HAL_Driver/Src/stm32f7xx_hal_gpio.o
                0x0000000008003e82                HAL_GPIO_TogglePin
 *fill*         0x0000000008003eb6        0x2 
 .text.HAL_PWREx_EnableOverDrive
                0x0000000008003eb8       0xa0 ./Drivers/STM32F7xx_HAL_Driver/Src/stm32f7xx_hal_pwr_ex.o
                0x0000000008003eb8                HAL_PWREx_EnableOverDrive
 .text.HAL_RCC_OscConfig
                0x0000000008003f58      0x55c ./Drivers/STM32F7xx_HAL_Driver/Src/stm32f7xx_hal_rcc.o
                0x0000000008003f58                HAL_RCC_OscConfig
 .text.HAL_RCC_ClockConfig
                0x00000000080044b4      0x1d8 ./Drivers/STM32F7xx_HAL_Driver/Src/stm32f7xx_hal_rcc.o
                0x00000000080044b4                HAL_RCC_ClockConfig
 .text.HAL_RCC_GetSysClockFreq
                0x000000000800468c      0x1c4 ./Drivers/STM32F7xx_HAL_Driver/Src/stm32f7xx_hal_rcc.o
                0x000000000800468c                HAL_RCC_GetSysClockFreq
 .text.HAL_RCC_GetHCLKFreq
                0x0000000008004850       0x18 ./Drivers/STM32F7xx_HAL_Driver/Src/stm32f7xx_hal_rcc.o
                0x0000000008004850                HAL_RCC_GetHCLKFreq
 .text.HAL_RCC_GetPCLK1Freq
                0x0000000008004868       0x28 ./Drivers/STM32F7xx_HAL_Driver/Src/stm32f7xx_hal_rcc.o
                0x0000000008004868                HAL_RCC_GetPCLK1Freq
 .text.HAL_RCC_GetClockConfig
                0x0000000008004890       0x64 ./Drivers/STM32F7xx_HAL_Driver/Src/stm32f7xx_hal_rcc.o
                0x0000000008004890                HAL_RCC_GetClockConfig
 .text.HAL_RCCEx_PeriphCLKConfig
                0x00000000080048f4      0x850 ./Drivers/STM32F7xx_HAL_Driver/Src/stm32f7xx_hal_rcc_ex.o
                0x00000000080048f4                HAL_RCCEx_PeriphCLKConfig
 .text.HAL_RTC_Init
                0x0000000008005144      0x124 ./Drivers/STM32F7xx_HAL_Driver/Src/stm32f7xx_hal_rtc.o
                0x0000000008005144                HAL_RTC_Init
 .text.HAL_RTC_SetTime
                0x0000000008005268      0x17c ./Drivers/STM32F7xx_HAL_Driver/Src/stm32f7xx_hal_rtc.o
                0x0000000008005268                HAL_RTC_SetTime
 .text.HAL_RTC_GetTime
                0x00000000080053e4       0xbc ./Drivers/STM32F7xx_HAL_Driver/Src/stm32f7xx_hal_rtc.o
                0x00000000080053e4                HAL_RTC_GetTime
 .text.HAL_RTC_SetDate
                0x00000000080054a0      0x150 ./Drivers/STM32F7xx_HAL_Driver/Src/stm32f7xx_hal_rtc.o
                0x00000000080054a0                HAL_RTC_SetDate
 .text.HAL_RTC_GetDate
                0x00000000080055f0       0xa0 ./Drivers/STM32F7xx_HAL_Driver/Src/stm32f7xx_hal_rtc.o
                0x00000000080055f0                HAL_RTC_GetDate
 .text.HAL_RTC_WaitForSynchro
                0x0000000008005690       0x50 ./Drivers/STM32F7xx_HAL_Driver/Src/stm32f7xx_hal_rtc.o
                0x0000000008005690                HAL_RTC_WaitForSynchro
 .text.RTC_EnterInitMode
                0x00000000080056e0       0x58 ./Drivers/STM32F7xx_HAL_Driver/Src/stm32f7xx_hal_rtc.o
                0x00000000080056e0                RTC_EnterInitMode
 .text.RTC_ByteToBcd2
                0x0000000008005738       0x3c ./Drivers/STM32F7xx_HAL_Driver/Src/stm32f7xx_hal_rtc.o
                0x0000000008005738                RTC_ByteToBcd2
 .text.RTC_Bcd2ToByte
                0x0000000008005774       0x3c ./Drivers/STM32F7xx_HAL_Driver/Src/stm32f7xx_hal_rtc.o
                0x0000000008005774                RTC_Bcd2ToByte
 .text.HAL_SD_Init
                0x00000000080057b0       0x60 ./Drivers/STM32F7xx_HAL_Driver/Src/stm32f7xx_hal_sd.o
                0x00000000080057b0                HAL_SD_Init
 .text.HAL_SD_InitCard
                0x0000000008005810      0x110 ./Drivers/STM32F7xx_HAL_Driver/Src/stm32f7xx_hal_sd.o
                0x0000000008005810                HAL_SD_InitCard
 .text.HAL_SD_ReadBlocks_DMA
                0x0000000008005920      0x1c4 ./Drivers/STM32F7xx_HAL_Driver/Src/stm32f7xx_hal_sd.o
                0x0000000008005920                HAL_SD_ReadBlocks_DMA
 .text.HAL_SD_WriteBlocks_DMA
                0x0000000008005ae4      0x1cc ./Drivers/STM32F7xx_HAL_Driver/Src/stm32f7xx_hal_sd.o
                0x0000000008005ae4                HAL_SD_WriteBlocks_DMA
 .text.HAL_SD_IRQHandler
                0x0000000008005cb0      0x2ec ./Drivers/STM32F7xx_HAL_Driver/Src/stm32f7xx_hal_sd.o
                0x0000000008005cb0                HAL_SD_IRQHandler
 .text.HAL_SD_ErrorCallback
                0x0000000008005f9c       0x14 ./Drivers/STM32F7xx_HAL_Driver/Src/stm32f7xx_hal_sd.o
                0x0000000008005f9c                HAL_SD_ErrorCallback
 .text.HAL_SD_GetCardCSD
                0x0000000008005fb0      0x348 ./Drivers/STM32F7xx_HAL_Driver/Src/stm32f7xx_hal_sd.o
                0x0000000008005fb0                HAL_SD_GetCardCSD
 .text.HAL_SD_GetCardInfo
                0x00000000080062f8       0x58 ./Drivers/STM32F7xx_HAL_Driver/Src/stm32f7xx_hal_sd.o
                0x00000000080062f8                HAL_SD_GetCardInfo
 .text.HAL_SD_ConfigWideBusOperation
                0x0000000008006350      0x134 ./Drivers/STM32F7xx_HAL_Driver/Src/stm32f7xx_hal_sd.o
                0x0000000008006350                HAL_SD_ConfigWideBusOperation
 .text.HAL_SD_GetCardState
                0x0000000008006484       0x40 ./Drivers/STM32F7xx_HAL_Driver/Src/stm32f7xx_hal_sd.o
                0x0000000008006484                HAL_SD_GetCardState
 .text.SD_DMATransmitCplt
                0x00000000080064c4       0x2a ./Drivers/STM32F7xx_HAL_Driver/Src/stm32f7xx_hal_sd.o
 .text.SD_DMAReceiveCplt
                0x00000000080064ee       0x70 ./Drivers/STM32F7xx_HAL_Driver/Src/stm32f7xx_hal_sd.o
 *fill*         0x000000000800655e        0x2 
 .text.SD_DMAError
                0x0000000008006560       0xa4 ./Drivers/STM32F7xx_HAL_Driver/Src/stm32f7xx_hal_sd.o
 .text.SD_DMATxAbort
                0x0000000008006604       0x6e ./Drivers/STM32F7xx_HAL_Driver/Src/stm32f7xx_hal_sd.o
 .text.SD_DMARxAbort
                0x0000000008006672       0x6e ./Drivers/STM32F7xx_HAL_Driver/Src/stm32f7xx_hal_sd.o
 .text.SD_InitCard
                0x00000000080066e0      0x198 ./Drivers/STM32F7xx_HAL_Driver/Src/stm32f7xx_hal_sd.o
 .text.SD_PowerON
                0x0000000008006878      0x11c ./Drivers/STM32F7xx_HAL_Driver/Src/stm32f7xx_hal_sd.o
 .text.SD_SendStatus
                0x0000000008006994       0x50 ./Drivers/STM32F7xx_HAL_Driver/Src/stm32f7xx_hal_sd.o
 .text.SD_WideBus_Enable
                0x00000000080069e4       0x96 ./Drivers/STM32F7xx_HAL_Driver/Src/stm32f7xx_hal_sd.o
 .text.SD_WideBus_Disable
                0x0000000008006a7a       0x96 ./Drivers/STM32F7xx_HAL_Driver/Src/stm32f7xx_hal_sd.o
 .text.SD_FindSCR
                0x0000000008006b10      0x1a6 ./Drivers/STM32F7xx_HAL_Driver/Src/stm32f7xx_hal_sd.o
 .text.SD_Read_IT
                0x0000000008006cb6       0xa2 ./Drivers/STM32F7xx_HAL_Driver/Src/stm32f7xx_hal_sd.o
 .text.SD_Write_IT
                0x0000000008006d58       0xaa ./Drivers/STM32F7xx_HAL_Driver/Src/stm32f7xx_hal_sd.o
 .text.HAL_TIM_Base_Init
                0x0000000008006e02       0xae ./Drivers/STM32F7xx_HAL_Driver/Src/stm32f7xx_hal_tim.o
                0x0000000008006e02                HAL_TIM_Base_Init
 .text.HAL_TIM_Base_MspInit
                0x0000000008006eb0       0x14 ./Drivers/STM32F7xx_HAL_Driver/Src/stm32f7xx_hal_tim.o
                0x0000000008006eb0                HAL_TIM_Base_MspInit
 .text.HAL_TIM_Base_Start_IT
                0x0000000008006ec4       0xf0 ./Drivers/STM32F7xx_HAL_Driver/Src/stm32f7xx_hal_tim.o
                0x0000000008006ec4                HAL_TIM_Base_Start_IT
 .text.HAL_TIM_IRQHandler
                0x0000000008006fb4      0x23e ./Drivers/STM32F7xx_HAL_Driver/Src/stm32f7xx_hal_tim.o
                0x0000000008006fb4                HAL_TIM_IRQHandler
 .text.HAL_TIM_OC_DelayElapsedCallback
                0x00000000080071f2       0x14 ./Drivers/STM32F7xx_HAL_Driver/Src/stm32f7xx_hal_tim.o
                0x00000000080071f2                HAL_TIM_OC_DelayElapsedCallback
 .text.HAL_TIM_IC_CaptureCallback
                0x0000000008007206       0x14 ./Drivers/STM32F7xx_HAL_Driver/Src/stm32f7xx_hal_tim.o
                0x0000000008007206                HAL_TIM_IC_CaptureCallback
 .text.HAL_TIM_PWM_PulseFinishedCallback
                0x000000000800721a       0x14 ./Drivers/STM32F7xx_HAL_Driver/Src/stm32f7xx_hal_tim.o
                0x000000000800721a                HAL_TIM_PWM_PulseFinishedCallback
 .text.HAL_TIM_TriggerCallback
                0x000000000800722e       0x14 ./Drivers/STM32F7xx_HAL_Driver/Src/stm32f7xx_hal_tim.o
                0x000000000800722e                HAL_TIM_TriggerCallback
 *fill*         0x0000000008007242        0x2 
 .text.TIM_Base_SetConfig
                0x0000000008007244      0x140 ./Drivers/STM32F7xx_HAL_Driver/Src/stm32f7xx_hal_tim.o
                0x0000000008007244                TIM_Base_SetConfig
 .text.HAL_TIMEx_CommutCallback
                0x0000000008007384       0x14 ./Drivers/STM32F7xx_HAL_Driver/Src/stm32f7xx_hal_tim_ex.o
                0x0000000008007384                HAL_TIMEx_CommutCallback
 .text.HAL_TIMEx_BreakCallback
                0x0000000008007398       0x14 ./Drivers/STM32F7xx_HAL_Driver/Src/stm32f7xx_hal_tim_ex.o
                0x0000000008007398                HAL_TIMEx_BreakCallback
 .text.HAL_TIMEx_Break2Callback
                0x00000000080073ac       0x14 ./Drivers/STM32F7xx_HAL_Driver/Src/stm32f7xx_hal_tim_ex.o
                0x00000000080073ac                HAL_TIMEx_Break2Callback
 .text.SDMMC_Init
                0x00000000080073c0       0x58 ./Drivers/STM32F7xx_HAL_Driver/Src/stm32f7xx_ll_sdmmc.o
                0x00000000080073c0                SDMMC_Init
 .text.SDMMC_ReadFIFO
                0x0000000008007418       0x1a ./Drivers/STM32F7xx_HAL_Driver/Src/stm32f7xx_ll_sdmmc.o
                0x0000000008007418                SDMMC_ReadFIFO
 .text.SDMMC_WriteFIFO
                0x0000000008007432       0x22 ./Drivers/STM32F7xx_HAL_Driver/Src/stm32f7xx_ll_sdmmc.o
                0x0000000008007432                SDMMC_WriteFIFO
 .text.SDMMC_PowerState_ON
                0x0000000008007454       0x1c ./Drivers/STM32F7xx_HAL_Driver/Src/stm32f7xx_ll_sdmmc.o
                0x0000000008007454                SDMMC_PowerState_ON
 .text.SDMMC_GetPowerState
                0x0000000008007470       0x1c ./Drivers/STM32F7xx_HAL_Driver/Src/stm32f7xx_ll_sdmmc.o
                0x0000000008007470                SDMMC_GetPowerState
 .text.SDMMC_SendCommand
                0x000000000800748c       0x54 ./Drivers/STM32F7xx_HAL_Driver/Src/stm32f7xx_ll_sdmmc.o
                0x000000000800748c                SDMMC_SendCommand
 .text.SDMMC_GetCommandResponse
                0x00000000080074e0       0x1a ./Drivers/STM32F7xx_HAL_Driver/Src/stm32f7xx_ll_sdmmc.o
                0x00000000080074e0                SDMMC_GetCommandResponse
 .text.SDMMC_GetResponse
                0x00000000080074fa       0x26 ./Drivers/STM32F7xx_HAL_Driver/Src/stm32f7xx_ll_sdmmc.o
                0x00000000080074fa                SDMMC_GetResponse
 .text.SDMMC_ConfigData
                0x0000000008007520       0x58 ./Drivers/STM32F7xx_HAL_Driver/Src/stm32f7xx_ll_sdmmc.o
                0x0000000008007520                SDMMC_ConfigData
 .text.SDMMC_CmdBlockLength
                0x0000000008007578       0x44 ./Drivers/STM32F7xx_HAL_Driver/Src/stm32f7xx_ll_sdmmc.o
                0x0000000008007578                SDMMC_CmdBlockLength
 .text.SDMMC_CmdReadSingleBlock
                0x00000000080075bc       0x44 ./Drivers/STM32F7xx_HAL_Driver/Src/stm32f7xx_ll_sdmmc.o
                0x00000000080075bc                SDMMC_CmdReadSingleBlock
 .text.SDMMC_CmdReadMultiBlock
                0x0000000008007600       0x44 ./Drivers/STM32F7xx_HAL_Driver/Src/stm32f7xx_ll_sdmmc.o
                0x0000000008007600                SDMMC_CmdReadMultiBlock
 .text.SDMMC_CmdWriteSingleBlock
                0x0000000008007644       0x44 ./Drivers/STM32F7xx_HAL_Driver/Src/stm32f7xx_ll_sdmmc.o
                0x0000000008007644                SDMMC_CmdWriteSingleBlock
 .text.SDMMC_CmdWriteMultiBlock
                0x0000000008007688       0x44 ./Drivers/STM32F7xx_HAL_Driver/Src/stm32f7xx_ll_sdmmc.o
                0x0000000008007688                SDMMC_CmdWriteMultiBlock
 .text.SDMMC_CmdStopTransfer
                0x00000000080076cc       0x44 ./Drivers/STM32F7xx_HAL_Driver/Src/stm32f7xx_ll_sdmmc.o
                0x00000000080076cc                SDMMC_CmdStopTransfer
 .text.SDMMC_CmdSelDesel
                0x0000000008007710       0x46 ./Drivers/STM32F7xx_HAL_Driver/Src/stm32f7xx_ll_sdmmc.o
                0x0000000008007710                SDMMC_CmdSelDesel
 .text.SDMMC_CmdGoIdleState
                0x0000000008007756       0x3c ./Drivers/STM32F7xx_HAL_Driver/Src/stm32f7xx_ll_sdmmc.o
                0x0000000008007756                SDMMC_CmdGoIdleState
 .text.SDMMC_CmdOperCond
                0x0000000008007792       0x3e ./Drivers/STM32F7xx_HAL_Driver/Src/stm32f7xx_ll_sdmmc.o
                0x0000000008007792                SDMMC_CmdOperCond
 .text.SDMMC_CmdAppCommand
                0x00000000080077d0       0x44 ./Drivers/STM32F7xx_HAL_Driver/Src/stm32f7xx_ll_sdmmc.o
                0x00000000080077d0                SDMMC_CmdAppCommand
 .text.SDMMC_CmdAppOperCommand
                0x0000000008007814       0x48 ./Drivers/STM32F7xx_HAL_Driver/Src/stm32f7xx_ll_sdmmc.o
                0x0000000008007814                SDMMC_CmdAppOperCommand
 .text.SDMMC_CmdBusWidth
                0x000000000800785c       0x44 ./Drivers/STM32F7xx_HAL_Driver/Src/stm32f7xx_ll_sdmmc.o
                0x000000000800785c                SDMMC_CmdBusWidth
 .text.SDMMC_CmdSendSCR
                0x00000000080078a0       0x42 ./Drivers/STM32F7xx_HAL_Driver/Src/stm32f7xx_ll_sdmmc.o
                0x00000000080078a0                SDMMC_CmdSendSCR
 .text.SDMMC_CmdSendCID
                0x00000000080078e2       0x3c ./Drivers/STM32F7xx_HAL_Driver/Src/stm32f7xx_ll_sdmmc.o
                0x00000000080078e2                SDMMC_CmdSendCID
 .text.SDMMC_CmdSendCSD
                0x000000000800791e       0x3e ./Drivers/STM32F7xx_HAL_Driver/Src/stm32f7xx_ll_sdmmc.o
                0x000000000800791e                SDMMC_CmdSendCSD
 .text.SDMMC_CmdSetRelAdd
                0x000000000800795c       0x42 ./Drivers/STM32F7xx_HAL_Driver/Src/stm32f7xx_ll_sdmmc.o
                0x000000000800795c                SDMMC_CmdSetRelAdd
 .text.SDMMC_CmdSendStatus
                0x000000000800799e       0x44 ./Drivers/STM32F7xx_HAL_Driver/Src/stm32f7xx_ll_sdmmc.o
                0x000000000800799e                SDMMC_CmdSendStatus
 *fill*         0x00000000080079e2        0x2 
 .text.SDMMC_GetCmdResp1
                0x00000000080079e4      0x1dc ./Drivers/STM32F7xx_HAL_Driver/Src/stm32f7xx_ll_sdmmc.o
                0x00000000080079e4                SDMMC_GetCmdResp1
 .text.SDMMC_GetCmdResp2
                0x0000000008007bc0       0x90 ./Drivers/STM32F7xx_HAL_Driver/Src/stm32f7xx_ll_sdmmc.o
                0x0000000008007bc0                SDMMC_GetCmdResp2
 .text.SDMMC_GetCmdResp3
                0x0000000008007c50       0x7c ./Drivers/STM32F7xx_HAL_Driver/Src/stm32f7xx_ll_sdmmc.o
                0x0000000008007c50                SDMMC_GetCmdResp3
 .text.SDMMC_GetCmdResp6
                0x0000000008007ccc       0xec ./Drivers/STM32F7xx_HAL_Driver/Src/stm32f7xx_ll_sdmmc.o
                0x0000000008007ccc                SDMMC_GetCmdResp6
 .text.SDMMC_GetCmdResp7
                0x0000000008007db8       0x9c ./Drivers/STM32F7xx_HAL_Driver/Src/stm32f7xx_ll_sdmmc.o
                0x0000000008007db8                SDMMC_GetCmdResp7
 .text.SDMMC_GetCmdError
                0x0000000008007e54       0x58 ./Drivers/STM32F7xx_HAL_Driver/Src/stm32f7xx_ll_sdmmc.o
 .text.MX_FATFS_Init
                0x0000000008007eac       0x24 ./FATFS/App/fatfs.o
                0x0000000008007eac                MX_FATFS_Init
 .text.get_fattime
                0x0000000008007ed0       0x10 ./FATFS/App/fatfs.o
                0x0000000008007ed0                get_fattime
 .text.BSP_SD_Init
                0x0000000008007ee0       0x4c ./FATFS/Target/bsp_driver_sd.o
                0x0000000008007ee0                BSP_SD_Init
 .text.BSP_SD_ReadBlocks_DMA
                0x0000000008007f2c       0x34 ./FATFS/Target/bsp_driver_sd.o
                0x0000000008007f2c                BSP_SD_ReadBlocks_DMA
 .text.BSP_SD_WriteBlocks_DMA
                0x0000000008007f60       0x34 ./FATFS/Target/bsp_driver_sd.o
                0x0000000008007f60                BSP_SD_WriteBlocks_DMA
 .text.BSP_SD_GetCardState
                0x0000000008007f94       0x20 ./FATFS/Target/bsp_driver_sd.o
                0x0000000008007f94                BSP_SD_GetCardState
 .text.BSP_SD_GetCardInfo
                0x0000000008007fb4       0x1c ./FATFS/Target/bsp_driver_sd.o
                0x0000000008007fb4                BSP_SD_GetCardInfo
 .text.HAL_SD_AbortCallback
                0x0000000008007fd0       0x14 ./FATFS/Target/bsp_driver_sd.o
                0x0000000008007fd0                HAL_SD_AbortCallback
 .text.HAL_SD_TxCpltCallback
                0x0000000008007fe4       0x14 ./FATFS/Target/bsp_driver_sd.o
                0x0000000008007fe4                HAL_SD_TxCpltCallback
 .text.HAL_SD_RxCpltCallback
                0x0000000008007ff8       0x14 ./FATFS/Target/bsp_driver_sd.o
                0x0000000008007ff8                HAL_SD_RxCpltCallback
 .text.BSP_SD_AbortCallback
                0x000000000800800c        0xe ./FATFS/Target/bsp_driver_sd.o
                0x000000000800800c                BSP_SD_AbortCallback
 .text.BSP_SD_IsDetected
                0x000000000800801a       0x1a ./FATFS/Target/bsp_driver_sd.o
                0x000000000800801a                BSP_SD_IsDetected
 .text.SD_CheckStatusWithTimeout
                0x0000000008008034       0x3a ./FATFS/Target/sd_diskio.o
 *fill*         0x000000000800806e        0x2 
 .text.SD_CheckStatus
                0x0000000008008070       0x3c ./FATFS/Target/sd_diskio.o
 .text.SD_initialize
                0x00000000080080ac       0x98 ./FATFS/Target/sd_diskio.o
                0x00000000080080ac                SD_initialize
 .text.SD_status
                0x0000000008008144       0x1c ./FATFS/Target/sd_diskio.o
                0x0000000008008144                SD_status
 .text.SD_read  0x0000000008008160       0x9c ./FATFS/Target/sd_diskio.o
                0x0000000008008160                SD_read
 .text.SD_write
                0x00000000080081fc       0x94 ./FATFS/Target/sd_diskio.o
                0x00000000080081fc                SD_write
 .text.SD_ioctl
                0x0000000008008290       0xb0 ./FATFS/Target/sd_diskio.o
                0x0000000008008290                SD_ioctl
 .text.BSP_SD_WriteCpltCallback
                0x0000000008008340       0x1c ./FATFS/Target/sd_diskio.o
                0x0000000008008340                BSP_SD_WriteCpltCallback
 .text.BSP_SD_ReadCpltCallback
                0x000000000800835c       0x1c ./FATFS/Target/sd_diskio.o
                0x000000000800835c                BSP_SD_ReadCpltCallback
 .text.disk_status
                0x0000000008008378       0x34 ./Middlewares/Third_Party/FatFs/src/diskio.o
                0x0000000008008378                disk_status
 .text.disk_initialize
                0x00000000080083ac       0x4c ./Middlewares/Third_Party/FatFs/src/diskio.o
                0x00000000080083ac                disk_initialize
 .text.disk_read
                0x00000000080083f8       0x40 ./Middlewares/Third_Party/FatFs/src/diskio.o
                0x00000000080083f8                disk_read
 .text.disk_write
                0x0000000008008438       0x40 ./Middlewares/Third_Party/FatFs/src/diskio.o
                0x0000000008008438                disk_write
 .text.disk_ioctl
                0x0000000008008478       0x3c ./Middlewares/Third_Party/FatFs/src/diskio.o
                0x0000000008008478                disk_ioctl
 .text.ld_word  0x00000000080084b4       0x30 ./Middlewares/Third_Party/FatFs/src/ff.o
 .text.ld_dword
                0x00000000080084e4       0x46 ./Middlewares/Third_Party/FatFs/src/ff.o
 .text.st_word  0x000000000800852a       0x36 ./Middlewares/Third_Party/FatFs/src/ff.o
 .text.st_dword
                0x0000000008008560       0x58 ./Middlewares/Third_Party/FatFs/src/ff.o
 .text.mem_cpy  0x00000000080085b8       0x42 ./Middlewares/Third_Party/FatFs/src/ff.o
 .text.mem_set  0x00000000080085fa       0x36 ./Middlewares/Third_Party/FatFs/src/ff.o
 .text.mem_cmp  0x0000000008008630       0x4e ./Middlewares/Third_Party/FatFs/src/ff.o
 .text.chk_chr  0x000000000800867e       0x36 ./Middlewares/Third_Party/FatFs/src/ff.o
 .text.lock_fs  0x00000000080086b4       0x2c ./Middlewares/Third_Party/FatFs/src/ff.o
 .text.unlock_fs
                0x00000000080086e0       0x36 ./Middlewares/Third_Party/FatFs/src/ff.o
 *fill*         0x0000000008008716        0x2 
 .text.chk_lock
                0x0000000008008718       0xb8 ./Middlewares/Third_Party/FatFs/src/ff.o
 .text.enq_lock
                0x00000000080087d0       0x44 ./Middlewares/Third_Party/FatFs/src/ff.o
 .text.inc_lock
                0x0000000008008814      0x11c ./Middlewares/Third_Party/FatFs/src/ff.o
 .text.dec_lock
                0x0000000008008930       0x78 ./Middlewares/Third_Party/FatFs/src/ff.o
 .text.clear_lock
                0x00000000080089a8       0x48 ./Middlewares/Third_Party/FatFs/src/ff.o
 .text.sync_window
                0x00000000080089f0       0x88 ./Middlewares/Third_Party/FatFs/src/ff.o
 .text.move_window
                0x0000000008008a78       0x5a ./Middlewares/Third_Party/FatFs/src/ff.o
 *fill*         0x0000000008008ad2        0x2 
 .text.sync_fs  0x0000000008008ad4       0xe0 ./Middlewares/Third_Party/FatFs/src/ff.o
 .text.clust2sect
                0x0000000008008bb4       0x3e ./Middlewares/Third_Party/FatFs/src/ff.o
 .text.get_fat  0x0000000008008bf2      0x1a8 ./Middlewares/Third_Party/FatFs/src/ff.o
 .text.put_fat  0x0000000008008d9a      0x238 ./Middlewares/Third_Party/FatFs/src/ff.o
 .text.remove_chain
                0x0000000008008fd2       0xca ./Middlewares/Third_Party/FatFs/src/ff.o
 .text.create_chain
                0x000000000800909c      0x130 ./Middlewares/Third_Party/FatFs/src/ff.o
 .text.clmt_clust
                0x00000000080091cc       0x70 ./Middlewares/Third_Party/FatFs/src/ff.o
 .text.dir_sdi  0x000000000800923c      0x112 ./Middlewares/Third_Party/FatFs/src/ff.o
 .text.dir_next
                0x000000000800934e      0x1ac ./Middlewares/Third_Party/FatFs/src/ff.o
 .text.dir_alloc
                0x00000000080094fa       0x8e ./Middlewares/Third_Party/FatFs/src/ff.o
 .text.ld_clust
                0x0000000008009588       0x3e ./Middlewares/Third_Party/FatFs/src/ff.o
 .text.st_clust
                0x00000000080095c6       0x40 ./Middlewares/Third_Party/FatFs/src/ff.o
 *fill*         0x0000000008009606        0x2 
 .text.cmp_lfn  0x0000000008009608       0xe0 ./Middlewares/Third_Party/FatFs/src/ff.o
 .text.put_lfn  0x00000000080096e8       0xd0 ./Middlewares/Third_Party/FatFs/src/ff.o
 .text.gen_numname
                0x00000000080097b8      0x120 ./Middlewares/Third_Party/FatFs/src/ff.o
 .text.sum_sfn  0x00000000080098d8       0x42 ./Middlewares/Third_Party/FatFs/src/ff.o
 .text.dir_find
                0x000000000800991a      0x180 ./Middlewares/Third_Party/FatFs/src/ff.o
 *fill*         0x0000000008009a9a        0x2 
 .text.dir_register
                0x0000000008009a9c      0x1f0 ./Middlewares/Third_Party/FatFs/src/ff.o
 .text.create_name
                0x0000000008009c8c      0x370 ./Middlewares/Third_Party/FatFs/src/ff.o
 .text.follow_path
                0x0000000008009ffc       0xec ./Middlewares/Third_Party/FatFs/src/ff.o
 .text.get_ldnumber
                0x000000000800a0e8       0x88 ./Middlewares/Third_Party/FatFs/src/ff.o
 .text.check_fs
                0x000000000800a170       0xac ./Middlewares/Third_Party/FatFs/src/ff.o
 .text.find_volume
                0x000000000800a21c      0x514 ./Middlewares/Third_Party/FatFs/src/ff.o
 .text.validate
                0x000000000800a730       0x8e ./Middlewares/Third_Party/FatFs/src/ff.o
 *fill*         0x000000000800a7be        0x2 
 .text.f_mount  0x000000000800a7c0       0xc8 ./Middlewares/Third_Party/FatFs/src/ff.o
                0x000000000800a7c0                f_mount
 .text.f_open   0x000000000800a888      0x4c6 ./Middlewares/Third_Party/FatFs/src/ff.o
                0x000000000800a888                f_open
 .text.f_write  0x000000000800ad4e      0x386 ./Middlewares/Third_Party/FatFs/src/ff.o
                0x000000000800ad4e                f_write
 .text.f_sync   0x000000000800b0d4      0x112 ./Middlewares/Third_Party/FatFs/src/ff.o
                0x000000000800b0d4                f_sync
 .text.f_close  0x000000000800b1e6       0x5e ./Middlewares/Third_Party/FatFs/src/ff.o
                0x000000000800b1e6                f_close
 .text.putc_bfd
                0x000000000800b244       0x7a ./Middlewares/Third_Party/FatFs/src/ff.o
 .text.putc_flush
                0x000000000800b2be       0x4a ./Middlewares/Third_Party/FatFs/src/ff.o
 .text.putc_init
                0x000000000800b308       0x2a ./Middlewares/Third_Party/FatFs/src/ff.o
 *fill*         0x000000000800b332        0x2 
 .text.f_printf
                0x000000000800b334      0x440 ./Middlewares/Third_Party/FatFs/src/ff.o
                0x000000000800b334                f_printf
 .text.FATFS_LinkDriverEx
                0x000000000800b774       0x98 ./Middlewares/Third_Party/FatFs/src/ff_gen_drv.o
                0x000000000800b774                FATFS_LinkDriverEx
 .text.FATFS_LinkDriver
                0x000000000800b80c       0x1e ./Middlewares/Third_Party/FatFs/src/ff_gen_drv.o
                0x000000000800b80c                FATFS_LinkDriver
 *fill*         0x000000000800b82a        0x2 
 .text.ff_convert
                0x000000000800b82c       0x78 ./Middlewares/Third_Party/FatFs/src/option/ccsbcs.o
                0x000000000800b82c                ff_convert
 .text.ff_wtoupper
                0x000000000800b8a4      0x114 ./Middlewares/Third_Party/FatFs/src/option/ccsbcs.o
                0x000000000800b8a4                ff_wtoupper
 .text.ff_cre_syncobj
                0x000000000800b9b8       0x40 ./Middlewares/Third_Party/FatFs/src/option/syscall.o
                0x000000000800b9b8                ff_cre_syncobj
 .text.ff_del_syncobj
                0x000000000800b9f8       0x18 ./Middlewares/Third_Party/FatFs/src/option/syscall.o
                0x000000000800b9f8                ff_del_syncobj
 .text.ff_req_grant
                0x000000000800ba10       0x2a ./Middlewares/Third_Party/FatFs/src/option/syscall.o
                0x000000000800ba10                ff_req_grant
 .text.ff_rel_grant
                0x000000000800ba3a       0x16 ./Middlewares/Third_Party/FatFs/src/option/syscall.o
                0x000000000800ba3a                ff_rel_grant
 .text.makeFreeRtosPriority
                0x000000000800ba50       0x30 ./Middlewares/Third_Party/FreeRTOS/Source/CMSIS_RTOS/cmsis_os.o
 .text.inHandlerMode
                0x000000000800ba80       0x24 ./Middlewares/Third_Party/FreeRTOS/Source/CMSIS_RTOS/cmsis_os.o
 .text.osKernelStart
                0x000000000800baa4        0xe ./Middlewares/Third_Party/FreeRTOS/Source/CMSIS_RTOS/cmsis_os.o
                0x000000000800baa4                osKernelStart
 .text.osKernelRunning
                0x000000000800bab2       0x18 ./Middlewares/Third_Party/FreeRTOS/Source/CMSIS_RTOS/cmsis_os.o
                0x000000000800bab2                osKernelRunning
 .text.osKernelSysTick
                0x000000000800baca       0x20 ./Middlewares/Third_Party/FreeRTOS/Source/CMSIS_RTOS/cmsis_os.o
                0x000000000800baca                osKernelSysTick
 .text.osThreadCreate
                0x000000000800baea       0x98 ./Middlewares/Third_Party/FreeRTOS/Source/CMSIS_RTOS/cmsis_os.o
                0x000000000800baea                osThreadCreate
 .text.osDelay  0x000000000800bb82       0x28 ./Middlewares/Third_Party/FreeRTOS/Source/CMSIS_RTOS/cmsis_os.o
                0x000000000800bb82                osDelay
 .text.osSemaphoreCreate
                0x000000000800bbaa       0x64 ./Middlewares/Third_Party/FreeRTOS/Source/CMSIS_RTOS/cmsis_os.o
                0x000000000800bbaa                osSemaphoreCreate
 *fill*         0x000000000800bc0e        0x2 
 .text.osSemaphoreWait
                0x000000000800bc10       0x9c ./Middlewares/Third_Party/FreeRTOS/Source/CMSIS_RTOS/cmsis_os.o
                0x000000000800bc10                osSemaphoreWait
 .text.osSemaphoreRelease
                0x000000000800bcac       0x6c ./Middlewares/Third_Party/FreeRTOS/Source/CMSIS_RTOS/cmsis_os.o
                0x000000000800bcac                osSemaphoreRelease
 .text.osSemaphoreDelete
                0x000000000800bd18       0x26 ./Middlewares/Third_Party/FreeRTOS/Source/CMSIS_RTOS/cmsis_os.o
                0x000000000800bd18                osSemaphoreDelete
 .text.osMessageCreate
                0x000000000800bd3e       0x50 ./Middlewares/Third_Party/FreeRTOS/Source/CMSIS_RTOS/cmsis_os.o
                0x000000000800bd3e                osMessageCreate
 *fill*         0x000000000800bd8e        0x2 
 .text.osMessagePut
                0x000000000800bd90       0x80 ./Middlewares/Third_Party/FreeRTOS/Source/CMSIS_RTOS/cmsis_os.o
                0x000000000800bd90                osMessagePut
 .text.osMessageGet
                0x000000000800be10       0xe8 ./Middlewares/Third_Party/FreeRTOS/Source/CMSIS_RTOS/cmsis_os.o
                0x000000000800be10                osMessageGet
 .text.vListInitialise
                0x000000000800bef8       0x40 ./Middlewares/Third_Party/FreeRTOS/Source/list.o
                0x000000000800bef8                vListInitialise
 .text.vListInitialiseItem
                0x000000000800bf38       0x1a ./Middlewares/Third_Party/FreeRTOS/Source/list.o
                0x000000000800bf38                vListInitialiseItem
 .text.vListInsertEnd
                0x000000000800bf52       0x48 ./Middlewares/Third_Party/FreeRTOS/Source/list.o
                0x000000000800bf52                vListInsertEnd
 .text.vListInsert
                0x000000000800bf9a       0x72 ./Middlewares/Third_Party/FreeRTOS/Source/list.o
                0x000000000800bf9a                vListInsert
 .text.uxListRemove
                0x000000000800c00c       0x54 ./Middlewares/Third_Party/FreeRTOS/Source/list.o
                0x000000000800c00c                uxListRemove
 .text.xQueueGenericReset
                0x000000000800c060       0xd4 ./Middlewares/Third_Party/FreeRTOS/Source/queue.o
                0x000000000800c060                xQueueGenericReset
 .text.xQueueGenericCreateStatic
                0x000000000800c134      0x104 ./Middlewares/Third_Party/FreeRTOS/Source/queue.o
                0x000000000800c134                xQueueGenericCreateStatic
 .text.xQueueGenericCreate
                0x000000000800c238       0x84 ./Middlewares/Third_Party/FreeRTOS/Source/queue.o
                0x000000000800c238                xQueueGenericCreate
 .text.prvInitialiseNewQueue
                0x000000000800c2bc       0x3e ./Middlewares/Third_Party/FreeRTOS/Source/queue.o
 *fill*         0x000000000800c2fa        0x2 
 .text.xQueueGenericSend
                0x000000000800c2fc      0x20c ./Middlewares/Third_Party/FreeRTOS/Source/queue.o
                0x000000000800c2fc                xQueueGenericSend
 .text.xQueueGenericSendFromISR
                0x000000000800c508      0x140 ./Middlewares/Third_Party/FreeRTOS/Source/queue.o
                0x000000000800c508                xQueueGenericSendFromISR
 .text.xQueueGiveFromISR
                0x000000000800c648      0x12a ./Middlewares/Third_Party/FreeRTOS/Source/queue.o
                0x000000000800c648                xQueueGiveFromISR
 *fill*         0x000000000800c772        0x2 
 .text.xQueueReceive
                0x000000000800c774      0x1cc ./Middlewares/Third_Party/FreeRTOS/Source/queue.o
                0x000000000800c774                xQueueReceive
 .text.xQueueSemaphoreTake
                0x000000000800c940      0x228 ./Middlewares/Third_Party/FreeRTOS/Source/queue.o
                0x000000000800c940                xQueueSemaphoreTake
 .text.xQueueReceiveFromISR
                0x000000000800cb68      0x10c ./Middlewares/Third_Party/FreeRTOS/Source/queue.o
                0x000000000800cb68                xQueueReceiveFromISR
 .text.vQueueDelete
                0x000000000800cc74       0x4a ./Middlewares/Third_Party/FreeRTOS/Source/queue.o
                0x000000000800cc74                vQueueDelete
 .text.prvGetDisinheritPriorityAfterTimeout
                0x000000000800ccbe       0x30 ./Middlewares/Third_Party/FreeRTOS/Source/queue.o
 .text.prvCopyDataToQueue
                0x000000000800ccee       0xd4 ./Middlewares/Third_Party/FreeRTOS/Source/queue.o
 .text.prvCopyDataFromQueue
                0x000000000800cdc2       0x4c ./Middlewares/Third_Party/FreeRTOS/Source/queue.o
 .text.prvUnlockQueue
                0x000000000800ce0e       0xa4 ./Middlewares/Third_Party/FreeRTOS/Source/queue.o
 .text.prvIsQueueEmpty
                0x000000000800ceb2       0x2c ./Middlewares/Third_Party/FreeRTOS/Source/queue.o
 .text.prvIsQueueFull
                0x000000000800cede       0x30 ./Middlewares/Third_Party/FreeRTOS/Source/queue.o
 *fill*         0x000000000800cf0e        0x2 
 .text.vQueueUnregisterQueue
                0x000000000800cf10       0x54 ./Middlewares/Third_Party/FreeRTOS/Source/queue.o
                0x000000000800cf10                vQueueUnregisterQueue
 .text.xTaskCreateStatic
                0x000000000800cf64       0xc6 ./Middlewares/Third_Party/FreeRTOS/Source/tasks.o
                0x000000000800cf64                xTaskCreateStatic
 .text.xTaskCreate
                0x000000000800d02a       0x8a ./Middlewares/Third_Party/FreeRTOS/Source/tasks.o
                0x000000000800d02a                xTaskCreate
 .text.prvInitialiseNewTask
                0x000000000800d0b4      0x112 ./Middlewares/Third_Party/FreeRTOS/Source/tasks.o
 *fill*         0x000000000800d1c6        0x2 
 .text.prvAddNewTaskToReadyList
                0x000000000800d1c8       0xd4 ./Middlewares/Third_Party/FreeRTOS/Source/tasks.o
 .text.vTaskDelay
                0x000000000800d29c       0x6c ./Middlewares/Third_Party/FreeRTOS/Source/tasks.o
                0x000000000800d29c                vTaskDelay
 .text.vTaskStartScheduler
                0x000000000800d308       0xc8 ./Middlewares/Third_Party/FreeRTOS/Source/tasks.o
                0x000000000800d308                vTaskStartScheduler
 .text.vTaskSuspendAll
                0x000000000800d3d0       0x1c ./Middlewares/Third_Party/FreeRTOS/Source/tasks.o
                0x000000000800d3d0                vTaskSuspendAll
 .text.xTaskResumeAll
                0x000000000800d3ec      0x13c ./Middlewares/Third_Party/FreeRTOS/Source/tasks.o
                0x000000000800d3ec                xTaskResumeAll
 .text.xTaskGetTickCount
                0x000000000800d528       0x20 ./Middlewares/Third_Party/FreeRTOS/Source/tasks.o
                0x000000000800d528                xTaskGetTickCount
 .text.xTaskGetTickCountFromISR
                0x000000000800d548       0x24 ./Middlewares/Third_Party/FreeRTOS/Source/tasks.o
                0x000000000800d548                xTaskGetTickCountFromISR
 .text.xTaskIncrementTick
                0x000000000800d56c      0x174 ./Middlewares/Third_Party/FreeRTOS/Source/tasks.o
                0x000000000800d56c                xTaskIncrementTick
 .text.vTaskSwitchContext
                0x000000000800d6e0       0xbc ./Middlewares/Third_Party/FreeRTOS/Source/tasks.o
                0x000000000800d6e0                vTaskSwitchContext
 .text.vTaskPlaceOnEventList
                0x000000000800d79c       0x4c ./Middlewares/Third_Party/FreeRTOS/Source/tasks.o
                0x000000000800d79c                vTaskPlaceOnEventList
 .text.xTaskRemoveFromEventList
                0x000000000800d7e8       0xc8 ./Middlewares/Third_Party/FreeRTOS/Source/tasks.o
                0x000000000800d7e8                xTaskRemoveFromEventList
 .text.vTaskInternalSetTimeOutState
                0x000000000800d8b0       0x2c ./Middlewares/Third_Party/FreeRTOS/Source/tasks.o
                0x000000000800d8b0                vTaskInternalSetTimeOutState
 .text.xTaskCheckForTimeOut
                0x000000000800d8dc       0xcc ./Middlewares/Third_Party/FreeRTOS/Source/tasks.o
                0x000000000800d8dc                xTaskCheckForTimeOut
 .text.vTaskMissedYield
                0x000000000800d9a8       0x18 ./Middlewares/Third_Party/FreeRTOS/Source/tasks.o
                0x000000000800d9a8                vTaskMissedYield
 .text.prvIdleTask
                0x000000000800d9c0       0x30 ./Middlewares/Third_Party/FreeRTOS/Source/tasks.o
 .text.prvInitialiseTaskLists
                0x000000000800d9f0       0x80 ./Middlewares/Third_Party/FreeRTOS/Source/tasks.o
 .text.prvCheckTasksWaitingTermination
                0x000000000800da70       0x5c ./Middlewares/Third_Party/FreeRTOS/Source/tasks.o
 .text.prvDeleteTCB
                0x000000000800dacc       0x62 ./Middlewares/Third_Party/FreeRTOS/Source/tasks.o
 *fill*         0x000000000800db2e        0x2 
 .text.prvResetNextTaskUnblockTime
                0x000000000800db30       0x40 ./Middlewares/Third_Party/FreeRTOS/Source/tasks.o
 .text.xTaskGetSchedulerState
                0x000000000800db70       0x3c ./Middlewares/Third_Party/FreeRTOS/Source/tasks.o
                0x000000000800db70                xTaskGetSchedulerState
 .text.xTaskPriorityInherit
                0x000000000800dbac      0x100 ./Middlewares/Third_Party/FreeRTOS/Source/tasks.o
                0x000000000800dbac                xTaskPriorityInherit
 .text.xTaskPriorityDisinherit
                0x000000000800dcac      0x114 ./Middlewares/Third_Party/FreeRTOS/Source/tasks.o
                0x000000000800dcac                xTaskPriorityDisinherit
 .text.vTaskPriorityDisinheritAfterTimeout
                0x000000000800ddc0      0x13c ./Middlewares/Third_Party/FreeRTOS/Source/tasks.o
                0x000000000800ddc0                vTaskPriorityDisinheritAfterTimeout
 .text.pvTaskIncrementMutexHeldCount
                0x000000000800defc       0x28 ./Middlewares/Third_Party/FreeRTOS/Source/tasks.o
                0x000000000800defc                pvTaskIncrementMutexHeldCount
 .text.prvAddCurrentTaskToDelayedList
                0x000000000800df24       0xcc ./Middlewares/Third_Party/FreeRTOS/Source/tasks.o
 .text.pxPortInitialiseStack
                0x000000000800dff0       0x68 ./Middlewares/Third_Party/FreeRTOS/Source/portable/GCC/ARM_CM7/r0p1/port.o
                0x000000000800dff0                pxPortInitialiseStack
 .text.prvTaskExitError
                0x000000000800e058       0x60 ./Middlewares/Third_Party/FreeRTOS/Source/portable/GCC/ARM_CM7/r0p1/port.o
 *fill*         0x000000000800e0b8        0x8 
 .text.SVC_Handler
                0x000000000800e0c0       0x28 ./Middlewares/Third_Party/FreeRTOS/Source/portable/GCC/ARM_CM7/r0p1/port.o
                0x000000000800e0c0                SVC_Handler
 .text.prvPortStartFirstTask
                0x000000000800e0e8       0x28 ./Middlewares/Third_Party/FreeRTOS/Source/portable/GCC/ARM_CM7/r0p1/port.o
 .text.xPortStartScheduler
                0x000000000800e110       0xfc ./Middlewares/Third_Party/FreeRTOS/Source/portable/GCC/ARM_CM7/r0p1/port.o
                0x000000000800e110                xPortStartScheduler
 .text.vPortEnterCritical
                0x000000000800e20c       0x68 ./Middlewares/Third_Party/FreeRTOS/Source/portable/GCC/ARM_CM7/r0p1/port.o
                0x000000000800e20c                vPortEnterCritical
 .text.vPortExitCritical
                0x000000000800e274       0x58 ./Middlewares/Third_Party/FreeRTOS/Source/portable/GCC/ARM_CM7/r0p1/port.o
                0x000000000800e274                vPortExitCritical
 *fill*         0x000000000800e2cc        0x4 
 .text.PendSV_Handler
                0x000000000800e2d0       0x68 ./Middlewares/Third_Party/FreeRTOS/Source/portable/GCC/ARM_CM7/r0p1/port.o
                0x000000000800e2d0                PendSV_Handler
 .text.SysTick_Handler
                0x000000000800e338       0x48 ./Middlewares/Third_Party/FreeRTOS/Source/portable/GCC/ARM_CM7/r0p1/port.o
                0x000000000800e338                SysTick_Handler
 .text.vPortSetupTimerInterrupt
                0x000000000800e380       0x48 ./Middlewares/Third_Party/FreeRTOS/Source/portable/GCC/ARM_CM7/r0p1/port.o
                0x000000000800e380                vPortSetupTimerInterrupt
 .text.vPortEnableVFP
                0x000000000800e3c8       0x14 ./Middlewares/Third_Party/FreeRTOS/Source/portable/GCC/ARM_CM7/r0p1/port.o
 .text.vPortValidateInterruptPriority
                0x000000000800e3dc       0x88 ./Middlewares/Third_Party/FreeRTOS/Source/portable/GCC/ARM_CM7/r0p1/port.o
                0x000000000800e3dc                vPortValidateInterruptPriority
 .text.pvPortMalloc
                0x000000000800e464      0x194 ./Middlewares/Third_Party/FreeRTOS/Source/portable/MemMang/heap_4.o
                0x000000000800e464                pvPortMalloc
 .text.vPortFree
                0x000000000800e5f8       0xbc ./Middlewares/Third_Party/FreeRTOS/Source/portable/MemMang/heap_4.o
                0x000000000800e5f8                vPortFree
 .text.prvHeapInit
                0x000000000800e6b4       0xc4 ./Middlewares/Third_Party/FreeRTOS/Source/portable/MemMang/heap_4.o
 .text.prvInsertBlockIntoFreeList
                0x000000000800e778       0xb4 ./Middlewares/Third_Party/FreeRTOS/Source/portable/MemMang/heap_4.o
 .text.init_can
                0x000000000800e82c      0x118 ./gophercan-lib/GopherCAN.o
                0x000000000800e82c                init_can
 .text.init_all_params
                0x000000000800e944       0x58 ./gophercan-lib/GopherCAN.o
 .text.set_all_params_state
                0x000000000800e99c       0x3c ./gophercan-lib/GopherCAN.o
                0x000000000800e99c                set_all_params_state
 .text.init_filters
                0x000000000800e9d8       0x68 ./gophercan-lib/GopherCAN.o
 .text.HAL_CAN_RxFifo0MsgPendingCallback
                0x000000000800ea40       0x18 ./gophercan-lib/GopherCAN.o
                0x000000000800ea40                HAL_CAN_RxFifo0MsgPendingCallback
 .text.HAL_CAN_RxFifo1MsgPendingCallback
                0x000000000800ea58       0x18 ./gophercan-lib/GopherCAN.o
                0x000000000800ea58                HAL_CAN_RxFifo1MsgPendingCallback
 .text.send_can_command
                0x000000000800ea70       0x98 ./gophercan-lib/GopherCAN.o
                0x000000000800ea70                send_can_command
 .text.send_parameter
                0x000000000800eb08      0x230 ./gophercan-lib/GopherCAN.o
                0x000000000800eb08                send_parameter
 .text.add_custom_can_func
                0x000000000800ed38       0x60 ./gophercan-lib/GopherCAN.o
                0x000000000800ed38                add_custom_can_func
 .text.service_can_tx_hardware
                0x000000000800ed98       0xa4 ./gophercan-lib/GopherCAN.o
                0x000000000800ed98                service_can_tx_hardware
 .text.service_can_rx_hardware
                0x000000000800ee3c       0xac ./gophercan-lib/GopherCAN.o
                0x000000000800ee3c                service_can_rx_hardware
 .text.service_can_rx_buffer
                0x000000000800eee8       0x48 ./gophercan-lib/GopherCAN.o
                0x000000000800eee8                service_can_rx_buffer
 .text.tx_can_message
                0x000000000800ef30       0x92 ./gophercan-lib/GopherCAN.o
 *fill*         0x000000000800efc2        0x2 
 .text.service_can_rx_message
                0x000000000800efc4      0x204 ./gophercan-lib/GopherCAN.o
 .text.parameter_requested
                0x000000000800f1c8       0x5c ./gophercan-lib/GopherCAN.o
 .text.run_can_command
                0x000000000800f224       0xb4 ./gophercan-lib/GopherCAN.o
 .text.build_message_id
                0x000000000800f2d8       0xc0 ./gophercan-lib/GopherCAN.o
 .text.get_message_id
                0x000000000800f398       0x6e ./gophercan-lib/GopherCAN.o
 *fill*         0x000000000800f406        0x2 
 .text.send_error_message
                0x000000000800f408       0x5c ./gophercan-lib/GopherCAN.o
 .text.define_can_bus
                0x000000000800f464       0x5c ./gophercan-lib/GopherCAN.o
                0x000000000800f464                define_can_bus
 .text.HAL_CAN_TxMailbox0CompleteCallback
                0x000000000800f4c0       0x16 ./gophercan-lib/GopherCAN.o
                0x000000000800f4c0                HAL_CAN_TxMailbox0CompleteCallback
 .text.HAL_CAN_TxMailbox1CompleteCallback
                0x000000000800f4d6       0x16 ./gophercan-lib/GopherCAN.o
                0x000000000800f4d6                HAL_CAN_TxMailbox1CompleteCallback
 .text.HAL_CAN_TxMailbox2CompleteCallback
                0x000000000800f4ec       0x16 ./gophercan-lib/GopherCAN.o
                0x000000000800f4ec                HAL_CAN_TxMailbox2CompleteCallback
 .text.HAL_CAN_TxMailbox0AbortCallback
                0x000000000800f502       0x16 ./gophercan-lib/GopherCAN.o
                0x000000000800f502                HAL_CAN_TxMailbox0AbortCallback
 .text.HAL_CAN_TxMailbox1AbortCallback
                0x000000000800f518       0x16 ./gophercan-lib/GopherCAN.o
                0x000000000800f518                HAL_CAN_TxMailbox1AbortCallback
 .text.HAL_CAN_TxMailbox2AbortCallback
                0x000000000800f52e       0x16 ./gophercan-lib/GopherCAN.o
                0x000000000800f52e                HAL_CAN_TxMailbox2AbortCallback
 .text.choose_tx_buffer_from_hcan
                0x000000000800f544       0x30 ./gophercan-lib/GopherCAN.o
 .text.choose_hcan_from_tx_buffer
                0x000000000800f574       0x30 ./gophercan-lib/GopherCAN.o
 .text.choose_tx_buffer_from_dest_module
                0x000000000800f5a4       0x48 ./gophercan-lib/GopherCAN.o
 .text.send_message_to_all_busses
                0x000000000800f5ec       0x80 ./gophercan-lib/GopherCAN.o
 .text.rout_can_message
                0x000000000800f66c      0x124 ./gophercan-lib/GopherCAN.o
 .text.do_nothing
                0x000000000800f790       0x24 ./gophercan-lib/GopherCAN.o
                0x000000000800f790                do_nothing
 .text.init_buffer
                0x000000000800f7b4       0x32 ./gophercan-lib/GopherCAN_ring_buffer.o
                0x000000000800f7b4                init_buffer
 .text.remove_from_front
                0x000000000800f7e6       0x44 ./gophercan-lib/GopherCAN_ring_buffer.o
                0x000000000800f7e6                remove_from_front
 .text.add_message_by_highest_prio
                0x000000000800f82a       0xe8 ./gophercan-lib/GopherCAN_ring_buffer.o
                0x000000000800f82a                add_message_by_highest_prio
 .text.copy_message
                0x000000000800f912       0x58 ./gophercan-lib/GopherCAN_ring_buffer.o
 *fill*         0x000000000800f96a        0x2 
 .text.__errno  0x000000000800f96c        0xc /opt/st/stm32cubeide_1.6.0/plugins/com.st.stm32cube.ide.mcu.externaltools.gnu-tools-for-stm32.9-2020-q2-update.linux64_2.0.0.202105311346/tools/bin/../lib/gcc/arm-none-eabi/9.3.1/../../../../arm-none-eabi/lib/thumb/v7e-m+dp/hard/libc_nano.a(lib_a-errno.o)
                0x000000000800f96c                __errno
 .text.__libc_init_array
                0x000000000800f978       0x48 /opt/st/stm32cubeide_1.6.0/plugins/com.st.stm32cube.ide.mcu.externaltools.gnu-tools-for-stm32.9-2020-q2-update.linux64_2.0.0.202105311346/tools/bin/../lib/gcc/arm-none-eabi/9.3.1/../../../../arm-none-eabi/lib/thumb/v7e-m+dp/hard/libc_nano.a(lib_a-init.o)
                0x000000000800f978                __libc_init_array
 .text.malloc   0x000000000800f9c0       0x10 /opt/st/stm32cubeide_1.6.0/plugins/com.st.stm32cube.ide.mcu.externaltools.gnu-tools-for-stm32.9-2020-q2-update.linux64_2.0.0.202105311346/tools/bin/../lib/gcc/arm-none-eabi/9.3.1/../../../../arm-none-eabi/lib/thumb/v7e-m+dp/hard/libc_nano.a(lib_a-malloc.o)
                0x000000000800f9c0                malloc
 .text.free     0x000000000800f9d0       0x10 /opt/st/stm32cubeide_1.6.0/plugins/com.st.stm32cube.ide.mcu.externaltools.gnu-tools-for-stm32.9-2020-q2-update.linux64_2.0.0.202105311346/tools/bin/../lib/gcc/arm-none-eabi/9.3.1/../../../../arm-none-eabi/lib/thumb/v7e-m+dp/hard/libc_nano.a(lib_a-malloc.o)
                0x000000000800f9d0                free
 .text.memcpy   0x000000000800f9e0       0x1c /opt/st/stm32cubeide_1.6.0/plugins/com.st.stm32cube.ide.mcu.externaltools.gnu-tools-for-stm32.9-2020-q2-update.linux64_2.0.0.202105311346/tools/bin/../lib/gcc/arm-none-eabi/9.3.1/../../../../arm-none-eabi/lib/thumb/v7e-m+dp/hard/libc_nano.a(lib_a-memcpy-stub.o)
                0x000000000800f9e0                memcpy
 .text.memset   0x000000000800f9fc       0x10 /opt/st/stm32cubeide_1.6.0/plugins/com.st.stm32cube.ide.mcu.externaltools.gnu-tools-for-stm32.9-2020-q2-update.linux64_2.0.0.202105311346/tools/bin/../lib/gcc/arm-none-eabi/9.3.1/../../../../arm-none-eabi/lib/thumb/v7e-m+dp/hard/libc_nano.a(lib_a-memset.o)
                0x000000000800f9fc                memset
 .text._free_r  0x000000000800fa0c       0xa0 /opt/st/stm32cubeide_1.6.0/plugins/com.st.stm32cube.ide.mcu.externaltools.gnu-tools-for-stm32.9-2020-q2-update.linux64_2.0.0.202105311346/tools/bin/../lib/gcc/arm-none-eabi/9.3.1/../../../../arm-none-eabi/lib/thumb/v7e-m+dp/hard/libc_nano.a(lib_a-nano-freer.o)
                0x000000000800fa0c                _free_r
 .text._malloc_r
                0x000000000800faac       0xb4 /opt/st/stm32cubeide_1.6.0/plugins/com.st.stm32cube.ide.mcu.externaltools.gnu-tools-for-stm32.9-2020-q2-update.linux64_2.0.0.202105311346/tools/bin/../lib/gcc/arm-none-eabi/9.3.1/../../../../arm-none-eabi/lib/thumb/v7e-m+dp/hard/libc_nano.a(lib_a-nano-mallocr.o)
                0x000000000800faac                _malloc_r
 .text._sbrk_r  0x000000000800fb60       0x20 /opt/st/stm32cubeide_1.6.0/plugins/com.st.stm32cube.ide.mcu.externaltools.gnu-tools-for-stm32.9-2020-q2-update.linux64_2.0.0.202105311346/tools/bin/../lib/gcc/arm-none-eabi/9.3.1/../../../../arm-none-eabi/lib/thumb/v7e-m+dp/hard/libc_nano.a(lib_a-sbrkr.o)
                0x000000000800fb60                _sbrk_r
 .text.sprintf  0x000000000800fb80       0x40 /opt/st/stm32cubeide_1.6.0/plugins/com.st.stm32cube.ide.mcu.externaltools.gnu-tools-for-stm32.9-2020-q2-update.linux64_2.0.0.202105311346/tools/bin/../lib/gcc/arm-none-eabi/9.3.1/../../../../arm-none-eabi/lib/thumb/v7e-m+dp/hard/libc_nano.a(lib_a-sprintf.o)
                0x000000000800fb80                sprintf
                0x000000000800fb80                siprintf
 .text.strcat   0x000000000800fbc0       0x1e /opt/st/stm32cubeide_1.6.0/plugins/com.st.stm32cube.ide.mcu.externaltools.gnu-tools-for-stm32.9-2020-q2-update.linux64_2.0.0.202105311346/tools/bin/../lib/gcc/arm-none-eabi/9.3.1/../../../../arm-none-eabi/lib/thumb/v7e-m+dp/hard/libc_nano.a(lib_a-strcat.o)
                0x000000000800fbc0                strcat
 .text.strcpy   0x000000000800fbde       0x10 /opt/st/stm32cubeide_1.6.0/plugins/com.st.stm32cube.ide.mcu.externaltools.gnu-tools-for-stm32.9-2020-q2-update.linux64_2.0.0.202105311346/tools/bin/../lib/gcc/arm-none-eabi/9.3.1/../../../../arm-none-eabi/lib/thumb/v7e-m+dp/hard/libc_nano.a(lib_a-strcpy.o)
                0x000000000800fbde                strcpy
 *fill*         0x000000000800fbee        0x2 
 .text.__malloc_lock
                0x000000000800fbf0        0xc /opt/st/stm32cubeide_1.6.0/plugins/com.st.stm32cube.ide.mcu.externaltools.gnu-tools-for-stm32.9-2020-q2-update.linux64_2.0.0.202105311346/tools/bin/../lib/gcc/arm-none-eabi/9.3.1/../../../../arm-none-eabi/lib/thumb/v7e-m+dp/hard/libc_nano.a(lib_a-mlock.o)
                0x000000000800fbf0                __malloc_lock
 .text.__malloc_unlock
                0x000000000800fbfc        0xc /opt/st/stm32cubeide_1.6.0/plugins/com.st.stm32cube.ide.mcu.externaltools.gnu-tools-for-stm32.9-2020-q2-update.linux64_2.0.0.202105311346/tools/bin/../lib/gcc/arm-none-eabi/9.3.1/../../../../arm-none-eabi/lib/thumb/v7e-m+dp/hard/libc_nano.a(lib_a-mlock.o)
                0x000000000800fbfc                __malloc_unlock
 .text.__ssputs_r
                0x000000000800fc08       0xb6 /opt/st/stm32cubeide_1.6.0/plugins/com.st.stm32cube.ide.mcu.externaltools.gnu-tools-for-stm32.9-2020-q2-update.linux64_2.0.0.202105311346/tools/bin/../lib/gcc/arm-none-eabi/9.3.1/../../../../arm-none-eabi/lib/thumb/v7e-m+dp/hard/libc_nano.a(lib_a-nano-svfprintf.o)
                0x000000000800fc08                __ssputs_r
 *fill*         0x000000000800fcbe        0x2 
 .text._svfprintf_r
                0x000000000800fcc0      0x200 /opt/st/stm32cubeide_1.6.0/plugins/com.st.stm32cube.ide.mcu.externaltools.gnu-tools-for-stm32.9-2020-q2-update.linux64_2.0.0.202105311346/tools/bin/../lib/gcc/arm-none-eabi/9.3.1/../../../../arm-none-eabi/lib/thumb/v7e-m+dp/hard/libc_nano.a(lib_a-nano-svfprintf.o)
                0x000000000800fcc0                _svfprintf_r
                0x000000000800fcc0                _svfiprintf_r
 .text._printf_common
                0x000000000800fec0       0xda /opt/st/stm32cubeide_1.6.0/plugins/com.st.stm32cube.ide.mcu.externaltools.gnu-tools-for-stm32.9-2020-q2-update.linux64_2.0.0.202105311346/tools/bin/../lib/gcc/arm-none-eabi/9.3.1/../../../../arm-none-eabi/lib/thumb/v7e-m+dp/hard/libc_nano.a(lib_a-nano-vfprintf_i.o)
                0x000000000800fec0                _printf_common
 *fill*         0x000000000800ff9a        0x2 
 .text._printf_i
                0x000000000800ff9c      0x24c /opt/st/stm32cubeide_1.6.0/plugins/com.st.stm32cube.ide.mcu.externaltools.gnu-tools-for-stm32.9-2020-q2-update.linux64_2.0.0.202105311346/tools/bin/../lib/gcc/arm-none-eabi/9.3.1/../../../../arm-none-eabi/lib/thumb/v7e-m+dp/hard/libc_nano.a(lib_a-nano-vfprintf_i.o)
                0x000000000800ff9c                _printf_i
 .text.__retarget_lock_acquire_recursive
                0x00000000080101e8        0x2 /opt/st/stm32cubeide_1.6.0/plugins/com.st.stm32cube.ide.mcu.externaltools.gnu-tools-for-stm32.9-2020-q2-update.linux64_2.0.0.202105311346/tools/bin/../lib/gcc/arm-none-eabi/9.3.1/../../../../arm-none-eabi/lib/thumb/v7e-m+dp/hard/libc_nano.a(lib_a-lock.o)
                0x00000000080101e8                __retarget_lock_acquire_recursive
 .text.__retarget_lock_release_recursive
                0x00000000080101ea        0x2 /opt/st/stm32cubeide_1.6.0/plugins/com.st.stm32cube.ide.mcu.externaltools.gnu-tools-for-stm32.9-2020-q2-update.linux64_2.0.0.202105311346/tools/bin/../lib/gcc/arm-none-eabi/9.3.1/../../../../arm-none-eabi/lib/thumb/v7e-m+dp/hard/libc_nano.a(lib_a-lock.o)
                0x00000000080101ea                __retarget_lock_release_recursive
 .text.memmove  0x00000000080101ec       0x34 /opt/st/stm32cubeide_1.6.0/plugins/com.st.stm32cube.ide.mcu.externaltools.gnu-tools-for-stm32.9-2020-q2-update.linux64_2.0.0.202105311346/tools/bin/../lib/gcc/arm-none-eabi/9.3.1/../../../../arm-none-eabi/lib/thumb/v7e-m+dp/hard/libc_nano.a(lib_a-memmove.o)
                0x00000000080101ec                memmove
 .text._realloc_r
                0x0000000008010220       0x4c /opt/st/stm32cubeide_1.6.0/plugins/com.st.stm32cube.ide.mcu.externaltools.gnu-tools-for-stm32.9-2020-q2-update.linux64_2.0.0.202105311346/tools/bin/../lib/gcc/arm-none-eabi/9.3.1/../../../../arm-none-eabi/lib/thumb/v7e-m+dp/hard/libc_nano.a(lib_a-nano-reallocr.o)
                0x0000000008010220                _realloc_r
 .text._malloc_usable_size_r
                0x000000000801026c       0x10 /opt/st/stm32cubeide_1.6.0/plugins/com.st.stm32cube.ide.mcu.externaltools.gnu-tools-for-stm32.9-2020-q2-update.linux64_2.0.0.202105311346/tools/bin/../lib/gcc/arm-none-eabi/9.3.1/../../../../arm-none-eabi/lib/thumb/v7e-m+dp/hard/libc_nano.a(lib_a-nano-msizer.o)
                0x000000000801026c                _malloc_usable_size_r
 *(.glue_7)
 .glue_7        0x000000000801027c        0x0 linker stubs
 *(.glue_7t)
 .glue_7t       0x000000000801027c        0x0 linker stubs
 *(.eh_frame)
 .eh_frame      0x000000000801027c        0x0 /opt/st/stm32cubeide_1.6.0/plugins/com.st.stm32cube.ide.mcu.externaltools.gnu-tools-for-stm32.9-2020-q2-update.linux64_2.0.0.202105311346/tools/bin/../lib/gcc/arm-none-eabi/9.3.1/thumb/v7e-m+dp/hard/crtbegin.o
 *(.init)
 .init          0x000000000801027c        0x4 /opt/st/stm32cubeide_1.6.0/plugins/com.st.stm32cube.ide.mcu.externaltools.gnu-tools-for-stm32.9-2020-q2-update.linux64_2.0.0.202105311346/tools/bin/../lib/gcc/arm-none-eabi/9.3.1/thumb/v7e-m+dp/hard/crti.o
                0x000000000801027c                _init
 .init          0x0000000008010280        0x8 /opt/st/stm32cubeide_1.6.0/plugins/com.st.stm32cube.ide.mcu.externaltools.gnu-tools-for-stm32.9-2020-q2-update.linux64_2.0.0.202105311346/tools/bin/../lib/gcc/arm-none-eabi/9.3.1/thumb/v7e-m+dp/hard/crtn.o
 *(.fini)
 .fini          0x0000000008010288        0x4 /opt/st/stm32cubeide_1.6.0/plugins/com.st.stm32cube.ide.mcu.externaltools.gnu-tools-for-stm32.9-2020-q2-update.linux64_2.0.0.202105311346/tools/bin/../lib/gcc/arm-none-eabi/9.3.1/thumb/v7e-m+dp/hard/crti.o
                0x0000000008010288                _fini
 .fini          0x000000000801028c        0x8 /opt/st/stm32cubeide_1.6.0/plugins/com.st.stm32cube.ide.mcu.externaltools.gnu-tools-for-stm32.9-2020-q2-update.linux64_2.0.0.202105311346/tools/bin/../lib/gcc/arm-none-eabi/9.3.1/thumb/v7e-m+dp/hard/crtn.o
                0x0000000008010294                . = ALIGN (0x4)
                0x0000000008010294                _etext = .

.vfp11_veneer   0x0000000008010294        0x0
 .vfp11_veneer  0x0000000008010294        0x0 linker stubs

.v4_bx          0x0000000008010294        0x0
 .v4_bx         0x0000000008010294        0x0 linker stubs

.iplt           0x0000000008010294        0x0
 .iplt          0x0000000008010294        0x0 /opt/st/stm32cubeide_1.6.0/plugins/com.st.stm32cube.ide.mcu.externaltools.gnu-tools-for-stm32.9-2020-q2-update.linux64_2.0.0.202105311346/tools/bin/../lib/gcc/arm-none-eabi/9.3.1/thumb/v7e-m+dp/hard/crtbegin.o

.rodata         0x0000000008010294      0x5c4
                0x0000000008010294                . = ALIGN (0x4)
 *(.rodata)
 .rodata        0x0000000008010294       0x29 ./Core/Src/dlm-manage_logging_session.o
 *fill*         0x00000000080102bd        0x3 
 .rodata        0x00000000080102c0        0x9 ./Core/Src/dlm-move_ram_data_to_storage.o
 *fill*         0x00000000080102c9        0x3 
 .rodata        0x00000000080102cc       0x84 ./Core/Src/main.o
 .rodata        0x0000000008010350       0x10 ./FATFS/Target/sd_diskio.o
 .rodata        0x0000000008010360       0x48 ./Middlewares/Third_Party/FatFs/src/ff.o
 .rodata        0x00000000080103a8        0x5 ./Middlewares/Third_Party/FreeRTOS/Source/tasks.o
 *(.rodata*)
 *fill*         0x00000000080103ad        0x3 
 .rodata.AHBPrescTable
                0x00000000080103b0       0x10 ./Core/Src/system_stm32f7xx.o
                0x00000000080103b0                AHBPrescTable