Archive member included to satisfy reference by file (symbol)

c:/st/stm32cubeide_1.5.0/stm32cubeide/plugins/com.st.stm32cube.ide.mcu.externaltools.gnu-tools-for-stm32.7-2018-q2-update.win32_1.5.0.202011040924/tools/bin/../lib/gcc/arm-none-eabi/7.3.1/../../../../arm-none-eabi/lib/thumb/v7e-m/fpv5/hard\libc_nano.a(lib_a-errno.o)
                              Core/Src/syscalls.o (__errno)
c:/st/stm32cubeide_1.5.0/stm32cubeide/plugins/com.st.stm32cube.ide.mcu.externaltools.gnu-tools-for-stm32.7-2018-q2-update.win32_1.5.0.202011040924/tools/bin/../lib/gcc/arm-none-eabi/7.3.1/../../../../arm-none-eabi/lib/thumb/v7e-m/fpv5/hard\libc_nano.a(lib_a-exit.o)
                              c:/st/stm32cubeide_1.5.0/stm32cubeide/plugins/com.st.stm32cube.ide.mcu.externaltools.gnu-tools-for-stm32.7-2018-q2-update.win32_1.5.0.202011040924/tools/bin/../lib/gcc/arm-none-eabi/7.3.1/../../../../arm-none-eabi/lib/thumb/v7e-m/fpv5/hard/crt0.o (exit)
c:/st/stm32cubeide_1.5.0/stm32cubeide/plugins/com.st.stm32cube.ide.mcu.externaltools.gnu-tools-for-stm32.7-2018-q2-update.win32_1.5.0.202011040924/tools/bin/../lib/gcc/arm-none-eabi/7.3.1/../../../../arm-none-eabi/lib/thumb/v7e-m/fpv5/hard\libc_nano.a(lib_a-impure.o)
                              c:/st/stm32cubeide_1.5.0/stm32cubeide/plugins/com.st.stm32cube.ide.mcu.externaltools.gnu-tools-for-stm32.7-2018-q2-update.win32_1.5.0.202011040924/tools/bin/../lib/gcc/arm-none-eabi/7.3.1/../../../../arm-none-eabi/lib/thumb/v7e-m/fpv5/hard\libc_nano.a(lib_a-exit.o) (_global_impure_ptr)
c:/st/stm32cubeide_1.5.0/stm32cubeide/plugins/com.st.stm32cube.ide.mcu.externaltools.gnu-tools-for-stm32.7-2018-q2-update.win32_1.5.0.202011040924/tools/bin/../lib/gcc/arm-none-eabi/7.3.1/../../../../arm-none-eabi/lib/thumb/v7e-m/fpv5/hard\libc_nano.a(lib_a-init.o)
                              c:/st/stm32cubeide_1.5.0/stm32cubeide/plugins/com.st.stm32cube.ide.mcu.externaltools.gnu-tools-for-stm32.7-2018-q2-update.win32_1.5.0.202011040924/tools/bin/../lib/gcc/arm-none-eabi/7.3.1/../../../../arm-none-eabi/lib/thumb/v7e-m/fpv5/hard/crt0.o (__libc_init_array)
c:/st/stm32cubeide_1.5.0/stm32cubeide/plugins/com.st.stm32cube.ide.mcu.externaltools.gnu-tools-for-stm32.7-2018-q2-update.win32_1.5.0.202011040924/tools/bin/../lib/gcc/arm-none-eabi/7.3.1/../../../../arm-none-eabi/lib/thumb/v7e-m/fpv5/hard\libc_nano.a(lib_a-malloc.o)
                              Core/Src/dlm-manage_data_aquisition.o (malloc)
c:/st/stm32cubeide_1.5.0/stm32cubeide/plugins/com.st.stm32cube.ide.mcu.externaltools.gnu-tools-for-stm32.7-2018-q2-update.win32_1.5.0.202011040924/tools/bin/../lib/gcc/arm-none-eabi/7.3.1/../../../../arm-none-eabi/lib/thumb/v7e-m/fpv5/hard\libc_nano.a(lib_a-memcpy-stub.o)
                              Middlewares/Third_Party/FreeRTOS/Source/queue.o (memcpy)
c:/st/stm32cubeide_1.5.0/stm32cubeide/plugins/com.st.stm32cube.ide.mcu.externaltools.gnu-tools-for-stm32.7-2018-q2-update.win32_1.5.0.202011040924/tools/bin/../lib/gcc/arm-none-eabi/7.3.1/../../../../arm-none-eabi/lib/thumb/v7e-m/fpv5/hard\libc_nano.a(lib_a-memset.o)
                              c:/st/stm32cubeide_1.5.0/stm32cubeide/plugins/com.st.stm32cube.ide.mcu.externaltools.gnu-tools-for-stm32.7-2018-q2-update.win32_1.5.0.202011040924/tools/bin/../lib/gcc/arm-none-eabi/7.3.1/../../../../arm-none-eabi/lib/thumb/v7e-m/fpv5/hard/crt0.o (memset)
c:/st/stm32cubeide_1.5.0/stm32cubeide/plugins/com.st.stm32cube.ide.mcu.externaltools.gnu-tools-for-stm32.7-2018-q2-update.win32_1.5.0.202011040924/tools/bin/../lib/gcc/arm-none-eabi/7.3.1/../../../../arm-none-eabi/lib/thumb/v7e-m/fpv5/hard\libc_nano.a(lib_a-nano-freer.o)
                              c:/st/stm32cubeide_1.5.0/stm32cubeide/plugins/com.st.stm32cube.ide.mcu.externaltools.gnu-tools-for-stm32.7-2018-q2-update.win32_1.5.0.202011040924/tools/bin/../lib/gcc/arm-none-eabi/7.3.1/../../../../arm-none-eabi/lib/thumb/v7e-m/fpv5/hard\libc_nano.a(lib_a-malloc.o) (_free_r)
c:/st/stm32cubeide_1.5.0/stm32cubeide/plugins/com.st.stm32cube.ide.mcu.externaltools.gnu-tools-for-stm32.7-2018-q2-update.win32_1.5.0.202011040924/tools/bin/../lib/gcc/arm-none-eabi/7.3.1/../../../../arm-none-eabi/lib/thumb/v7e-m/fpv5/hard\libc_nano.a(lib_a-nano-mallocr.o)
                              c:/st/stm32cubeide_1.5.0/stm32cubeide/plugins/com.st.stm32cube.ide.mcu.externaltools.gnu-tools-for-stm32.7-2018-q2-update.win32_1.5.0.202011040924/tools/bin/../lib/gcc/arm-none-eabi/7.3.1/../../../../arm-none-eabi/lib/thumb/v7e-m/fpv5/hard\libc_nano.a(lib_a-malloc.o) (_malloc_r)
c:/st/stm32cubeide_1.5.0/stm32cubeide/plugins/com.st.stm32cube.ide.mcu.externaltools.gnu-tools-for-stm32.7-2018-q2-update.win32_1.5.0.202011040924/tools/bin/../lib/gcc/arm-none-eabi/7.3.1/../../../../arm-none-eabi/lib/thumb/v7e-m/fpv5/hard\libc_nano.a(lib_a-sbrkr.o)
[...]
Memory Configuration

Name             Origin             Length             Attributes
RAM              0x0000000020000000 0x0000000000080000 xrw
FLASH            0x0000000008000000 0x0000000000200000 xr
*default*        0x0000000000000000 0xffffffffffffffff

Linker script and memory map

LOAD c:/st/stm32cubeide_1.5.0/stm32cubeide/plugins/com.st.stm32cube.ide.mcu.externaltools.gnu-tools-for-stm32.7-2018-q2-update.win32_1.5.0.202011040924/tools/bin/../lib/gcc/arm-none-eabi/7.3.1/thumb/v7e-m/fpv5/hard/crti.o
LOAD c:/st/stm32cubeide_1.5.0/stm32cubeide/plugins/com.st.stm32cube.ide.mcu.externaltools.gnu-tools-for-stm32.7-2018-q2-update.win32_1.5.0.202011040924/tools/bin/../lib/gcc/arm-none-eabi/7.3.1/thumb/v7e-m/fpv5/hard/crtbegin.o
LOAD c:/st/stm32cubeide_1.5.0/stm32cubeide/plugins/com.st.stm32cube.ide.mcu.externaltools.gnu-tools-for-stm32.7-2018-q2-update.win32_1.5.0.202011040924/tools/bin/../lib/gcc/arm-none-eabi/7.3.1/../../../../arm-none-eabi/lib/thumb/v7e-m/fpv5/hard/crt0.o
LOAD C-Utils/base_types.o
LOAD C-Utils/ring_buffer.o
LOAD Core/Src/dlm-high_level_functions.o
LOAD Core/Src/dlm-manage_data_aquisition.o
LOAD Core/Src/dlm-move_ram_data_to_storage.o
LOAD Core/Src/freertos.o
LOAD Core/Src/main.o
LOAD Core/Src/stm32f7xx_hal_msp.o
LOAD Core/Src/stm32f7xx_hal_timebase_tim.o
LOAD Core/Src/stm32f7xx_it.o
LOAD Core/Src/syscalls.o
LOAD Core/Src/sysmem.o
LOAD Core/Src/system_stm32f7xx.o
LOAD Core/Startup/startup_stm32f767zitx.o
LOAD Drivers/STM32F7xx_HAL_Driver/Src/stm32f7xx_hal.o
LOAD Drivers/STM32F7xx_HAL_Driver/Src/stm32f7xx_hal_can.o
LOAD Drivers/STM32F7xx_HAL_Driver/Src/stm32f7xx_hal_cortex.o
LOAD Drivers/STM32F7xx_HAL_Driver/Src/stm32f7xx_hal_dma.o
LOAD Drivers/STM32F7xx_HAL_Driver/Src/stm32f7xx_hal_dma_ex.o
LOAD Drivers/STM32F7xx_HAL_Driver/Src/stm32f7xx_hal_exti.o
LOAD Drivers/STM32F7xx_HAL_Driver/Src/stm32f7xx_hal_flash.o
LOAD Drivers/STM32F7xx_HAL_Driver/Src/stm32f7xx_hal_flash_ex.o
LOAD Drivers/STM32F7xx_HAL_Driver/Src/stm32f7xx_hal_gpio.o
LOAD Drivers/STM32F7xx_HAL_Driver/Src/stm32f7xx_hal_i2c.o
LOAD Drivers/STM32F7xx_HAL_Driver/Src/stm32f7xx_hal_i2c_ex.o
LOAD Drivers/STM32F7xx_HAL_Driver/Src/stm32f7xx_hal_pwr.o
LOAD Drivers/STM32F7xx_HAL_Driver/Src/stm32f7xx_hal_pwr_ex.o
LOAD Drivers/STM32F7xx_HAL_Driver/Src/stm32f7xx_hal_rcc.o
LOAD Drivers/STM32F7xx_HAL_Driver/Src/stm32f7xx_hal_rcc_ex.o
LOAD Drivers/STM32F7xx_HAL_Driver/Src/stm32f7xx_hal_tim.o
LOAD Drivers/STM32F7xx_HAL_Driver/Src/stm32f7xx_hal_tim_ex.o
LOAD Middlewares/Third_Party/FreeRTOS/Source/CMSIS_RTOS/cmsis_os.o
LOAD Middlewares/Third_Party/FreeRTOS/Source/croutine.o
LOAD Middlewares/Third_Party/FreeRTOS/Source/event_groups.o
LOAD Middlewares/Third_Party/FreeRTOS/Source/list.o
LOAD Middlewares/Third_Party/FreeRTOS/Source/queue.o
LOAD Middlewares/Third_Party/FreeRTOS/Source/stream_buffer.o
LOAD Middlewares/Third_Party/FreeRTOS/Source/tasks.o
LOAD Middlewares/Third_Party/FreeRTOS/Source/timers.o
LOAD Middlewares/Third_Party/FreeRTOS/Source/portable/GCC/ARM_CM7/r0p1/port.o
LOAD Middlewares/Third_Party/FreeRTOS/Source/portable/MemMang/heap_4.o
LOAD gophercan-lib/GopherCAN.o
LOAD gophercan-lib/GopherCAN_ring_buffer.o
START GROUP
LOAD c:/st/stm32cubeide_1.5.0/stm32cubeide/plugins/com.st.stm32cube.ide.mcu.externaltools.gnu-tools-for-stm32.7-2018-q2-update.win32_1.5.0.202011040924/tools/bin/../lib/gcc/arm-none-eabi/7.3.1/../../../../arm-none-eabi/lib/thumb/v7e-m/fpv5/hard\libc_nano.a
LOAD c:/st/stm32cubeide_1.5.0/stm32cubeide/plugins/com.st.stm32cube.ide.mcu.externaltools.gnu-tools-for-stm32.7-2018-q2-update.win32_1.5.0.202011040924/tools/bin/../lib/gcc/arm-none-eabi/7.3.1/../../../../arm-none-eabi/lib/thumb/v7e-m/fpv5/hard\libm.a
END GROUP
START GROUP
LOAD c:/st/stm32cubeide_1.5.0/stm32cubeide/plugins/com.st.stm32cube.ide.mcu.externaltools.gnu-tools-for-stm32.7-2018-q2-update.win32_1.5.0.202011040924/tools/bin/../lib/gcc/arm-none-eabi/7.3.1/thumb/v7e-m/fpv5/hard\libgcc.a
LOAD c:/st/stm32cubeide_1.5.0/stm32cubeide/plugins/com.st.stm32cube.ide.mcu.externaltools.gnu-tools-for-stm32.7-2018-q2-update.win32_1.5.0.202011040924/tools/bin/../lib/gcc/arm-none-eabi/7.3.1/../../../../arm-none-eabi/lib/thumb/v7e-m/fpv5/hard\libc_nano.a
END GROUP
START GROUP
LOAD c:/st/stm32cubeide_1.5.0/stm32cubeide/plugins/com.st.stm32cube.ide.mcu.externaltools.gnu-tools-for-stm32.7-2018-q2-update.win32_1.5.0.202011040924/tools/bin/../lib/gcc/arm-none-eabi/7.3.1/thumb/v7e-m/fpv5/hard\libgcc.a
LOAD c:/st/stm32cubeide_1.5.0/stm32cubeide/plugins/com.st.stm32cube.ide.mcu.externaltools.gnu-tools-for-stm32.7-2018-q2-update.win32_1.5.0.202011040924/tools/bin/../lib/gcc/arm-none-eabi/7.3.1/../../../../arm-none-eabi/lib/thumb/v7e-m/fpv5/hard\libc_nano.a
LOAD c:/st/stm32cubeide_1.5.0/stm32cubeide/plugins/com.st.stm32cube.ide.mcu.externaltools.gnu-tools-for-stm32.7-2018-q2-update.win32_1.5.0.202011040924/tools/bin/../lib/gcc/arm-none-eabi/7.3.1/../../../../arm-none-eabi/lib/thumb/v7e-m/fpv5/hard\libnosys.a
END GROUP
START GROUP
LOAD c:/st/stm32cubeide_1.5.0/stm32cubeide/plugins/com.st.stm32cube.ide.mcu.externaltools.gnu-tools-for-stm32.7-2018-q2-update.win32_1.5.0.202011040924/tools/bin/../lib/gcc/arm-none-eabi/7.3.1/thumb/v7e-m/fpv5/hard\libgcc.a
LOAD c:/st/stm32cubeide_1.5.0/stm32cubeide/plugins/com.st.stm32cube.ide.mcu.externaltools.gnu-tools-for-stm32.7-2018-q2-update.win32_1.5.0.202011040924/tools/bin/../lib/gcc/arm-none-eabi/7.3.1/../../../../arm-none-eabi/lib/thumb/v7e-m/fpv5/hard\libc_nano.a
LOAD c:/st/stm32cubeide_1.5.0/stm32cubeide/plugins/com.st.stm32cube.ide.mcu.externaltools.gnu-tools-for-stm32.7-2018-q2-update.win32_1.5.0.202011040924/tools/bin/../lib/gcc/arm-none-eabi/7.3.1/../../../../arm-none-eabi/lib/thumb/v7e-m/fpv5/hard\libnosys.a
END GROUP
LOAD c:/st/stm32cubeide_1.5.0/stm32cubeide/plugins/com.st.stm32cube.ide.mcu.externaltools.gnu-tools-for-stm32.7-2018-q2-update.win32_1.5.0.202011040924/tools/bin/../lib/gcc/arm-none-eabi/7.3.1/thumb/v7e-m/fpv5/hard/crtend.o
LOAD c:/st/stm32cubeide_1.5.0/stm32cubeide/plugins/com.st.stm32cube.ide.mcu.externaltools.gnu-tools-for-stm32.7-2018-q2-update.win32_1.5.0.202011040924/tools/bin/../lib/gcc/arm-none-eabi/7.3.1/thumb/v7e-m/fpv5/hard/crtn.o
                0x0000000020080000                _estack = (ORIGIN (RAM) + LENGTH (RAM))
                0x0000000000000200                _Min_Heap_Size = 0x200
                0x0000000000000400                _Min_Stack_Size = 0x400

.isr_vector     0x0000000008000000      0x1f8
                0x0000000008000000                . = ALIGN (0x4)
 *(.isr_vector)
 .isr_vector    0x0000000008000000      0x1f8 Core/Startup/startup_stm32f767zitx.o
                0x0000000008000000                g_pfnVectors
                0x00000000080001f8                . = ALIGN (0x4)

.text           0x0000000008000200     0x5be0
                0x0000000008000200                . = ALIGN (0x4)
 *(.text)
 .text          0x0000000008000200       0x40 c:/st/stm32cubeide_1.5.0/stm32cubeide/plugins/com.st.stm32cube.ide.mcu.externaltools.gnu-tools-for-stm32.7-2018-q2-update.win32_1.5.0.202011040924/tools/bin/../lib/gcc/arm-none-eabi/7.3.1/thumb/v7e-m/fpv5/hard/crtbegin.o
 .text          0x0000000008000240      0x378 c:/st/stm32cubeide_1.5.0/stm32cubeide/plugins/com.st.stm32cube.ide.mcu.externaltools.gnu-tools-for-stm32.7-2018-q2-update.win32_1.5.0.202011040924/tools/bin/../lib/gcc/arm-none-eabi/7.3.1/thumb/v7e-m/fpv5/hard\libgcc.a(_arm_addsubdf3.o)
                0x0000000008000240                __aeabi_drsub
                0x0000000008000248                __aeabi_dsub
                0x0000000008000248                __subdf3
                0x000000000800024c                __aeabi_dadd
                0x000000000800024c                __adddf3
                0x00000000080004c4                __floatunsidf
                0x00000000080004c4                __aeabi_ui2d
                0x00000000080004e4                __floatsidf
                0x00000000080004e4                __aeabi_i2d
                0x0000000008000508                __aeabi_f2d
                0x0000000008000508                __extendsfdf2
                0x000000000800054c                __floatundidf
                0x000000000800054c                __aeabi_ul2d
                0x000000000800055c                __floatdidf
                0x000000000800055c                __aeabi_l2d
 .text          0x00000000080005b8       0x30 c:/st/stm32cubeide_1.5.0/stm32cubeide/plugins/com.st.stm32cube.ide.mcu.externaltools.gnu-tools-for-stm32.7-2018-q2-update.win32_1.5.0.202011040924/tools/bin/../lib/gcc/arm-none-eabi/7.3.1/thumb/v7e-m/fpv5/hard\libgcc.a(_aeabi_uldivmod.o)
                0x00000000080005b8                __aeabi_uldivmod
 .text          0x00000000080005e8      0x2cc c:/st/stm32cubeide_1.5.0/stm32cubeide/plugins/com.st.stm32cube.ide.mcu.externaltools.gnu-tools-for-stm32.7-2018-q2-update.win32_1.5.0.202011040924/tools/bin/../lib/gcc/arm-none-eabi/7.3.1/thumb/v7e-m/fpv5/hard\libgcc.a(_udivmoddi4.o)
                0x00000000080005e8                __udivmoddi4
 .text          0x00000000080008b4        0x4 c:/st/stm32cubeide_1.5.0/stm32cubeide/plugins/com.st.stm32cube.ide.mcu.externaltools.gnu-tools-for-stm32.7-2018-q2-update.win32_1.5.0.202011040924/tools/bin/../lib/gcc/arm-none-eabi/7.3.1/thumb/v7e-m/fpv5/hard\libgcc.a(_dvmd_tls.o)
                0x00000000080008b4                __aeabi_idiv0
                0x00000000080008b4                __aeabi_ldiv0
 *(.text*)
 .text.dlm_init
                0x00000000080008b8       0xd4 Core/Src/dlm-high_level_functions.o
                0x00000000080008b8                dlm_init
 .text.manage_data_aquisition
                0x000000000800098c       0x10 Core/Src/dlm-high_level_functions.o
                0x000000000800098c                manage_data_aquisition
 .text.move_ram_data_to_storage
                0x000000000800099c       0x30 Core/Src/dlm-high_level_functions.o
                0x000000000800099c                move_ram_data_to_storage
 .text.can_service_loop
                0x00000000080009cc       0x28 Core/Src/dlm-high_level_functions.o
                0x00000000080009cc                can_service_loop
 .text.manage_data_aquisition_init
                0x00000000080009f4       0x54 Core/Src/dlm-manage_data_aquisition.o
                0x00000000080009f4                manage_data_aquisition_init
 .text.add_param_to_bucket
                0x0000000008000a48       0xdc Core/Src/dlm-manage_data_aquisition.o
                0x0000000008000a48                add_param_to_bucket
 .text.assign_bucket_to_frq
                0x0000000008000b24       0x68 Core/Src/dlm-manage_data_aquisition.o
                0x0000000008000b24                assign_bucket_to_frq
 .text.request_all_buckets
                0x0000000008000b8c       0x84 Core/Src/dlm-manage_data_aquisition.o
                0x0000000008000b8c                request_all_buckets
 .text.store_new_data
                0x0000000008000c10       0x84 Core/Src/dlm-manage_data_aquisition.o
                0x0000000008000c10                store_new_data
 .text.add_param_to_ram
                0x0000000008000c94      0x1e4 Core/Src/dlm-manage_data_aquisition.o
                0x0000000008000c94                add_param_to_ram
 .text.move_ram_data_to_storage_init
                0x0000000008000e78       0x20 Core/Src/dlm-move_ram_data_to_storage.o
                0x0000000008000e78                move_ram_data_to_storage_init
 .text.write_data_to_storage
                0x0000000008000e98       0x48 Core/Src/dlm-move_ram_data_to_storage.o
                0x0000000008000e98                write_data_to_storage
 .text.build_data_string
                0x0000000008000ee0       0xc2 Core/Src/dlm-move_ram_data_to_storage.o
                0x0000000008000ee0                build_data_string
 *fill*         0x0000000008000fa2        0x6 
 .text.convert_data_to_dpf
                0x0000000008000fa8       0xec Core/Src/dlm-move_ram_data_to_storage.o
                0x0000000008000fa8                convert_data_to_dpf
 .text.free_node_memory
                0x0000000008001094       0x16 Core/Src/dlm-move_ram_data_to_storage.o
                0x0000000008001094                free_node_memory
 *fill*         0x00000000080010aa        0x2 
 .text.vApplicationGetIdleTaskMemory
                0x00000000080010ac       0x34 Core/Src/freertos.o
                0x00000000080010ac                vApplicationGetIdleTaskMemory
 .text.main     0x00000000080010e0       0x88 Core/Src/main.o
                0x00000000080010e0                main
 .text.SystemClock_Config
                0x0000000008001168       0xb8 Core/Src/main.o
                0x0000000008001168                SystemClock_Config
 .text.MX_CAN1_Init
                0x0000000008001220       0x6c Core/Src/main.o
 .text.MX_CAN2_Init
                0x000000000800128c       0x6c Core/Src/main.o
 .text.MX_GPIO_Init
                0x00000000080012f8       0x64 Core/Src/main.o
 .text.can_loop
                0x000000000800135c       0x14 Core/Src/main.o
                0x000000000800135c                can_loop
 .text.dlm_main
                0x0000000008001370       0x18 Core/Src/main.o
                0x0000000008001370                dlm_main
 .text.HAL_TIM_PeriodElapsedCallback
                0x0000000008001388       0x24 Core/Src/main.o
                0x0000000008001388                HAL_TIM_PeriodElapsedCallback
 .text.Error_Handler
                0x00000000080013ac        0x8 Core/Src/main.o
                0x00000000080013ac                Error_Handler
 .text.HAL_MspInit
                0x00000000080013b4       0x50 Core/Src/stm32f7xx_hal_msp.o
                0x00000000080013b4                HAL_MspInit
 .text.HAL_CAN_MspInit
                0x0000000008001404      0x180 Core/Src/stm32f7xx_hal_msp.o
                0x0000000008001404                HAL_CAN_MspInit
 .text.HAL_InitTick
                0x0000000008001584       0xac Core/Src/stm32f7xx_hal_timebase_tim.o
                0x0000000008001584                HAL_InitTick
 .text.NMI_Handler
                0x0000000008001630        0x6 Core/Src/stm32f7xx_it.o
                0x0000000008001630                NMI_Handler
 .text.HardFault_Handler
                0x0000000008001636        0x6 Core/Src/stm32f7xx_it.o
                0x0000000008001636                HardFault_Handler
 .text.MemManage_Handler
                0x000000000800163c        0x6 Core/Src/stm32f7xx_it.o
                0x000000000800163c                MemManage_Handler
 .text.BusFault_Handler
                0x0000000008001642        0x6 Core/Src/stm32f7xx_it.o
                0x0000000008001642                BusFault_Handler
 .text.UsageFault_Handler
                0x0000000008001648        0x6 Core/Src/stm32f7xx_it.o
                0x0000000008001648                UsageFault_Handler
 .text.DebugMon_Handler
                0x000000000800164e        0xe Core/Src/stm32f7xx_it.o
                0x000000000800164e                DebugMon_Handler
 .text.CAN1_RX0_IRQHandler
                0x000000000800165c       0x14 Core/Src/stm32f7xx_it.o
                0x000000000800165c                CAN1_RX0_IRQHandler
 .text.CAN1_RX1_IRQHandler
                0x0000000008001670       0x14 Core/Src/stm32f7xx_it.o
                0x0000000008001670                CAN1_RX1_IRQHandler
 .text.TIM6_DAC_IRQHandler
                0x0000000008001684       0x14 Core/Src/stm32f7xx_it.o
                0x0000000008001684                TIM6_DAC_IRQHandler
 .text.CAN2_RX0_IRQHandler
                0x0000000008001698       0x14 Core/Src/stm32f7xx_it.o
                0x0000000008001698                CAN2_RX0_IRQHandler
 .text.CAN2_RX1_IRQHandler
                0x00000000080016ac       0x14 Core/Src/stm32f7xx_it.o
                0x00000000080016ac                CAN2_RX1_IRQHandler
 .text._sbrk    0x00000000080016c0       0x6c Core/Src/sysmem.o
                0x00000000080016c0                _sbrk
 .text.SystemInit
                0x000000000800172c       0x2c Core/Src/system_stm32f7xx.o
                0x000000000800172c                SystemInit
 .text.Reset_Handler
                0x0000000008001758       0x50 Core/Startup/startup_stm32f767zitx.o
                0x0000000008001758                Reset_Handler
 .text.Default_Handler
                0x00000000080017a8        0x2 Core/Startup/startup_stm32f767zitx.o
                0x00000000080017a8                RTC_Alarm_IRQHandler
                0x00000000080017a8                EXTI2_IRQHandler
                0x00000000080017a8                TIM8_CC_IRQHandler
                0x00000000080017a8                UART8_IRQHandler
                0x00000000080017a8                SPI4_IRQHandler
                0x00000000080017a8                TIM1_CC_IRQHandler
                0x00000000080017a8                DMA2_Stream5_IRQHandler
                0x00000000080017a8                JPEG_IRQHandler
                0x00000000080017a8                DMA1_Stream5_IRQHandler
                0x00000000080017a8                CAN3_RX1_IRQHandler
                0x00000000080017a8                PVD_IRQHandler
                0x00000000080017a8                TAMP_STAMP_IRQHandler
                0x00000000080017a8                EXTI3_IRQHandler
                0x00000000080017a8                TIM8_TRG_COM_TIM14_IRQHandler
                0x00000000080017a8                DFSDM1_FLT1_IRQHandler
                0x00000000080017a8                TIM1_UP_TIM10_IRQHandler
                0x00000000080017a8                TIM8_UP_TIM13_IRQHandler
                0x00000000080017a8                I2C3_ER_IRQHandler
                0x00000000080017a8                DFSDM1_FLT2_IRQHandler
                0x00000000080017a8                EXTI0_IRQHandler
                0x00000000080017a8                I2C2_EV_IRQHandler
                0x00000000080017a8                DMA1_Stream2_IRQHandler
                0x00000000080017a8                FPU_IRQHandler
                0x00000000080017a8                OTG_HS_WKUP_IRQHandler
                0x00000000080017a8                CAN3_SCE_IRQHandler
                0x00000000080017a8                LTDC_ER_IRQHandler
                0x00000000080017a8                CAN2_SCE_IRQHandler
                0x00000000080017a8                DMA2_Stream2_IRQHandler
                0x00000000080017a8                SPI1_IRQHandler
                0x00000000080017a8                TIM1_BRK_TIM9_IRQHandler
                0x00000000080017a8                DCMI_IRQHandler
                0x00000000080017a8                DMA2_Stream3_IRQHandler
                0x00000000080017a8                SAI2_IRQHandler
                0x00000000080017a8                DFSDM1_FLT3_IRQHandler
                0x00000000080017a8                USART6_IRQHandler
                0x00000000080017a8                CAN3_RX0_IRQHandler
                0x00000000080017a8                USART3_IRQHandler
                0x00000000080017a8                UART5_IRQHandler
                0x00000000080017a8                DMA2_Stream0_IRQHandler
                0x00000000080017a8                TIM4_IRQHandler
                0x00000000080017a8                QUADSPI_IRQHandler
                0x00000000080017a8                I2C1_EV_IRQHandler
                0x00000000080017a8                DMA1_Stream6_IRQHandler
                0x00000000080017a8                DMA1_Stream1_IRQHandler
                0x00000000080017a8                UART4_IRQHandler
                0x00000000080017a8                TIM3_IRQHandler
                0x00000000080017a8                RCC_IRQHandler
                0x00000000080017a8                TIM8_BRK_TIM12_IRQHandler
                0x00000000080017a8                Default_Handler
                0x00000000080017a8                CEC_IRQHandler
                0x00000000080017a8                EXTI15_10_IRQHandler
                0x00000000080017a8                ADC_IRQHandler
                0x00000000080017a8                DMA1_Stream7_IRQHandler
                0x00000000080017a8                SPI5_IRQHandler
                0x00000000080017a8                TIM7_IRQHandler
                0x00000000080017a8                SDMMC1_IRQHandler
                0x00000000080017a8                CAN2_TX_IRQHandler
                0x00000000080017a8                TIM5_IRQHandler
                0x00000000080017a8                DMA2_Stream7_IRQHandler
                0x00000000080017a8                I2C3_EV_IRQHandler
                0x00000000080017a8                EXTI9_5_IRQHandler
                0x00000000080017a8                RTC_WKUP_IRQHandler
                0x00000000080017a8                LTDC_IRQHandler
                0x00000000080017a8                ETH_WKUP_IRQHandler
                0x00000000080017a8                SPDIF_RX_IRQHandler
                0x00000000080017a8                SPI2_IRQHandler
                0x00000000080017a8                OTG_HS_EP1_IN_IRQHandler
                0x00000000080017a8                DMA1_Stream0_IRQHandler
                0x00000000080017a8                CAN1_TX_IRQHandler
                0x00000000080017a8                EXTI4_IRQHandler
                0x00000000080017a8                RNG_IRQHandler
                0x00000000080017a8                ETH_IRQHandler
                0x00000000080017a8                OTG_HS_EP1_OUT_IRQHandler
                0x00000000080017a8                WWDG_IRQHandler
                0x00000000080017a8                SPI6_IRQHandler
                0x00000000080017a8                MDIOS_IRQHandler
                0x00000000080017a8                I2C4_EV_IRQHandler
                0x00000000080017a8                CAN3_TX_IRQHandler
                0x00000000080017a8                TIM2_IRQHandler
                0x00000000080017a8                OTG_FS_WKUP_IRQHandler
                0x00000000080017a8                TIM1_TRG_COM_TIM11_IRQHandler
                0x00000000080017a8                OTG_HS_IRQHandler
                0x00000000080017a8                DMA2D_IRQHandler
                0x00000000080017a8                EXTI1_IRQHandler
                0x00000000080017a8                SDMMC2_IRQHandler
                0x00000000080017a8                UART7_IRQHandler
                0x00000000080017a8                USART2_IRQHandler
                0x00000000080017a8                DFSDM1_FLT0_IRQHandler
                0x00000000080017a8                I2C2_ER_IRQHandler
                0x00000000080017a8                DMA2_Stream1_IRQHandler
                0x00000000080017a8                CAN1_SCE_IRQHandler
                0x00000000080017a8                FLASH_IRQHandler
                0x00000000080017a8                DMA2_Stream4_IRQHandler
                0x00000000080017a8                USART1_IRQHandler
                0x00000000080017a8                OTG_FS_IRQHandler
                0x00000000080017a8                SPI3_IRQHandler
                0x00000000080017a8                DMA1_Stream4_IRQHandler
                0x00000000080017a8                I2C1_ER_IRQHandler
                0x00000000080017a8                FMC_IRQHandler
                0x00000000080017a8                LPTIM1_IRQHandler
                0x00000000080017a8                I2C4_ER_IRQHandler
                0x00000000080017a8                DMA2_Stream6_IRQHandler
                0x00000000080017a8                SAI1_IRQHandler
                0x00000000080017a8                DMA1_Stream3_IRQHandler
 .text.HAL_Init
                0x00000000080017aa       0x1a Drivers/STM32F7xx_HAL_Driver/Src/stm32f7xx_hal.o
                0x00000000080017aa                HAL_Init
 .text.HAL_IncTick
                0x00000000080017c4       0x28 Drivers/STM32F7xx_HAL_Driver/Src/stm32f7xx_hal.o
                0x00000000080017c4                HAL_IncTick
 .text.HAL_GetTick
                0x00000000080017ec       0x18 Drivers/STM32F7xx_HAL_Driver/Src/stm32f7xx_hal.o
                0x00000000080017ec                HAL_GetTick
 .text.HAL_SetTickFreq
                0x0000000008001804       0x50 Drivers/STM32F7xx_HAL_Driver/Src/stm32f7xx_hal.o
                0x0000000008001804                HAL_SetTickFreq
 .text.HAL_CAN_Init
                0x0000000008001854      0x1f6 Drivers/STM32F7xx_HAL_Driver/Src/stm32f7xx_hal_can.o
                0x0000000008001854                HAL_CAN_Init
 *fill*         0x0000000008001a4a        0x2 
 .text.HAL_CAN_ConfigFilter
                0x0000000008001a4c      0x1d8 Drivers/STM32F7xx_HAL_Driver/Src/stm32f7xx_hal_can.o
                0x0000000008001a4c                HAL_CAN_ConfigFilter
 .text.HAL_CAN_Start
                0x0000000008001c24       0x88 Drivers/STM32F7xx_HAL_Driver/Src/stm32f7xx_hal_can.o
                0x0000000008001c24                HAL_CAN_Start
 .text.HAL_CAN_AddTxMessage
                0x0000000008001cac      0x1b6 Drivers/STM32F7xx_HAL_Driver/Src/stm32f7xx_hal_can.o
                0x0000000008001cac                HAL_CAN_AddTxMessage
 .text.HAL_CAN_GetTxMailboxesFreeLevel
                0x0000000008001e62       0x6a Drivers/STM32F7xx_HAL_Driver/Src/stm32f7xx_hal_can.o
                0x0000000008001e62                HAL_CAN_GetTxMailboxesFreeLevel
 .text.HAL_CAN_GetRxMessage
                0x0000000008001ecc      0x224 Drivers/STM32F7xx_HAL_Driver/Src/stm32f7xx_hal_can.o
                0x0000000008001ecc                HAL_CAN_GetRxMessage
 .text.HAL_CAN_GetRxFifoFillLevel
                0x00000000080020f0       0x50 Drivers/STM32F7xx_HAL_Driver/Src/stm32f7xx_hal_can.o
                0x00000000080020f0                HAL_CAN_GetRxFifoFillLevel
 .text.HAL_CAN_ActivateNotification
                0x0000000008002140       0x4c Drivers/STM32F7xx_HAL_Driver/Src/stm32f7xx_hal_can.o
                0x0000000008002140                HAL_CAN_ActivateNotification
 .text.HAL_CAN_IRQHandler
                0x000000000800218c      0x362 Drivers/STM32F7xx_HAL_Driver/Src/stm32f7xx_hal_can.o
                0x000000000800218c                HAL_CAN_IRQHandler
 .text.HAL_CAN_RxFifo0FullCallback
                0x00000000080024ee       0x14 Drivers/STM32F7xx_HAL_Driver/Src/stm32f7xx_hal_can.o
                0x00000000080024ee                HAL_CAN_RxFifo0FullCallback
 .text.HAL_CAN_RxFifo1FullCallback
                0x0000000008002502       0x14 Drivers/STM32F7xx_HAL_Driver/Src/stm32f7xx_hal_can.o
                0x0000000008002502                HAL_CAN_RxFifo1FullCallback
 .text.HAL_CAN_SleepCallback
                0x0000000008002516       0x14 Drivers/STM32F7xx_HAL_Driver/Src/stm32f7xx_hal_can.o
                0x0000000008002516                HAL_CAN_SleepCallback
 .text.HAL_CAN_WakeUpFromRxMsgCallback
                0x000000000800252a       0x14 Drivers/STM32F7xx_HAL_Driver/Src/stm32f7xx_hal_can.o
                0x000000000800252a                HAL_CAN_WakeUpFromRxMsgCallback
 .text.HAL_CAN_ErrorCallback
                0x000000000800253e       0x14 Drivers/STM32F7xx_HAL_Driver/Src/stm32f7xx_hal_can.o
                0x000000000800253e                HAL_CAN_ErrorCallback
 *fill*         0x0000000008002552        0x2 
 .text.__NVIC_SetPriorityGrouping
                0x0000000008002554       0x48 Drivers/STM32F7xx_HAL_Driver/Src/stm32f7xx_hal_cortex.o
 .text.__NVIC_GetPriorityGrouping
                0x000000000800259c       0x1c Drivers/STM32F7xx_HAL_Driver/Src/stm32f7xx_hal_cortex.o
 .text.__NVIC_EnableIRQ
                0x00000000080025b8       0x3c Drivers/STM32F7xx_HAL_Driver/Src/stm32f7xx_hal_cortex.o
 .text.__NVIC_SetPriority
                0x00000000080025f4       0x54 Drivers/STM32F7xx_HAL_Driver/Src/stm32f7xx_hal_cortex.o
 .text.NVIC_EncodePriority
                0x0000000008002648       0x66 Drivers/STM32F7xx_HAL_Driver/Src/stm32f7xx_hal_cortex.o
 .text.HAL_NVIC_SetPriorityGrouping
                0x00000000080026ae       0x16 Drivers/STM32F7xx_HAL_Driver/Src/stm32f7xx_hal_cortex.o
                0x00000000080026ae                HAL_NVIC_SetPriorityGrouping
 .text.HAL_NVIC_SetPriority
                0x00000000080026c4       0x38 Drivers/STM32F7xx_HAL_Driver/Src/stm32f7xx_hal_cortex.o
                0x00000000080026c4                HAL_NVIC_SetPriority
 .text.HAL_NVIC_EnableIRQ
                0x00000000080026fc       0x1c Drivers/STM32F7xx_HAL_Driver/Src/stm32f7xx_hal_cortex.o
                0x00000000080026fc                HAL_NVIC_EnableIRQ
 .text.HAL_GPIO_Init
                0x0000000008002718      0x354 Drivers/STM32F7xx_HAL_Driver/Src/stm32f7xx_hal_gpio.o
                0x0000000008002718                HAL_GPIO_Init
 .text.HAL_GPIO_WritePin
                0x0000000008002a6c       0x32 Drivers/STM32F7xx_HAL_Driver/Src/stm32f7xx_hal_gpio.o
                0x0000000008002a6c                HAL_GPIO_WritePin
 *fill*         0x0000000008002a9e        0x2 
 .text.HAL_RCC_OscConfig
                0x0000000008002aa0      0x55c Drivers/STM32F7xx_HAL_Driver/Src/stm32f7xx_hal_rcc.o
                0x0000000008002aa0                HAL_RCC_OscConfig
 .text.HAL_RCC_ClockConfig
                0x0000000008002ffc      0x1d8 Drivers/STM32F7xx_HAL_Driver/Src/stm32f7xx_hal_rcc.o
                0x0000000008002ffc                HAL_RCC_ClockConfig
 .text.HAL_RCC_GetSysClockFreq
                0x00000000080031d4      0x164 Drivers/STM32F7xx_HAL_Driver/Src/stm32f7xx_hal_rcc.o
                0x00000000080031d4                HAL_RCC_GetSysClockFreq
 .text.HAL_RCC_GetHCLKFreq
                0x0000000008003338       0x18 Drivers/STM32F7xx_HAL_Driver/Src/stm32f7xx_hal_rcc.o
                0x0000000008003338                HAL_RCC_GetHCLKFreq
 .text.HAL_RCC_GetPCLK1Freq
                0x0000000008003350       0x28 Drivers/STM32F7xx_HAL_Driver/Src/stm32f7xx_hal_rcc.o
                0x0000000008003350                HAL_RCC_GetPCLK1Freq
 .text.HAL_RCC_GetClockConfig
                0x0000000008003378       0x64 Drivers/STM32F7xx_HAL_Driver/Src/stm32f7xx_hal_rcc.o
                0x0000000008003378                HAL_RCC_GetClockConfig
 .text.HAL_TIM_Base_Init
                0x00000000080033dc       0x56 Drivers/STM32F7xx_HAL_Driver/Src/stm32f7xx_hal_tim.o
                0x00000000080033dc                HAL_TIM_Base_Init
 .text.HAL_TIM_Base_MspInit
                0x0000000008003432       0x14 Drivers/STM32F7xx_HAL_Driver/Src/stm32f7xx_hal_tim.o
                0x0000000008003432                HAL_TIM_Base_MspInit
 *fill*         0x0000000008003446        0x2 
 .text.HAL_TIM_Base_Start_IT
                0x0000000008003448       0x54 Drivers/STM32F7xx_HAL_Driver/Src/stm32f7xx_hal_tim.o
                0x0000000008003448                HAL_TIM_Base_Start_IT
 .text.HAL_TIM_IRQHandler
                0x000000000800349c      0x23e Drivers/STM32F7xx_HAL_Driver/Src/stm32f7xx_hal_tim.o
                0x000000000800349c                HAL_TIM_IRQHandler
 .text.HAL_TIM_OC_DelayElapsedCallback
                0x00000000080036da       0x14 Drivers/STM32F7xx_HAL_Driver/Src/stm32f7xx_hal_tim.o
                0x00000000080036da                HAL_TIM_OC_DelayElapsedCallback
 .text.HAL_TIM_IC_CaptureCallback
                0x00000000080036ee       0x14 Drivers/STM32F7xx_HAL_Driver/Src/stm32f7xx_hal_tim.o
                0x00000000080036ee                HAL_TIM_IC_CaptureCallback
 .text.HAL_TIM_PWM_PulseFinishedCallback
                0x0000000008003702       0x14 Drivers/STM32F7xx_HAL_Driver/Src/stm32f7xx_hal_tim.o
                0x0000000008003702                HAL_TIM_PWM_PulseFinishedCallback
 .text.HAL_TIM_TriggerCallback
                0x0000000008003716       0x14 Drivers/STM32F7xx_HAL_Driver/Src/stm32f7xx_hal_tim.o
                0x0000000008003716                HAL_TIM_TriggerCallback
 *fill*         0x000000000800372a        0x2 
 .text.TIM_Base_SetConfig
                0x000000000800372c      0x140 Drivers/STM32F7xx_HAL_Driver/Src/stm32f7xx_hal_tim.o
                0x000000000800372c                TIM_Base_SetConfig
 .text.HAL_TIMEx_CommutCallback
                0x000000000800386c       0x14 Drivers/STM32F7xx_HAL_Driver/Src/stm32f7xx_hal_tim_ex.o
                0x000000000800386c                HAL_TIMEx_CommutCallback
 .text.HAL_TIMEx_BreakCallback
                0x0000000008003880       0x14 Drivers/STM32F7xx_HAL_Driver/Src/stm32f7xx_hal_tim_ex.o
                0x0000000008003880                HAL_TIMEx_BreakCallback
 .text.HAL_TIMEx_Break2Callback
                0x0000000008003894       0x14 Drivers/STM32F7xx_HAL_Driver/Src/stm32f7xx_hal_tim_ex.o
                0x0000000008003894                HAL_TIMEx_Break2Callback
 .text.makeFreeRtosPriority
                0x00000000080038a8       0x30 Middlewares/Third_Party/FreeRTOS/Source/CMSIS_RTOS/cmsis_os.o
 .text.osKernelStart
                0x00000000080038d8        0xe Middlewares/Third_Party/FreeRTOS/Source/CMSIS_RTOS/cmsis_os.o
                0x00000000080038d8                osKernelStart
 .text.osThreadCreate
                0x00000000080038e6       0x98 Middlewares/Third_Party/FreeRTOS/Source/CMSIS_RTOS/cmsis_os.o
                0x00000000080038e6                osThreadCreate
 .text.osDelay  0x000000000800397e       0x28 Middlewares/Third_Party/FreeRTOS/Source/CMSIS_RTOS/cmsis_os.o
                0x000000000800397e                osDelay
 .text.vListInitialise
                0x00000000080039a6       0x40 Middlewares/Third_Party/FreeRTOS/Source/list.o
                0x00000000080039a6                vListInitialise
 .text.vListInitialiseItem
                0x00000000080039e6       0x1a Middlewares/Third_Party/FreeRTOS/Source/list.o
                0x00000000080039e6                vListInitialiseItem
 .text.vListInsertEnd
                0x0000000008003a00       0x48 Middlewares/Third_Party/FreeRTOS/Source/list.o
                0x0000000008003a00                vListInsertEnd
 .text.vListInsert
                0x0000000008003a48       0x72 Middlewares/Third_Party/FreeRTOS/Source/list.o
                0x0000000008003a48                vListInsert
 .text.uxListRemove
                0x0000000008003aba       0x54 Middlewares/Third_Party/FreeRTOS/Source/list.o
                0x0000000008003aba                uxListRemove
 .text.xTaskCreateStatic
                0x0000000008003b0e       0xc0 Middlewares/Third_Party/FreeRTOS/Source/tasks.o
                0x0000000008003b0e                xTaskCreateStatic
 .text.xTaskCreate
                0x0000000008003bce       0x8a Middlewares/Third_Party/FreeRTOS/Source/tasks.o
                0x0000000008003bce                xTaskCreate
 .text.prvInitialiseNewTask
                0x0000000008003c58      0x110 Middlewares/Third_Party/FreeRTOS/Source/tasks.o
 .text.prvAddNewTaskToReadyList
                0x0000000008003d68       0xd4 Middlewares/Third_Party/FreeRTOS/Source/tasks.o
 .text.vTaskDelay
                0x0000000008003e3c       0x6c Middlewares/Third_Party/FreeRTOS/Source/tasks.o
                0x0000000008003e3c                vTaskDelay
 .text.vTaskStartScheduler
                0x0000000008003ea8       0xc4 Middlewares/Third_Party/FreeRTOS/Source/tasks.o
                0x0000000008003ea8                vTaskStartScheduler
 .text.vTaskSuspendAll
                0x0000000008003f6c       0x1c Middlewares/Third_Party/FreeRTOS/Source/tasks.o
                0x0000000008003f6c                vTaskSuspendAll
 .text.xTaskResumeAll
                0x0000000008003f88      0x13c Middlewares/Third_Party/FreeRTOS/Source/tasks.o
                0x0000000008003f88                xTaskResumeAll
 .text.xTaskIncrementTick
                0x00000000080040c4      0x174 Middlewares/Third_Party/FreeRTOS/Source/tasks.o
                0x00000000080040c4                xTaskIncrementTick
 .text.vTaskSwitchContext
                0x0000000008004238       0xb8 Middlewares/Third_Party/FreeRTOS/Source/tasks.o
                0x0000000008004238                vTaskSwitchContext
 .text.prvIdleTask
                0x00000000080042f0       0x30 Middlewares/Third_Party/FreeRTOS/Source/tasks.o
 .text.prvInitialiseTaskLists
                0x0000000008004320       0x80 Middlewares/Third_Party/FreeRTOS/Source/tasks.o
 .text.prvCheckTasksWaitingTermination
                0x00000000080043a0       0x58 Middlewares/Third_Party/FreeRTOS/Source/tasks.o
 .text.prvDeleteTCB
                0x00000000080043f8       0x60 Middlewares/Third_Party/FreeRTOS/Source/tasks.o
 .text.prvResetNextTaskUnblockTime
                0x0000000008004458       0x40 Middlewares/Third_Party/FreeRTOS/Source/tasks.o
 .text.prvAddCurrentTaskToDelayedList
                0x0000000008004498       0xcc Middlewares/Third_Party/FreeRTOS/Source/tasks.o
 .text.pxPortInitialiseStack
                0x0000000008004564       0x68 Middlewares/Third_Party/FreeRTOS/Source/portable/GCC/ARM_CM7/r0p1/port.o
                0x0000000008004564                pxPortInitialiseStack
 .text.prvTaskExitError
                0x00000000080045cc       0x5c Middlewares/Third_Party/FreeRTOS/Source/portable/GCC/ARM_CM7/r0p1/port.o
 *fill*         0x0000000008004628        0x8 
 .text.SVC_Handler
                0x0000000008004630       0x28 Middlewares/Third_Party/FreeRTOS/Source/portable/GCC/ARM_CM7/r0p1/port.o
                0x0000000008004630                SVC_Handler
 .text.prvPortStartFirstTask
                0x0000000008004658       0x28 Middlewares/Third_Party/FreeRTOS/Source/portable/GCC/ARM_CM7/r0p1/port.o
 .text.xPortStartScheduler
                0x0000000008004680       0xf8 Middlewares/Third_Party/FreeRTOS/Source/portable/GCC/ARM_CM7/r0p1/port.o
                0x0000000008004680                xPortStartScheduler
 .text.vPortEnterCritical
                0x0000000008004778       0x64 Middlewares/Third_Party/FreeRTOS/Source/portable/GCC/ARM_CM7/r0p1/port.o
                0x0000000008004778                vPortEnterCritical
 .text.vPortExitCritical
                0x00000000080047dc       0x54 Middlewares/Third_Party/FreeRTOS/Source/portable/GCC/ARM_CM7/r0p1/port.o
                0x00000000080047dc                vPortExitCritical
 .text.PendSV_Handler
                0x0000000008004830       0x68 Middlewares/Third_Party/FreeRTOS/Source/portable/GCC/ARM_CM7/r0p1/port.o
                0x0000000008004830                PendSV_Handler
 .text.SysTick_Handler
                0x0000000008004898       0x44 Middlewares/Third_Party/FreeRTOS/Source/portable/GCC/ARM_CM7/r0p1/port.o
                0x0000000008004898                SysTick_Handler
 .text.vPortSetupTimerInterrupt
                0x00000000080048dc       0x48 Middlewares/Third_Party/FreeRTOS/Source/portable/GCC/ARM_CM7/r0p1/port.o
                0x00000000080048dc                vPortSetupTimerInterrupt
 .text.vPortEnableVFP
                0x0000000008004924       0x14 Middlewares/Third_Party/FreeRTOS/Source/portable/GCC/ARM_CM7/r0p1/port.o
 .text.pvPortMalloc
                0x0000000008004938      0x190 Middlewares/Third_Party/FreeRTOS/Source/portable/MemMang/heap_4.o
                0x0000000008004938                pvPortMalloc
 .text.vPortFree
                0x0000000008004ac8       0xb8 Middlewares/Third_Party/FreeRTOS/Source/portable/MemMang/heap_4.o
                0x0000000008004ac8                vPortFree
 .text.prvHeapInit
                0x0000000008004b80       0xc4 Middlewares/Third_Party/FreeRTOS/Source/portable/MemMang/heap_4.o
 .text.prvInsertBlockIntoFreeList
                0x0000000008004c44       0xb4 Middlewares/Third_Party/FreeRTOS/Source/portable/MemMang/heap_4.o
 .text.init_can
                0x0000000008004cf8      0x13c gophercan-lib/GopherCAN.o
                0x0000000008004cf8                init_can
 .text.init_filters
                0x0000000008004e34       0x50 gophercan-lib/GopherCAN.o
 .text.HAL_CAN_RxFifo0MsgPendingCallback
                0x0000000008004e84       0x18 gophercan-lib/GopherCAN.o
                0x0000000008004e84                HAL_CAN_RxFifo0MsgPendingCallback
 .text.HAL_CAN_RxFifo1MsgPendingCallback
                0x0000000008004e9c       0x18 gophercan-lib/GopherCAN.o
                0x0000000008004e9c                HAL_CAN_RxFifo1MsgPendingCallback
 .text.send_can_command
                0x0000000008004eb4       0x98 gophercan-lib/GopherCAN.o
                0x0000000008004eb4                send_can_command
 .text.send_parameter
                0x0000000008004f4c      0x210 gophercan-lib/GopherCAN.o
                0x0000000008004f4c                send_parameter
 .text.add_custom_can_func
                0x000000000800515c       0x60 gophercan-lib/GopherCAN.o
                0x000000000800515c                add_custom_can_func
 .text.service_can_tx_hardware
                0x00000000080051bc       0x88 gophercan-lib/GopherCAN.o
                0x00000000080051bc                service_can_tx_hardware
 .text.service_can_rx_hardware
                0x0000000008005244       0x8c gophercan-lib/GopherCAN.o
                0x0000000008005244                service_can_rx_hardware
 .text.service_can_rx_buffer
                0x00000000080052d0       0x38 gophercan-lib/GopherCAN.o
                0x00000000080052d0                service_can_rx_buffer
 .text.tx_can_message
                0x0000000008005308       0x4c gophercan-lib/GopherCAN.o
 .text.service_can_rx_message
                0x0000000008005354      0x20c gophercan-lib/GopherCAN.o
 .text.parameter_requested
                0x0000000008005560       0x5c gophercan-lib/GopherCAN.o
 .text.run_can_command
                0x00000000080055bc       0x94 gophercan-lib/GopherCAN.o
 .text.build_message_id
                0x0000000008005650       0xc0 gophercan-lib/GopherCAN.o
 .text.get_message_id
                0x0000000008005710       0x6e gophercan-lib/GopherCAN.o
 *fill*         0x000000000800577e        0x2 
 .text.send_error_message
                0x0000000008005780       0x5c gophercan-lib/GopherCAN.o
 .text.define_can_bus
                0x00000000080057dc       0x5c gophercan-lib/GopherCAN.o
                0x00000000080057dc                define_can_bus
 .text.HAL_CAN_TxMailbox0CompleteCallback
                0x0000000008005838       0x16 gophercan-lib/GopherCAN.o
                0x0000000008005838                HAL_CAN_TxMailbox0CompleteCallback
 .text.HAL_CAN_TxMailbox1CompleteCallback
                0x000000000800584e       0x16 gophercan-lib/GopherCAN.o
                0x000000000800584e                HAL_CAN_TxMailbox1CompleteCallback
 .text.HAL_CAN_TxMailbox2CompleteCallback
                0x0000000008005864       0x16 gophercan-lib/GopherCAN.o
                0x0000000008005864                HAL_CAN_TxMailbox2CompleteCallback
 .text.HAL_CAN_TxMailbox0AbortCallback
                0x000000000800587a       0x16 gophercan-lib/GopherCAN.o
                0x000000000800587a                HAL_CAN_TxMailbox0AbortCallback
 .text.HAL_CAN_TxMailbox1AbortCallback
                0x0000000008005890       0x16 gophercan-lib/GopherCAN.o
                0x0000000008005890                HAL_CAN_TxMailbox1AbortCallback
 .text.HAL_CAN_TxMailbox2AbortCallback
                0x00000000080058a6       0x16 gophercan-lib/GopherCAN.o
                0x00000000080058a6                HAL_CAN_TxMailbox2AbortCallback
 .text.choose_tx_buffer_from_hcan
                0x00000000080058bc       0x30 gophercan-lib/GopherCAN.o
 .text.choose_tx_buffer_from_dest_module
                0x00000000080058ec       0x48 gophercan-lib/GopherCAN.o
 .text.send_message_to_all_busses
                0x0000000008005934       0x40 gophercan-lib/GopherCAN.o
 .text.rout_can_message
                0x0000000008005974       0xd4 gophercan-lib/GopherCAN.o
 .text.do_nothing
                0x0000000008005a48       0x24 gophercan-lib/GopherCAN.o
                0x0000000008005a48                do_nothing
 .text.init_buffer
                0x0000000008005a6c       0x32 gophercan-lib/GopherCAN_ring_buffer.o
                0x0000000008005a6c                init_buffer
 .text.is_full  0x0000000008005a9e       0x26 gophercan-lib/GopherCAN_ring_buffer.o
                0x0000000008005a9e                is_full
 .text.is_empty
                0x0000000008005ac4       0x22 gophercan-lib/GopherCAN_ring_buffer.o
                0x0000000008005ac4                is_empty
 .text.get_from_buffer
                0x0000000008005ae6       0x38 gophercan-lib/GopherCAN_ring_buffer.o
                0x0000000008005ae6                get_from_buffer
 .text.remove_from_front
                0x0000000008005b1e       0x44 gophercan-lib/GopherCAN_ring_buffer.o
                0x0000000008005b1e                remove_from_front
 .text.add_message_to_back
                0x0000000008005b62       0x6c gophercan-lib/GopherCAN_ring_buffer.o
                0x0000000008005b62                add_message_to_back
 *fill*         0x0000000008005bce        0x2 
 .text.__errno  0x0000000008005bd0        0xc c:/st/stm32cubeide_1.5.0/stm32cubeide/plugins/com.st.stm32cube.ide.mcu.externaltools.gnu-tools-for-stm32.7-2018-q2-update.win32_1.5.0.202011040924/tools/bin/../lib/gcc/arm-none-eabi/7.3.1/../../../../arm-none-eabi/lib/thumb/v7e-m/fpv5/hard\libc_nano.a(lib_a-errno.o)
                0x0000000008005bd0                __errno
 .text.__libc_init_array
                0x0000000008005bdc       0x48 c:/st/stm32cubeide_1.5.0/stm32cubeide/plugins/com.st.stm32cube.ide.mcu.externaltools.gnu-tools-for-stm32.7-2018-q2-update.win32_1.5.0.202011040924/tools/bin/../lib/gcc/arm-none-eabi/7.3.1/../../../../arm-none-eabi/lib/thumb/v7e-m/fpv5/hard\libc_nano.a(lib_a-init.o)
                0x0000000008005bdc                __libc_init_array
 .text.malloc   0x0000000008005c24       0x10 c:/st/stm32cubeide_1.5.0/stm32cubeide/plugins/com.st.stm32cube.ide.mcu.externaltools.gnu-tools-for-stm32.7-2018-q2-update.win32_1.5.0.202011040924/tools/bin/../lib/gcc/arm-none-eabi/7.3.1/../../../../arm-none-eabi/lib/thumb/v7e-m/fpv5/hard\libc_nano.a(lib_a-malloc.o)
                0x0000000008005c24                malloc
 .text.free     0x0000000008005c34       0x10 c:/st/stm32cubeide_1.5.0/stm32cubeide/plugins/com.st.stm32cube.ide.mcu.externaltools.gnu-tools-for-stm32.7-2018-q2-update.win32_1.5.0.202011040924/tools/bin/../lib/gcc/arm-none-eabi/7.3.1/../../../../arm-none-eabi/lib/thumb/v7e-m/fpv5/hard\libc_nano.a(lib_a-malloc.o)
                0x0000000008005c34                free
 .text.memset   0x0000000008005c44       0x10 c:/st/stm32cubeide_1.5.0/stm32cubeide/plugins/com.st.stm32cube.ide.mcu.externaltools.gnu-tools-for-stm32.7-2018-q2-update.win32_1.5.0.202011040924/tools/bin/../lib/gcc/arm-none-eabi/7.3.1/../../../../arm-none-eabi/lib/thumb/v7e-m/fpv5/hard\libc_nano.a(lib_a-memset.o)
                0x0000000008005c44                memset
 .text._free_r  0x0000000008005c54       0x9c c:/st/stm32cubeide_1.5.0/stm32cubeide/plugins/com.st.stm32cube.ide.mcu.externaltools.gnu-tools-for-stm32.7-2018-q2-update.win32_1.5.0.202011040924/tools/bin/../lib/gcc/arm-none-eabi/7.3.1/../../../../arm-none-eabi/lib/thumb/v7e-m/fpv5/hard\libc_nano.a(lib_a-nano-freer.o)
                0x0000000008005c54                _free_r
 .text._malloc_r
                0x0000000008005cf0       0xb4 c:/st/stm32cubeide_1.5.0/stm32cubeide/plugins/com.st.stm32cube.ide.mcu.externaltools.gnu-tools-for-stm32.7-2018-q2-update.win32_1.5.0.202011040924/tools/bin/../lib/gcc/arm-none-eabi/7.3.1/../../../../arm-none-eabi/lib/thumb/v7e-m/fpv5/hard\libc_nano.a(lib_a-nano-mallocr.o)
                0x0000000008005cf0                _malloc_r
 .text._sbrk_r  0x0000000008005da4       0x20 c:/st/stm32cubeide_1.5.0/stm32cubeide/plugins/com.st.stm32cube.ide.mcu.externaltools.gnu-tools-for-stm32.7-2018-q2-update.win32_1.5.0.202011040924/tools/bin/../lib/gcc/arm-none-eabi/7.3.1/../../../../arm-none-eabi/lib/thumb/v7e-m/fpv5/hard\libc_nano.a(lib_a-sbrkr.o)
                0x0000000008005da4                _sbrk_r
 .text.__malloc_lock
                0x0000000008005dc4        0x2 c:/st/stm32cubeide_1.5.0/stm32cubeide/plugins/com.st.stm32cube.ide.mcu.externaltools.gnu-tools-for-stm32.7-2018-q2-update.win32_1.5.0.202011040924/tools/bin/../lib/gcc/arm-none-eabi/7.3.1/../../../../arm-none-eabi/lib/thumb/v7e-m/fpv5/hard\libc_nano.a(lib_a-mlock.o)
                0x0000000008005dc4                __malloc_lock
 .text.__malloc_unlock
                0x0000000008005dc6        0x2 c:/st/stm32cubeide_1.5.0/stm32cubeide/plugins/com.st.stm32cube.ide.mcu.externaltools.gnu-tools-for-stm32.7-2018-q2-update.win32_1.5.0.202011040924/tools/bin/../lib/gcc/arm-none-eabi/7.3.1/../../../../arm-none-eabi/lib/thumb/v7e-m/fpv5/hard\libc_nano.a(lib_a-mlock.o)
                0x0000000008005dc6                __malloc_unlock
 *(.glue_7)
 .glue_7        0x0000000008005dc8        0x0 linker stubs
 *(.glue_7t)
 .glue_7t       0x0000000008005dc8        0x0 linker stubs
 *(.eh_frame)
 .eh_frame      0x0000000008005dc8        0x0 c:/st/stm32cubeide_1.5.0/stm32cubeide/plugins/com.st.stm32cube.ide.mcu.externaltools.gnu-tools-for-stm32.7-2018-q2-update.win32_1.5.0.202011040924/tools/bin/../lib/gcc/arm-none-eabi/7.3.1/thumb/v7e-m/fpv5/hard/crtbegin.o
 *(.init)
 .init          0x0000000008005dc8        0x4 c:/st/stm32cubeide_1.5.0/stm32cubeide/plugins/com.st.stm32cube.ide.mcu.externaltools.gnu-tools-for-stm32.7-2018-q2-update.win32_1.5.0.202011040924/tools/bin/../lib/gcc/arm-none-eabi/7.3.1/thumb/v7e-m/fpv5/hard/crti.o
                0x0000000008005dc8                _init
 .init          0x0000000008005dcc        0x8 c:/st/stm32cubeide_1.5.0/stm32cubeide/plugins/com.st.stm32cube.ide.mcu.externaltools.gnu-tools-for-stm32.7-2018-q2-update.win32_1.5.0.202011040924/tools/bin/../lib/gcc/arm-none-eabi/7.3.1/thumb/v7e-m/fpv5/hard/crtn.o
 *(.fini)
 .fini          0x0000000008005dd4        0x4 c:/st/stm32cubeide_1.5.0/stm32cubeide/plugins/com.st.stm32cube.ide.mcu.externaltools.gnu-tools-for-stm32.7-2018-q2-update.win32_1.5.0.202011040924/tools/bin/../lib/gcc/arm-none-eabi/7.3.1/thumb/v7e-m/fpv5/hard/crti.o
                0x0000000008005dd4                _fini
 .fini          0x0000000008005dd8        0x8 c:/st/stm32cubeide_1.5.0/stm32cubeide/plugins/com.st.stm32cube.ide.mcu.externaltools.gnu-tools-for-stm32.7-2018-q2-update.win32_1.5.0.202011040924/tools/bin/../lib/gcc/arm-none-eabi/7.3.1/thumb/v7e-m/fpv5/hard/crtn.o
                0x0000000008005de0                . = ALIGN (0x4)
                0x0000000008005de0                _etext = .

.vfp11_veneer   0x0000000008005de0        0x0
 .vfp11_veneer  0x0000000008005de0        0x0 linker stubs

.v4_bx          0x0000000008005de0        0x0
 .v4_bx         0x0000000008005de0        0x0 linker stubs

.iplt           0x0000000008005de0        0x0
 .iplt          0x0000000008005de0        0x0 c:/st/stm32cubeide_1.5.0/stm32cubeide/plugins/com.st.stm32cube.ide.mcu.externaltools.gnu-tools-for-stm32.7-2018-q2-update.win32_1.5.0.202011040924/tools/bin/../lib/gcc/arm-none-eabi/7.3.1/thumb/v7e-m/fpv5/hard/crtbegin.o

.rodata         0x0000000008005de0       0x78
                0x0000000008005de0                . = ALIGN (0x4)
 *(.rodata)
 .rodata        0x0000000008005de0       0x58 Core/Src/main.o
 .rodata        0x0000000008005e38        0x5 Middlewares/Third_Party/FreeRTOS/Source/tasks.o
 *(.rodata*)
 *fill*         0x0000000008005e3d        0x3 
 .rodata.AHBPrescTable
                0x0000000008005e40       0x10 Core/Src/system_stm32f7xx.o
                0x0000000008005e40                AHBPrescTable
 .rodata.APBPrescTable
                0x0000000008005e50        0x8 Core/Src/system_stm32f7xx.o
                0x0000000008005e50                APBPrescTable
                0x0000000008005e58                . = ALIGN (0x4)

.ARM.extab      0x0000000008005e58        0x0
                0x0000000008005e58                . = ALIGN (0x4)
 *(.ARM.extab* .gnu.linkonce.armextab.*)
                0x0000000008005e58                . = ALIGN (0x4)

.ARM            0x0000000008005e58        0x8
                0x0000000008005e58                . = ALIGN (0x4)
                0x0000000008005e58                __exidx_start = .
 *(.ARM.exidx*)
 .ARM.exidx     0x0000000008005e58        0x8 c:/st/stm32cubeide_1.5.0/stm32cubeide/plugins/com.st.stm32cube.ide.mcu.externaltools.gnu-tools-for-stm32.7-2018-q2-update.win32_1.5.0.202011040924/tools/bin/../lib/gcc/arm-none-eabi/7.3.1/thumb/v7e-m/fpv5/hard\libgcc.a(_udivmoddi4.o)
                0x0000000008005e60                __exidx_end = .
                0x0000000008005e60                . = ALIGN (0x4)

.rel.dyn        0x0000000008005e60        0x0
 .rel.iplt      0x0000000008005e60        0x0 c:/st/stm32cubeide_1.5.0/stm32cubeide/plugins/com.st.stm32cube.ide.mcu.externaltools.gnu-tools-for-stm32.7-2018-q2-update.win32_1.5.0.202011040924/tools/bin/../lib/gcc/arm-none-eabi/7.3.1/thumb/v7e-m/fpv5/hard/crtbegin.o

.preinit_array  0x0000000008005e60        0x0
                0x0000000008005e60                . = ALIGN (0x4)
                0x0000000008005e60                PROVIDE (__preinit_array_start = .)
 *(.preinit_array*)
                0x0000000008005e60                PROVIDE (__preinit_array_end = .)
                0x0000000008005e60                . = ALIGN (0x4)

.init_array     0x0000000008005e60        0x4
                0x0000000008005e60                . = ALIGN (0x4)
                0x0000000008005e60                PROVIDE (__init_array_start = .)
 *(SORT_BY_NAME(.init_array.*))
 *(.init_array*)
 .init_array    0x0000000008005e60        0x4 c:/st/stm32cubeide_1.5.0/stm32cubeide/plugins/com.st.stm32cube.ide.mcu.externaltools.gnu-tools-for-stm32.7-2018-q2-update.win32_1.5.0.202011040924/tools/bin/../lib/gcc/arm-none-eabi/7.3.1/thumb/v7e-m/fpv5/hard/crtbegin.o
                0x0000000008005e64                PROVIDE (__init_array_end = .)
                0x0000000008005e64                . = ALIGN (0x4)

.fini_array     0x0000000008005e64        0x4
                0x0000000008005e64                . = ALIGN (0x4)
                [!provide]                        PROVIDE (__fini_array_start = .)
 *(SORT_BY_NAME(.fini_array.*))
 *(.fini_array*)
 .fini_array    0x0000000008005e64        0x4 c:/st/stm32cubeide_1.5.0/stm32cubeide/plugins/com.st.stm32cube.ide.mcu.externaltools.gnu-tools-for-stm32.7-2018-q2-update.win32_1.5.0.202011040924/tools/bin/../lib/gcc/arm-none-eabi/7.3.1/thumb/v7e-m/fpv5/hard/crtbegin.o
                [!provide]                        PROVIDE (__fini_array_end = .)
                0x0000000008005e68                . = ALIGN (0x4)
                0x0000000008005e68                _sidata = LOADADDR (.data)

.data           0x0000000020000000       0xb8 load address 0x0000000008005e68
                0x0000000020000000                . = ALIGN (0x4)
                0x0000000020000000                _sdata = .
 *(.data)
 *(.data*)
 .data.SystemCoreClock
                0x0000000020000000        0x4 Core/Src/system_stm32f7xx.o
                0x0000000020000000                SystemCoreClock
 .data.uwTickPrio
                0x0000000020000004        0x4 Drivers/STM32F7xx_HAL_Driver/Src/stm32f7xx_hal.o
                0x0000000020000004                uwTickPrio
 .data.uwTickFreq
                0x0000000020000008        0x1 Drivers/STM32F7xx_HAL_Driver/Src/stm32f7xx_hal.o
                0x0000000020000008                uwTickFreq
 *fill*         0x0000000020000009        0x3 
 .data.uxCriticalNesting
                0x000000002000000c        0x4 Middlewares/Third_Party/FreeRTOS/Source/portable/GCC/ARM_CM7/r0p1/port.o
 .data.all_parameter_structs
                0x0000000020000010       0x30 gophercan-lib/GopherCAN.o
                0x0000000020000010                all_parameter_structs
 .data.parameter_data_types
                0x0000000020000040        0xc gophercan-lib/GopherCAN.o
                0x0000000020000040                parameter_data_types
 .data.module_bus_number
                0x000000002000004c        0x7 gophercan-lib/GopherCAN.o
                0x000000002000004c                module_bus_number
 *fill*         0x0000000020000053        0x1 
 .data._impure_ptr
                0x0000000020000054        0x4 c:/st/stm32cubeide_1.5.0/stm32cubeide/plugins/com.st.stm32cube.ide.mcu.externaltools.gnu-tools-for-stm32.7-2018-q2-update.win32_1.5.0.202011040924/tools/bin/../lib/gcc/arm-none-eabi/7.3.1/../../../../arm-none-eabi/lib/thumb/v7e-m/fpv5/hard\libc_nano.a(lib_a-impure.o)
                0x0000000020000054                _impure_ptr
 .data.impure_data
                0x0000000020000058       0x60 c:/st/stm32cubeide_1.5.0/stm32cubeide/plugins/com.st.stm32cube.ide.mcu.externaltools.gnu-tools-for-stm32.7-2018-q2-update.win32_1.5.0.202011040924/tools/bin/../lib/gcc/arm-none-eabi/7.3.1/../../../../arm-none-eabi/lib/thumb/v7e-m/fpv5/hard\libc_nano.a(lib_a-impure.o)
 *(.RamFunc)
 *(.RamFunc*)
                0x00000000200000b8                . = ALIGN (0x4)
                0x00000000200000b8                _edata = .

.igot.plt       0x00000000200000b8        0x0 load address 0x0000000008005f20
 .igot.plt      0x00000000200000b8        0x0 c:/st/stm32cubeide_1.5.0/stm32cubeide/plugins/com.st.stm32cube.ide.mcu.externaltools.gnu-tools-for-stm32.7-2018-q2-update.win32_1.5.0.202011040924/tools/bin/../lib/gcc/arm-none-eabi/7.3.1/thumb/v7e-m/fpv5/hard/crtbegin.o
                0x00000000200000b8                . = ALIGN (0x4)

.bss            0x00000000200000b8     0x47bc load address 0x0000000008005f20
                0x00000000200000b8                _sbss = .
                0x00000000200000b8                __bss_start__ = _sbss
 *(.bss)
 .bss           0x00000000200000b8       0x1c c:/st/stm32cubeide_1.5.0/stm32cubeide/plugins/com.st.stm32cube.ide.mcu.externaltools.gnu-tools-for-stm32.7-2018-q2-update.win32_1.5.0.202011040924/tools/bin/../lib/gcc/arm-none-eabi/7.3.1/thumb/v7e-m/fpv5/hard/crtbegin.o
 *(.bss*)
 .bss.ram_data  0x00000000200000d4        0xc Core/Src/dlm-high_level_functions.o
                0x00000000200000d4                ram_data
 .bss.counter   0x00000000200000e0        0x2 Core/Src/dlm-high_level_functions.o
                0x00000000200000e0                counter
 *fill*         0x00000000200000e2        0x2 
 .bss.bucket_list_head
                0x00000000200000e4       0x10 Core/Src/dlm-manage_data_aquisition.o
                0x00000000200000e4                bucket_list_head
 .bss.xIdleTaskTCBBuffer
                0x00000000200000f4       0x54 Core/Src/freertos.o
 .bss.xIdleStack
                0x0000000020000148      0x200 Core/Src/freertos.o
 .bss.HAL_RCC_CAN1_CLK_ENABLED
                0x0000000020000348        0x4 Core/Src/stm32f7xx_hal_msp.o
 .bss.__sbrk_heap_end
                0x000000002000034c        0x4 Core/Src/sysmem.o
 .bss.pxCurrentTCB
                0x0000000020000350        0x4 Middlewares/Third_Party/FreeRTOS/Source/tasks.o
                0x0000000020000350                pxCurrentTCB
 .bss.pxReadyTasksLists
                0x0000000020000354       0x8c Middlewares/Third_Party/FreeRTOS/Source/tasks.o
 .bss.xDelayedTaskList1
                0x00000000200003e0       0x14 Middlewares/Third_Party/FreeRTOS/Source/tasks.o
 .bss.xDelayedTaskList2
                0x00000000200003f4       0x14 Middlewares/Third_Party/FreeRTOS/Source/tasks.o
 .bss.pxDelayedTaskList
                0x0000000020000408        0x4 Middlewares/Third_Party/FreeRTOS/Source/tasks.o
 .bss.pxOverflowDelayedTaskList
                0x000000002000040c        0x4 Middlewares/Third_Party/FreeRTOS/Source/tasks.o
 .bss.xPendingReadyList
                0x0000000020000410       0x14 Middlewares/Third_Party/FreeRTOS/Source/tasks.o
 .bss.xTasksWaitingTermination
                0x0000000020000424       0x14 Middlewares/Third_Party/FreeRTOS/Source/tasks.o
 .bss.uxDeletedTasksWaitingCleanUp
                0x0000000020000438        0x4 Middlewares/Third_Party/FreeRTOS/Source/tasks.o
 .bss.xSuspendedTaskList
                0x000000002000043c       0x14 Middlewares/Third_Party/FreeRTOS/Source/tasks.o
 .bss.uxCurrentNumberOfTasks
                0x0000000020000450        0x4 Middlewares/Third_Party/FreeRTOS/Source/tasks.o
 .bss.xTickCount
                0x0000000020000454        0x4 Middlewares/Third_Party/FreeRTOS/Source/tasks.o
 .bss.uxTopReadyPriority
                0x0000000020000458        0x4 Middlewares/Third_Party/FreeRTOS/Source/tasks.o
 .bss.xSchedulerRunning
                0x000000002000045c        0x4 Middlewares/Third_Party/FreeRTOS/Source/tasks.o
 .bss.uxPendedTicks
                0x0000000020000460        0x4 Middlewares/Third_Party/FreeRTOS/Source/tasks.o
 .bss.xYieldPending
                0x0000000020000464        0x4 Middlewares/Third_Party/FreeRTOS/Source/tasks.o
 .bss.xNumOfOverflows
                0x0000000020000468        0x4 Middlewares/Third_Party/FreeRTOS/Source/tasks.o
 .bss.uxTaskNumber
                0x000000002000046c        0x4 Middlewares/Third_Party/FreeRTOS/Source/tasks.o
 .bss.xNextTaskUnblockTime
                0x0000000020000470        0x4 Middlewares/Third_Party/FreeRTOS/Source/tasks.o
 .bss.xIdleTaskHandle
                0x0000000020000474        0x4 Middlewares/Third_Party/FreeRTOS/Source/tasks.o
 .bss.uxSchedulerSuspended
                0x0000000020000478        0x4 Middlewares/Third_Party/FreeRTOS/Source/tasks.o
 .bss.ucMaxSysCallPriority
                0x000000002000047c        0x1 Middlewares/Third_Party/FreeRTOS/Source/portable/GCC/ARM_CM7/r0p1/port.o
 *fill*         0x000000002000047d        0x3 
 .bss.ulMaxPRIGROUPValue
                0x0000000020000480        0x4 Middlewares/Third_Party/FreeRTOS/Source/portable/GCC/ARM_CM7/r0p1/port.o
 .bss.ucHeap    0x0000000020000484     0x3c00 Middlewares/Third_Party/FreeRTOS/Source/portable/MemMang/heap_4.o
 .bss.xStart    0x0000000020004084        0x8 Middlewares/Third_Party/FreeRTOS/Source/portable/MemMang/heap_4.o
 .bss.pxEnd     0x000000002000408c        0x4 Middlewares/Third_Party/FreeRTOS/Source/portable/MemMang/heap_4.o
 .bss.xFreeBytesRemaining
                0x0000000020004090        0x4 Middlewares/Third_Party/FreeRTOS/Source/portable/MemMang/heap_4.o
 .bss.xMinimumEverFreeBytesRemaining
                0x0000000020004094        0x4 Middlewares/Third_Party/FreeRTOS/Source/portable/MemMang/heap_4.o
 .bss.xBlockAllocatedBit
                0x0000000020004098        0x4 Middlewares/Third_Party/FreeRTOS/Source/portable/MemMang/heap_4.o
 .bss.hcan_error
                0x000000002000409c        0x4 gophercan-lib/GopherCAN.o
                0x000000002000409c                hcan_error
 .bss.__malloc_free_list
                0x00000000200040a0        0x4 c:/st/stm32cubeide_1.5.0/stm32cubeide/plugins/com.st.stm32cube.ide.mcu.externaltools.gnu-tools-for-stm32.7-2018-q2-update.win32_1.5.0.202011040924/tools/bin/../lib/gcc/arm-none-eabi/7.3.1/../../../../arm-none-eabi/lib/thumb/v7e-m/fpv5/hard\libc_nano.a(lib_a-nano-mallocr.o)
                0x00000000200040a0                __malloc_free_list
 .bss.__malloc_sbrk_start
                0x00000000200040a4        0x4 c:/st/stm32cubeide_1.5.0/stm32cubeide/plugins/com.st.stm32cube.ide.mcu.externaltools.gnu-tools-for-stm32.7-2018-q2-update.win32_1.5.0.202011040924/tools/bin/../lib/gcc/arm-none-eabi/7.3.1/../../../../arm-none-eabi/lib/thumb/v7e-m/fpv5/hard\libc_nano.a(lib_a-nano-mallocr.o)
                0x00000000200040a4                __malloc_sbrk_start
 *(COMMON)
 COMMON         0x00000000200040a8        0x8 Core/Src/dlm-high_level_functions.o
                0x00000000200040a8                dlm_hcan0
                0x00000000200040ac                dlm_hcan1
 COMMON         0x00000000200040b0        0x4 Core/Src/dlm-manage_data_aquisition.o
                0x00000000200040b0                ram_data_head
 COMMON         0x00000000200040b4        0x4 Core/Src/dlm-move_ram_data_to_storage.o
                0x00000000200040b4                ram_data_head_ptr
 COMMON         0x00000000200040b8       0x58 Core/Src/main.o
                0x00000000200040b8                hcan2
                0x00000000200040e0                dlm_main_loopHandle
                0x00000000200040e4                can_loop_taskHandle
                0x00000000200040e8                hcan1
 COMMON         0x0000000020004110       0x40 Core/Src/stm32f7xx_hal_timebase_tim.o
                0x0000000020004110                htim6
 COMMON         0x0000000020004150        0x4 Drivers/STM32F7xx_HAL_Driver/Src/stm32f7xx_hal.o
                0x0000000020004150                uwTick
 *fill*         0x0000000020004154        0x4 
 COMMON         0x0000000020004158      0x718 gophercan-lib/GopherCAN.o
                0x0000000020004158                u8_tester
                0x0000000020004160                tx_buffer_mem_1
                0x0000000020004360                last_error
                0x000000002000436c                rx_buffer_mem
                0x000000002000456c                can_command
                0x0000000020004578                u64_tester
                0x0000000020004588                fan_current
                0x0000000020004590                rx_buffer
                0x0000000020004598                tx_buffer_mem
                0x0000000020004798                tx_buffer
                0x00000000200047a0                s32_tester
                0x00000000200047ac                u16_tester
                0x00000000200047b4                gbus0
                0x00000000200047c0                s16_tester
                0x00000000200047c8                rpm
                0x00000000200047d0                u32_tester
                0x00000000200047dc                float_tester
                0x00000000200047e8                tx_buffer_1
                0x00000000200047f0                cust_funcs
                0x0000000020004848                s64_tester
                0x0000000020004858                this_module_id
                0x000000002000485c                s8_tester
                0x0000000020004864                gbus1
 COMMON         0x0000000020004870        0x4 c:/st/stm32cubeide_1.5.0/stm32cubeide/plugins/com.st.stm32cube.ide.mcu.externaltools.gnu-tools-for-stm32.7-2018-q2-update.win32_1.5.0.202011040924/tools/bin/../lib/gcc/arm-none-eabi/7.3.1/../../../../arm-none-eabi/lib/thumb/v7e-m/fpv5/hard\libc_nano.a(lib_a-reent.o)
                0x0000000020004870                errno
                0x0000000020004874                . = ALIGN (0x4)
                0x0000000020004874                _ebss = .
                0x0000000020004874                __bss_end__ = _ebss

._user_heap_stack
                0x0000000020004874      0x604 load address 0x0000000008005f20
                0x0000000020004878                . = ALIGN (0x8)
 *fill*         0x0000000020004874        0x4 
                [!provide]                        PROVIDE (end = .)
                0x0000000020004878                PROVIDE (_end = .)
                0x0000000020004a78                . = (. + _Min_Heap_Size)
 *fill*         0x0000000020004878      0x200 
                0x0000000020004e78                . = (. + _Min_Stack_Size)
 *fill*         0x0000000020004a78      0x400 
                0x0000000020004e78                . = ALIGN (0x8)

/DISCARD/
 libc.a(*)
 libm.a(*)
 libgcc.a(*)

.ARM.attributes
                0x0000000000000000       0x2e
 *(.ARM.attributes)
 .ARM.attributes
                0x0000000000000000       0x20 c:/st/stm32cubeide_1.5.0/stm32cubeide/plugins/com.st.stm32cube.ide.mcu.externaltools.gnu-tools-for-stm32.7-2018-q2-update.win32_1.5.0.202011040924/tools/bin/../lib/gcc/arm-none-eabi/7.3.1/thumb/v7e-m/fpv5/hard/crti.o
 .ARM.attributes
                0x0000000000000020       0x32 c:/st/stm32cubeide_1.5.0/stm32cubeide/plugins/com.st.stm32cube.ide.mcu.externaltools.gnu-tools-for-stm32.7-2018-q2-update.win32_1.5.0.202011040924/tools/bin/../lib/gcc/arm-none-eabi/7.3.1/thumb/v7e-m/fpv5/hard/crtbegin.o
 .ARM.attributes
                0x0000000000000052       0x37 Core/Src/dlm-high_level_functions.o
 .ARM.attributes
                0x0000000000000089       0x37 Core/Src/dlm-manage_data_aquisition.o
 .ARM.attributes
                0x00000000000000c0       0x37 Core/Src/dlm-move_ram_data_to_storage.o
 .ARM.attributes
                0x00000000000000f7       0x37 Core/Src/freertos.o
 .ARM.attributes
                0x000000000000012e       0x37 Core/Src/main.o
 .ARM.attributes
                0x0000000000000165       0x37 Core/Src/stm32f7xx_hal_msp.o
 .ARM.attributes
                0x000000000000019c       0x37 Core/Src/stm32f7xx_hal_timebase_tim.o
 .ARM.attributes
                0x00000000000001d3       0x37 Core/Src/stm32f7xx_it.o
 .ARM.attributes
                0x000000000000020a       0x37 Core/Src/sysmem.o
 .ARM.attributes
                0x0000000000000241       0x37 Core/Src/system_stm32f7xx.o
 .ARM.attributes
                0x0000000000000278       0x21 Core/Startup/startup_stm32f767zitx.o
 .ARM.attributes
                0x0000000000000299       0x37 Drivers/STM32F7xx_HAL_Driver/Src/stm32f7xx_hal.o
 .ARM.attributes
                0x00000000000002d0       0x37 Drivers/STM32F7xx_HAL_Driver/Src/stm32f7xx_hal_can.o
 .ARM.attributes
                0x0000000000000307       0x37 Drivers/STM32F7xx_HAL_Driver/Src/stm32f7xx_hal_cortex.o
 .ARM.attributes
                0x000000000000033e       0x37 Drivers/STM32F7xx_HAL_Driver/Src/stm32f7xx_hal_gpio.o
 .ARM.attributes
                0x0000000000000375       0x37 Drivers/STM32F7xx_HAL_Driver/Src/stm32f7xx_hal_rcc.o
 .ARM.attributes
                0x00000000000003ac       0x37 Drivers/STM32F7xx_HAL_Driver/Src/stm32f7xx_hal_tim.o
 .ARM.attributes
                0x00000000000003e3       0x37 Drivers/STM32F7xx_HAL_Driver/Src/stm32f7xx_hal_tim_ex.o
 .ARM.attributes
                0x000000000000041a       0x37 Middlewares/Third_Party/FreeRTOS/Source/CMSIS_RTOS/cmsis_os.o
 .ARM.attributes
                0x0000000000000451       0x37 Middlewares/Third_Party/FreeRTOS/Source/list.o
 .ARM.attributes
                0x0000000000000488       0x37 Middlewares/Third_Party/FreeRTOS/Source/tasks.o
 .ARM.attributes
                0x00000000000004bf       0x37 Middlewares/Third_Party/FreeRTOS/Source/portable/GCC/ARM_CM7/r0p1/port.o
 .ARM.attributes
                0x00000000000004f6       0x37 Middlewares/Third_Party/FreeRTOS/Source/portable/MemMang/heap_4.o
 .ARM.attributes
                0x000000000000052d       0x37 gophercan-lib/GopherCAN.o
 .ARM.attributes
                0x0000000000000564       0x37 gophercan-lib/GopherCAN_ring_buffer.o
 .ARM.attributes
                0x000000000000059b       0x32 c:/st/stm32cubeide_1.5.0/stm32cubeide/plugins/com.st.stm32cube.ide.mcu.externaltools.gnu-tools-for-stm32.7-2018-q2-update.win32_1.5.0.202011040924/tools/bin/../lib/gcc/arm-none-eabi/7.3.1/../../../../arm-none-eabi/lib/thumb/v7e-m/fpv5/hard\libc_nano.a(lib_a-errno.o)
 .ARM.attributes
                0x00000000000005cd       0x32 c:/st/stm32cubeide_1.5.0/stm32cubeide/plugins/com.st.stm32cube.ide.mcu.externaltools.gnu-tools-for-stm32.7-2018-q2-update.win32_1.5.0.202011040924/tools/bin/../lib/gcc/arm-none-eabi/7.3.1/../../../../arm-none-eabi/lib/thumb/v7e-m/fpv5/hard\libc_nano.a(lib_a-impure.o)
 .ARM.attributes
                0x00000000000005ff       0x32 c:/st/stm32cubeide_1.5.0/stm32cubeide/plugins/com.st.stm32cube.ide.mcu.externaltools.gnu-tools-for-stm32.7-2018-q2-update.win32_1.5.0.202011040924/tools/bin/../lib/gcc/arm-none-eabi/7.3.1/../../../../arm-none-eabi/lib/thumb/v7e-m/fpv5/hard\libc_nano.a(lib_a-init.o)
 .ARM.attributes
                0x0000000000000631       0x32 c:/st/stm32cubeide_1.5.0/stm32cubeide/plugins/com.st.stm32cube.ide.mcu.externaltools.gnu-tools-for-stm32.7-2018-q2-update.win32_1.5.0.202011040924/tools/bin/../lib/gcc/arm-none-eabi/7.3.1/../../../../arm-none-eabi/lib/thumb/v7e-m/fpv5/hard\libc_nano.a(lib_a-malloc.o)
 .ARM.attributes
                0x0000000000000663       0x32 c:/st/stm32cubeide_1.5.0/stm32cubeide/plugins/com.st.stm32cube.ide.mcu.externaltools.gnu-tools-for-stm32.7-2018-q2-update.win32_1.5.0.202011040924/tools/bin/../lib/gcc/arm-none-eabi/7.3.1/../../../../arm-none-eabi/lib/thumb/v7e-m/fpv5/hard\libc_nano.a(lib_a-memset.o)
 .ARM.attributes
                0x0000000000000695       0x32 c:/st/stm32cubeide_1.5.0/stm32cubeide/plugins/com.st.stm32cube.ide.mcu.externaltools.gnu-tools-for-stm32.7-2018-q2-update.win32_1.5.0.202011040924/tools/bin/../lib/gcc/arm-none-eabi/7.3.1/../../../../arm-none-eabi/lib/thumb/v7e-m/fpv5/hard\libc_nano.a(lib_a-nano-freer.o)
 .ARM.attributes
                0x00000000000006c7       0x32 c:/st/stm32cubeide_1.5.0/stm32cubeide/plugins/com.st.stm32cube.ide.mcu.externaltools.gnu-tools-for-stm32.7-2018-q2-update.win32_1.5.0.202011040924/tools/bin/../lib/gcc/arm-none-eabi/7.3.1/../../../../arm-none-eabi/lib/thumb/v7e-m/fpv5/hard\libc_nano.a(lib_a-nano-mallocr.o)
 .ARM.attributes
                0x00000000000006f9       0x32 c:/st/stm32cubeide_1.5.0/stm32cubeide/plugins/com.st.stm32cube.ide.mcu.externaltools.gnu-tools-for-stm32.7-2018-q2-update.win32_1.5.0.202011040924/tools/bin/../lib/gcc/arm-none-eabi/7.3.1/../../../../arm-none-eabi/lib/thumb/v7e-m/fpv5/hard\libc_nano.a(lib_a-sbrkr.o)
 .ARM.attributes
                0x000000000000072b       0x32 c:/st/stm32cubeide_1.5.0/stm32cubeide/plugins/com.st.stm32cube.ide.mcu.externaltools.gnu-tools-for-stm32.7-2018-q2-update.win32_1.5.0.202011040924/tools/bin/../lib/gcc/arm-none-eabi/7.3.1/../../../../arm-none-eabi/lib/thumb/v7e-m/fpv5/hard\libc_nano.a(lib_a-mlock.o)
 .ARM.attributes
                0x000000000000075d       0x32 c:/st/stm32cubeide_1.5.0/stm32cubeide/plugins/com.st.stm32cube.ide.mcu.externaltools.gnu-tools-for-stm32.7-2018-q2-update.win32_1.5.0.202011040924/tools/bin/../lib/gcc/arm-none-eabi/7.3.1/../../../../arm-none-eabi/lib/thumb/v7e-m/fpv5/hard\libc_nano.a(lib_a-reent.o)
 .ARM.attributes
                0x000000000000078f       0x20 c:/st/stm32cubeide_1.5.0/stm32cubeide/plugins/com.st.stm32cube.ide.mcu.externaltools.gnu-tools-for-stm32.7-2018-q2-update.win32_1.5.0.202011040924/tools/bin/../lib/gcc/arm-none-eabi/7.3.1/thumb/v7e-m/fpv5/hard\libgcc.a(_arm_addsubdf3.o)
 .ARM.attributes
                0x00000000000007af       0x20 c:/st/stm32cubeide_1.5.0/stm32cubeide/plugins/com.st.stm32cube.ide.mcu.externaltools.gnu-tools-for-stm32.7-2018-q2-update.win32_1.5.0.202011040924/tools/bin/../lib/gcc/arm-none-eabi/7.3.1/thumb/v7e-m/fpv5/hard\libgcc.a(_aeabi_uldivmod.o)
 .ARM.attributes
                0x00000000000007cf       0x32 c:/st/stm32cubeide_1.5.0/stm32cubeide/plugins/com.st.stm32cube.ide.mcu.externaltools.gnu-tools-for-stm32.7-2018-q2-update.win32_1.5.0.202011040924/tools/bin/../lib/gcc/arm-none-eabi/7.3.1/thumb/v7e-m/fpv5/hard\libgcc.a(_udivmoddi4.o)
 .ARM.attributes
                0x0000000000000801       0x20 c:/st/stm32cubeide_1.5.0/stm32cubeide/plugins/com.st.stm32cube.ide.mcu.externaltools.gnu-tools-for-stm32.7-2018-q2-update.win32_1.5.0.202011040924/tools/bin/../lib/gcc/arm-none-eabi/7.3.1/thumb/v7e-m/fpv5/hard\libgcc.a(_dvmd_tls.o)
 .ARM.attributes
                0x0000000000000821       0x20 c:/st/stm32cubeide_1.5.0/stm32cubeide/plugins/com.st.stm32cube.ide.mcu.externaltools.gnu-tools-for-stm32.7-2018-q2-update.win32_1.5.0.202011040924/tools/bin/../lib/gcc/arm-none-eabi/7.3.1/thumb/v7e-m/fpv5/hard/crtn.o
OUTPUT(Data_Logging_Module.elf elf32-littlearm)

.debug_info     0x0000000000000000    0x16629
 .debug_info    0x0000000000000000      0x9ed Core/Src/dlm-high_level_functions.o
 .debug_info    0x00000000000009ed     0x1503 Core/Src/dlm-manage_data_aquisition.o
 .debug_info    0x0000000000001ef0      0xe44 Core/Src/dlm-move_ram_data_to_storage.o
 .debug_info    0x0000000000002d34      0x344 Core/Src/freertos.o
 .debug_info    0x0000000000003078     0x1330 Core/Src/main.o
 .debug_info    0x00000000000043a8      0xc0d Core/Src/stm32f7xx_hal_msp.o
 .debug_info    0x0000000000004fb5      0xc43 Core/Src/stm32f7xx_hal_timebase_tim.o
 .debug_info    0x0000000000005bf8      0xb06 Core/Src/stm32f7xx_it.o
 .debug_info    0x00000000000066fe      0x985 Core/Src/sysmem.o
 .debug_info    0x0000000000007083      0x73d Core/Src/system_stm32f7xx.o
 .debug_info    0x00000000000077c0       0x22 Core/Startup/startup_stm32f767zitx.o
 .debug_info    0x00000000000077e2      0xa46 Drivers/STM32F7xx_HAL_Driver/Src/stm32f7xx_hal.o
 .debug_info    0x0000000000008228      0xfb3 Drivers/STM32F7xx_HAL_Driver/Src/stm32f7xx_hal_can.o
 .debug_info    0x00000000000091db     0x108c Drivers/STM32F7xx_HAL_Driver/Src/stm32f7xx_hal_cortex.o
 .debug_info    0x000000000000a267      0x7e9 Drivers/STM32F7xx_HAL_Driver/Src/stm32f7xx_hal_gpio.o
 .debug_info    0x000000000000aa50      0x996 Drivers/STM32F7xx_HAL_Driver/Src/stm32f7xx_hal_rcc.o
 .debug_info    0x000000000000b3e6     0x25bc Drivers/STM32F7xx_HAL_Driver/Src/stm32f7xx_hal_tim.o
 .debug_info    0x000000000000d9a2     0x1307 Drivers/STM32F7xx_HAL_Driver/Src/stm32f7xx_hal_tim_ex.o
 .debug_info    0x000000000000eca9     0x1e7e Middlewares/Third_Party/FreeRTOS/Source/CMSIS_RTOS/cmsis_os.o
 .debug_info    0x0000000000010b27      0xacb Middlewares/Third_Party/FreeRTOS/Source/list.o
 .debug_info    0x00000000000115f2     0x2494 Middlewares/Third_Party/FreeRTOS/Source/tasks.o
 .debug_info    0x0000000000013a86      0x4e4 Middlewares/Third_Party/FreeRTOS/Source/portable/GCC/ARM_CM7/r0p1/port.o
 .debug_info    0x0000000000013f6a      0xbea Middlewares/Third_Party/FreeRTOS/Source/portable/MemMang/heap_4.o
 .debug_info    0x0000000000014b54     0x1856 gophercan-lib/GopherCAN.o
 .debug_info    0x00000000000163aa      0x27f gophercan-lib/GopherCAN_ring_buffer.o

.debug_abbrev   0x0000000000000000     0x32ed
 .debug_abbrev  0x0000000000000000      0x1be Core/Src/dlm-high_level_functions.o
 .debug_abbrev  0x00000000000001be      0x283 Core/Src/dlm-manage_data_aquisition.o
 .debug_abbrev  0x0000000000000441      0x23b Core/Src/dlm-move_ram_data_to_storage.o
 .debug_abbrev  0x000000000000067c      0x109 Core/Src/freertos.o
 .debug_abbrev  0x0000000000000785      0x2ce Core/Src/main.o
 .debug_abbrev  0x0000000000000a53      0x1a9 Core/Src/stm32f7xx_hal_msp.o
 .debug_abbrev  0x0000000000000bfc      0x19d Core/Src/stm32f7xx_hal_timebase_tim.o
 .debug_abbrev  0x0000000000000d99      0x194 Core/Src/stm32f7xx_it.o
 .debug_abbrev  0x0000000000000f2d      0x19b Core/Src/sysmem.o
 .debug_abbrev  0x00000000000010c8      0x147 Core/Src/system_stm32f7xx.o
 .debug_abbrev  0x000000000000120f       0x12 Core/Startup/startup_stm32f767zitx.o
 .debug_abbrev  0x0000000000001221      0x1c7 Drivers/STM32F7xx_HAL_Driver/Src/stm32f7xx_hal.o
 .debug_abbrev  0x00000000000013e8      0x22a Drivers/STM32F7xx_HAL_Driver/Src/stm32f7xx_hal_can.o
 .debug_abbrev  0x0000000000001612      0x2fa Drivers/STM32F7xx_HAL_Driver/Src/stm32f7xx_hal_cortex.o
 .debug_abbrev  0x000000000000190c      0x1c9 Drivers/STM32F7xx_HAL_Driver/Src/stm32f7xx_hal_gpio.o
 .debug_abbrev  0x0000000000001ad5      0x268 Drivers/STM32F7xx_HAL_Driver/Src/stm32f7xx_hal_rcc.o
 .debug_abbrev  0x0000000000001d3d      0x230 Drivers/STM32F7xx_HAL_Driver/Src/stm32f7xx_hal_tim.o
 .debug_abbrev  0x0000000000001f6d      0x21e Drivers/STM32F7xx_HAL_Driver/Src/stm32f7xx_hal_tim_ex.o
 .debug_abbrev  0x000000000000218b      0x379 Middlewares/Third_Party/FreeRTOS/Source/CMSIS_RTOS/cmsis_os.o
 .debug_abbrev  0x0000000000002504      0x1cf Middlewares/Third_Party/FreeRTOS/Source/list.o
 .debug_abbrev  0x00000000000026d3      0x338 Middlewares/Third_Party/FreeRTOS/Source/tasks.o
 .debug_abbrev  0x0000000000002a0b      0x21b Middlewares/Third_Party/FreeRTOS/Source/portable/GCC/ARM_CM7/r0p1/port.o
 .debug_abbrev  0x0000000000002c26      0x29e Middlewares/Third_Party/FreeRTOS/Source/portable/MemMang/heap_4.o
 .debug_abbrev  0x0000000000002ec4      0x312 gophercan-lib/GopherCAN.o
 .debug_abbrev  0x00000000000031d6      0x117 gophercan-lib/GopherCAN_ring_buffer.o

.debug_aranges  0x0000000000000000     0x11f8
 .debug_aranges
                0x0000000000000000       0x60 Core/Src/dlm-high_level_functions.o
 .debug_aranges
                0x0000000000000060       0x50 Core/Src/dlm-manage_data_aquisition.o
 .debug_aranges
                0x00000000000000b0       0x40 Core/Src/dlm-move_ram_data_to_storage.o
 .debug_aranges
                0x00000000000000f0       0x20 Core/Src/freertos.o
 .debug_aranges
                0x0000000000000110       0x60 Core/Src/main.o
 .debug_aranges
                0x0000000000000170       0x30 Core/Src/stm32f7xx_hal_msp.o
 .debug_aranges
                0x00000000000001a0       0x30 Core/Src/stm32f7xx_hal_timebase_tim.o
 .debug_aranges
                0x00000000000001d0       0x70 Core/Src/stm32f7xx_it.o
 .debug_aranges
                0x0000000000000240       0x20 Core/Src/sysmem.o
 .debug_aranges
                0x0000000000000260       0x28 Core/Src/system_stm32f7xx.o
 .debug_aranges
                0x0000000000000288       0x28 Core/Startup/startup_stm32f767zitx.o
 .debug_aranges
                0x00000000000002b0      0x110 Drivers/STM32F7xx_HAL_Driver/Src/stm32f7xx_hal.o
 .debug_aranges
                0x00000000000003c0      0x138 Drivers/STM32F7xx_HAL_Driver/Src/stm32f7xx_hal_can.o
 .debug_aranges
                0x00000000000004f8      0x118 Drivers/STM32F7xx_HAL_Driver/Src/stm32f7xx_hal_cortex.o
 .debug_aranges
                0x0000000000000610       0x58 Drivers/STM32F7xx_HAL_Driver/Src/stm32f7xx_hal_gpio.o
 .debug_aranges
                0x0000000000000668       0x88 Drivers/STM32F7xx_HAL_Driver/Src/stm32f7xx_hal_rcc.o
 .debug_aranges
                0x00000000000006f0      0x3b8 Drivers/STM32F7xx_HAL_Driver/Src/stm32f7xx_hal_tim.o
 .debug_aranges
                0x0000000000000aa8      0x168 Drivers/STM32F7xx_HAL_Driver/Src/stm32f7xx_hal_tim_ex.o
 .debug_aranges
                0x0000000000000c10      0x1d8 Middlewares/Third_Party/FreeRTOS/Source/CMSIS_RTOS/cmsis_os.o
 .debug_aranges
                0x0000000000000de8       0x40 Middlewares/Third_Party/FreeRTOS/Source/list.o
 .debug_aranges
                0x0000000000000e28      0x1a8 Middlewares/Third_Party/FreeRTOS/Source/tasks.o
 .debug_aranges
                0x0000000000000fd0       0x80 Middlewares/Third_Party/FreeRTOS/Source/portable/GCC/ARM_CM7/r0p1/port.o
 .debug_aranges
                0x0000000000001050       0x50 Middlewares/Third_Party/FreeRTOS/Source/portable/MemMang/heap_4.o
 .debug_aranges
                0x00000000000010a0      0x110 gophercan-lib/GopherCAN.o
 .debug_aranges
                0x00000000000011b0       0x48 gophercan-lib/GopherCAN_ring_buffer.o

.debug_ranges   0x0000000000000000     0x1070
 .debug_ranges  0x0000000000000000       0x50 Core/Src/dlm-high_level_functions.o
 .debug_ranges  0x0000000000000050       0x40 Core/Src/dlm-manage_data_aquisition.o
 .debug_ranges  0x0000000000000090       0x30 Core/Src/dlm-move_ram_data_to_storage.o
 .debug_ranges  0x00000000000000c0       0x10 Core/Src/freertos.o
 .debug_ranges  0x00000000000000d0       0x50 Core/Src/main.o
 .debug_ranges  0x0000000000000120       0x20 Core/Src/stm32f7xx_hal_msp.o
 .debug_ranges  0x0000000000000140       0x20 Core/Src/stm32f7xx_hal_timebase_tim.o
 .debug_ranges  0x0000000000000160       0x60 Core/Src/stm32f7xx_it.o
 .debug_ranges  0x00000000000001c0       0x10 Core/Src/sysmem.o
 .debug_ranges  0x00000000000001d0       0x18 Core/Src/system_stm32f7xx.o
 .debug_ranges  0x00000000000001e8       0x20 Core/Startup/startup_stm32f767zitx.o
 .debug_ranges  0x0000000000000208      0x100 Drivers/STM32F7xx_HAL_Driver/Src/stm32f7xx_hal.o
 .debug_ranges  0x0000000000000308      0x128 Drivers/STM32F7xx_HAL_Driver/Src/stm32f7xx_hal_can.o
 .debug_ranges  0x0000000000000430      0x108 Drivers/STM32F7xx_HAL_Driver/Src/stm32f7xx_hal_cortex.o
 .debug_ranges  0x0000000000000538       0x48 Drivers/STM32F7xx_HAL_Driver/Src/stm32f7xx_hal_gpio.o
 .debug_ranges  0x0000000000000580       0x78 Drivers/STM32F7xx_HAL_Driver/Src/stm32f7xx_hal_rcc.o
 .debug_ranges  0x00000000000005f8      0x3a8 Drivers/STM32F7xx_HAL_Driver/Src/stm32f7xx_hal_tim.o
 .debug_ranges  0x00000000000009a0      0x158 Drivers/STM32F7xx_HAL_Driver/Src/stm32f7xx_hal_tim_ex.o
 .debug_ranges  0x0000000000000af8      0x1c8 Middlewares/Third_Party/FreeRTOS/Source/CMSIS_RTOS/cmsis_os.o
 .debug_ranges  0x0000000000000cc0       0x30 Middlewares/Third_Party/FreeRTOS/Source/list.o
 .debug_ranges  0x0000000000000cf0      0x198 Middlewares/Third_Party/FreeRTOS/Source/tasks.o
 .debug_ranges  0x0000000000000e88       0x70 Middlewares/Third_Party/FreeRTOS/Source/portable/GCC/ARM_CM7/r0p1/port.o
 .debug_ranges  0x0000000000000ef8       0x40 Middlewares/Third_Party/FreeRTOS/Source/portable/MemMang/heap_4.o
 .debug_ranges  0x0000000000000f38      0x100 gophercan-lib/GopherCAN.o
 .debug_ranges  0x0000000000001038       0x38 gophercan-lib/GopherCAN_ring_buffer.o

.debug_macro    0x0000000000000000    0x28dfb
 .debug_macro   0x0000000000000000      0x23c Core/Src/dlm-high_level_functions.o
 .debug_macro   0x000000000000023c       0x10 Core/Src/dlm-high_level_functions.o
 .debug_macro   0x000000000000024c       0x2e Core/Src/dlm-high_level_functions.o
 .debug_macro   0x000000000000027a      0x293 Core/Src/dlm-high_level_functions.o
 .debug_macro   0x000000000000050d       0x2e Core/Src/dlm-high_level_functions.o
 .debug_macro   0x000000000000053b       0x3b Core/Src/dlm-high_level_functions.o
 .debug_macro   0x0000000000000576       0x22 Core/Src/dlm-high_level_functions.o
 .debug_macro   0x0000000000000598       0x8e Core/Src/dlm-high_level_functions.o
 .debug_macro   0x0000000000000626       0x51 Core/Src/dlm-high_level_functions.o
 .debug_macro   0x0000000000000677       0xef Core/Src/dlm-high_level_functions.o
 .debug_macro   0x0000000000000766       0x6a Core/Src/dlm-high_level_functions.o
 .debug_macro   0x00000000000007d0      0x1df Core/Src/dlm-high_level_functions.o
 .debug_macro   0x00000000000009af       0x1c Core/Src/dlm-high_level_functions.o
 .debug_macro   0x00000000000009cb       0x22 Core/Src/dlm-high_level_functions.o
 .debug_macro   0x00000000000009ed       0xdf Core/Src/dlm-high_level_functions.o
 .debug_macro   0x0000000000000acc     0x12cd Core/Src/dlm-high_level_functions.o
 .debug_macro   0x0000000000001d99      0x11f Core/Src/dlm-high_level_functions.o
 .debug_macro   0x0000000000001eb8       0x19 Core/Src/dlm-high_level_functions.o
 .debug_macro   0x0000000000001ed1    0x1a9b4 Core/Src/dlm-high_level_functions.o
 .debug_macro   0x000000000001c885       0x43 Core/Src/dlm-high_level_functions.o
 .debug_macro   0x000000000001c8c8     0x36b4 Core/Src/dlm-high_level_functions.o
 .debug_macro   0x000000000001ff7c      0x174 Core/Src/dlm-high_level_functions.o
 .debug_macro   0x00000000000200f0       0x61 Core/Src/dlm-high_level_functions.o
 .debug_macro   0x0000000000020151     0x1add Core/Src/dlm-high_level_functions.o
 .debug_macro   0x0000000000021c2e      0x6c4 Core/Src/dlm-high_level_functions.o
 .debug_macro   0x00000000000222f2      0x18b Core/Src/dlm-high_level_functions.o
 .debug_macro   0x000000000002247d      0x117 Core/Src/dlm-high_level_functions.o
 .debug_macro   0x0000000000022594      0x26f Core/Src/dlm-high_level_functions.o
 .debug_macro   0x0000000000022803       0x27 Core/Src/dlm-high_level_functions.o
 .debug_macro   0x000000000002282a      0x24f Core/Src/dlm-high_level_functions.o
 .debug_macro   0x0000000000022a79       0x71 Core/Src/dlm-high_level_functions.o
 .debug_macro   0x0000000000022aea       0x58 Core/Src/dlm-high_level_functions.o
 .debug_macro   0x0000000000022b42      0x236 Core/Src/dlm-high_level_functions.o
 .debug_macro   0x0000000000022d78      0x40f Core/Src/dlm-high_level_functions.o
 .debug_macro   0x0000000000023187      0x14f Core/Src/dlm-high_level_functions.o
 .debug_macro   0x00000000000232d6      0x3dc Core/Src/dlm-high_level_functions.o
 .debug_macro   0x00000000000236b2       0x12 Core/Src/dlm-high_level_functions.o
 .debug_macro   0x00000000000236c4      0x22c Core/Src/dlm-high_level_functions.o
 .debug_macro   0x00000000000238f0       0x61 Core/Src/dlm-high_level_functions.o
 .debug_macro   0x0000000000023951       0xa5 Core/Src/dlm-high_level_functions.o
 .debug_macro   0x00000000000239f6      0x12f Core/Src/dlm-high_level_functions.o
 .debug_macro   0x0000000000023b25      0x108 Core/Src/dlm-high_level_functions.o
 .debug_macro   0x0000000000023c2d       0x35 Core/Src/dlm-high_level_functions.o
 .debug_macro   0x0000000000023c62      0xa3d Core/Src/dlm-high_level_functions.o
 .debug_macro   0x000000000002469f       0xa9 Core/Src/dlm-high_level_functions.o
 .debug_macro   0x0000000000024748      0x15c Core/Src/dlm-high_level_functions.o
 .debug_macro   0x00000000000248a4      0x1c2 Core/Src/dlm-high_level_functions.o
 .debug_macro   0x0000000000024a66       0x16 Core/Src/dlm-high_level_functions.o
 .debug_macro   0x0000000000024a7c       0x22 Core/Src/dlm-high_level_functions.o
 .debug_macro   0x0000000000024a9e      0x2e8 Core/Src/dlm-manage_data_aquisition.o
 .debug_macro   0x0000000000024d86       0x17 Core/Src/dlm-manage_data_aquisition.o
 .debug_macro   0x0000000000024d9d       0x46 Core/Src/dlm-manage_data_aquisition.o
 .debug_macro   0x0000000000024de3       0x3c Core/Src/dlm-manage_data_aquisition.o
 .debug_macro   0x0000000000024e1f       0x34 Core/Src/dlm-manage_data_aquisition.o
 .debug_macro   0x0000000000024e53       0x16 Core/Src/dlm-manage_data_aquisition.o
 .debug_macro   0x0000000000024e69       0x35 Core/Src/dlm-manage_data_aquisition.o
 .debug_macro   0x0000000000024e9e       0x52 Core/Src/dlm-manage_data_aquisition.o
 .debug_macro   0x0000000000024ef0       0x1f Core/Src/dlm-manage_data_aquisition.o
 .debug_macro   0x0000000000024f0f       0x43 Core/Src/dlm-manage_data_aquisition.o
 .debug_macro   0x0000000000024f52       0x20 Core/Src/dlm-manage_data_aquisition.o
 .debug_macro   0x0000000000024f72      0x1a3 Core/Src/dlm-manage_data_aquisition.o
 .debug_macro   0x0000000000025115      0x32a Core/Src/dlm-manage_data_aquisition.o
 .debug_macro   0x000000000002543f       0x16 Core/Src/dlm-manage_data_aquisition.o
 .debug_macro   0x0000000000025455       0x29 Core/Src/dlm-manage_data_aquisition.o
 .debug_macro   0x000000000002547e      0x2e8 Core/Src/dlm-move_ram_data_to_storage.o
 .debug_macro   0x0000000000025766       0x1c Core/Src/dlm-move_ram_data_to_storage.o
 .debug_macro   0x0000000000025782      0x24b Core/Src/freertos.o
 .debug_macro   0x00000000000259cd       0xea Core/Src/freertos.o
 .debug_macro   0x0000000000025ab7      0x15a Core/Src/freertos.o
 .debug_macro   0x0000000000025c11       0xde Core/Src/freertos.o
 .debug_macro   0x0000000000025cef       0x1c Core/Src/freertos.o
 .debug_macro   0x0000000000025d0b       0x26 Core/Src/freertos.o
 .debug_macro   0x0000000000025d31      0x4e8 Core/Src/freertos.o
 .debug_macro   0x0000000000026219       0xb5 Core/Src/freertos.o
 .debug_macro   0x00000000000262ce       0xaa Core/Src/freertos.o
 .debug_macro   0x0000000000026378      0x296 Core/Src/main.o
 .debug_macro   0x000000000002660e       0xea Core/Src/main.o
 .debug_macro   0x00000000000266f8       0x91 Core/Src/main.o
 .debug_macro   0x0000000000026789       0x8d Core/Src/main.o
 .debug_macro   0x0000000000026816       0x7e Core/Src/main.o
 .debug_macro   0x0000000000026894       0x19 Core/Src/main.o
 .debug_macro   0x00000000000268ad       0xf2 Core/Src/main.o
 .debug_macro   0x000000000002699f      0x1e3 Core/Src/stm32f7xx_hal_msp.o
 .debug_macro   0x0000000000026b82      0x1d9 Core/Src/stm32f7xx_hal_timebase_tim.o
 .debug_macro   0x0000000000026d5b      0x1ed Core/Src/stm32f7xx_it.o
 .debug_macro   0x0000000000026f48       0xee Core/Src/sysmem.o
 .debug_macro   0x0000000000027036      0x23b Core/Src/sysmem.o
 .debug_macro   0x0000000000027271      0x1df Core/Src/system_stm32f7xx.o
 .debug_macro   0x0000000000027450      0x1fd Drivers/STM32F7xx_HAL_Driver/Src/stm32f7xx_hal.o
 .debug_macro   0x000000000002764d      0x1e1 Drivers/STM32F7xx_HAL_Driver/Src/stm32f7xx_hal_can.o
 .debug_macro   0x000000000002782e      0x1d9 Drivers/STM32F7xx_HAL_Driver/Src/stm32f7xx_hal_cortex.o
 .debug_macro   0x0000000000027a07      0x20f Drivers/STM32F7xx_HAL_Driver/Src/stm32f7xx_hal_gpio.o
 .debug_macro   0x0000000000027c16      0x1fd Drivers/STM32F7xx_HAL_Driver/Src/stm32f7xx_hal_rcc.o
 .debug_macro   0x0000000000027e13      0x1da Drivers/STM32F7xx_HAL_Driver/Src/stm32f7xx_hal_tim.o
 .debug_macro   0x0000000000027fed      0x1d9 Drivers/STM32F7xx_HAL_Driver/Src/stm32f7xx_hal_tim_ex.o
 .debug_macro   0x00000000000281c6      0x1f1 Middlewares/Third_Party/FreeRTOS/Source/CMSIS_RTOS/cmsis_os.o
 .debug_macro   0x00000000000283b7       0x10 Middlewares/Third_Party/FreeRTOS/Source/CMSIS_RTOS/cmsis_os.o
 .debug_macro   0x00000000000283c7       0x20 Middlewares/Third_Party/FreeRTOS/Source/CMSIS_RTOS/cmsis_os.o
 .debug_macro   0x00000000000283e7       0xc7 Middlewares/Third_Party/FreeRTOS/Source/CMSIS_RTOS/cmsis_os.o
 .debug_macro   0x00000000000284ae      0x17a Middlewares/Third_Party/FreeRTOS/Source/list.o
 .debug_macro   0x0000000000028628      0x26c Middlewares/Third_Party/FreeRTOS/Source/tasks.o
 .debug_macro   0x0000000000028894       0x10 Middlewares/Third_Party/FreeRTOS/Source/tasks.o
 .debug_macro   0x00000000000288a4      0x184 Middlewares/Third_Party/FreeRTOS/Source/portable/GCC/ARM_CM7/r0p1/port.o
 .debug_macro   0x0000000000028a28      0x1a1 Middlewares/Third_Party/FreeRTOS/Source/portable/MemMang/heap_4.o
 .debug_macro   0x0000000000028bc9      0x204 gophercan-lib/GopherCAN.o
 .debug_macro   0x0000000000028dcd       0x2e gophercan-lib/GopherCAN_ring_buffer.o

.debug_line     0x0000000000000000     0xe81d
 .debug_line    0x0000000000000000      0x8fd Core/Src/dlm-high_level_functions.o
 .debug_line    0x00000000000008fd      0xa5d Core/Src/dlm-manage_data_aquisition.o
 .debug_line    0x000000000000135a      0x9f4 Core/Src/dlm-move_ram_data_to_storage.o
 .debug_line    0x0000000000001d4e      0x7ce Core/Src/freertos.o
 .debug_line    0x000000000000251c      0x945 Core/Src/main.o
 .debug_line    0x0000000000002e61      0x72c Core/Src/stm32f7xx_hal_msp.o
 .debug_line    0x000000000000358d      0x704 Core/Src/stm32f7xx_hal_timebase_tim.o
 .debug_line    0x0000000000003c91      0x79e Core/Src/stm32f7xx_it.o
 .debug_line    0x000000000000442f      0x4c7 Core/Src/sysmem.o
 .debug_line    0x00000000000048f6      0x6e9 Core/Src/system_stm32f7xx.o
 .debug_line    0x0000000000004fdf       0x85 Core/Startup/startup_stm32f767zitx.o
 .debug_line    0x0000000000005064      0x91c Drivers/STM32F7xx_HAL_Driver/Src/stm32f7xx_hal.o
 .debug_line    0x0000000000005980      0xb82 Drivers/STM32F7xx_HAL_Driver/Src/stm32f7xx_hal_can.o
 .debug_line    0x0000000000006502      0x9f9 Drivers/STM32F7xx_HAL_Driver/Src/stm32f7xx_hal_cortex.o
 .debug_line    0x0000000000006efb      0x8dd Drivers/STM32F7xx_HAL_Driver/Src/stm32f7xx_hal_gpio.o
 .debug_line    0x00000000000077d8      0x982 Drivers/STM32F7xx_HAL_Driver/Src/stm32f7xx_hal_rcc.o