Archive member included to satisfy reference by file (symbol)

d:/ssd_programs/stm32cubeide_1.5.0/stm32cubeide/plugins/com.st.stm32cube.ide.mcu.externaltools.gnu-tools-for-stm32.7-2018-q2-update.win32_1.5.0.202011040924/tools/bin/../lib/gcc/arm-none-eabi/7.3.1/../../../../arm-none-eabi/lib/thumb/v7e-m/fpv5/hard\libc_nano.a(lib_a-errno.o)
                              Core/Src/syscalls.o (__errno)
d:/ssd_programs/stm32cubeide_1.5.0/stm32cubeide/plugins/com.st.stm32cube.ide.mcu.externaltools.gnu-tools-for-stm32.7-2018-q2-update.win32_1.5.0.202011040924/tools/bin/../lib/gcc/arm-none-eabi/7.3.1/../../../../arm-none-eabi/lib/thumb/v7e-m/fpv5/hard\libc_nano.a(lib_a-exit.o)
                              d:/ssd_programs/stm32cubeide_1.5.0/stm32cubeide/plugins/com.st.stm32cube.ide.mcu.externaltools.gnu-tools-for-stm32.7-2018-q2-update.win32_1.5.0.202011040924/tools/bin/../lib/gcc/arm-none-eabi/7.3.1/../../../../arm-none-eabi/lib/thumb/v7e-m/fpv5/hard/crt0.o (exit)
d:/ssd_programs/stm32cubeide_1.5.0/stm32cubeide/plugins/com.st.stm32cube.ide.mcu.externaltools.gnu-tools-for-stm32.7-2018-q2-update.win32_1.5.0.202011040924/tools/bin/../lib/gcc/arm-none-eabi/7.3.1/../../../../arm-none-eabi/lib/thumb/v7e-m/fpv5/hard\libc_nano.a(lib_a-impure.o)
                              d:/ssd_programs/stm32cubeide_1.5.0/stm32cubeide/plugins/com.st.stm32cube.ide.mcu.externaltools.gnu-tools-for-stm32.7-2018-q2-update.win32_1.5.0.202011040924/tools/bin/../lib/gcc/arm-none-eabi/7.3.1/../../../../arm-none-eabi/lib/thumb/v7e-m/fpv5/hard\libc_nano.a(lib_a-exit.o) (_global_impure_ptr)
d:/ssd_programs/stm32cubeide_1.5.0/stm32cubeide/plugins/com.st.stm32cube.ide.mcu.externaltools.gnu-tools-for-stm32.7-2018-q2-update.win32_1.5.0.202011040924/tools/bin/../lib/gcc/arm-none-eabi/7.3.1/../../../../arm-none-eabi/lib/thumb/v7e-m/fpv5/hard\libc_nano.a(lib_a-init.o)
                              d:/ssd_programs/stm32cubeide_1.5.0/stm32cubeide/plugins/com.st.stm32cube.ide.mcu.externaltools.gnu-tools-for-stm32.7-2018-q2-update.win32_1.5.0.202011040924/tools/bin/../lib/gcc/arm-none-eabi/7.3.1/../../../../arm-none-eabi/lib/thumb/v7e-m/fpv5/hard/crt0.o (__libc_init_array)
d:/ssd_programs/stm32cubeide_1.5.0/stm32cubeide/plugins/com.st.stm32cube.ide.mcu.externaltools.gnu-tools-for-stm32.7-2018-q2-update.win32_1.5.0.202011040924/tools/bin/../lib/gcc/arm-none-eabi/7.3.1/../../../../arm-none-eabi/lib/thumb/v7e-m/fpv5/hard\libc_nano.a(lib_a-malloc.o)
                              Core/Src/dlm-manage_data_aquisition.o (malloc)
d:/ssd_programs/stm32cubeide_1.5.0/stm32cubeide/plugins/com.st.stm32cube.ide.mcu.externaltools.gnu-tools-for-stm32.7-2018-q2-update.win32_1.5.0.202011040924/tools/bin/../lib/gcc/arm-none-eabi/7.3.1/../../../../arm-none-eabi/lib/thumb/v7e-m/fpv5/hard\libc_nano.a(lib_a-memcpy-stub.o)
                              Middlewares/Third_Party/FreeRTOS/Source/queue.o (memcpy)
d:/ssd_programs/stm32cubeide_1.5.0/stm32cubeide/plugins/com.st.stm32cube.ide.mcu.externaltools.gnu-tools-for-stm32.7-2018-q2-update.win32_1.5.0.202011040924/tools/bin/../lib/gcc/arm-none-eabi/7.3.1/../../../../arm-none-eabi/lib/thumb/v7e-m/fpv5/hard\libc_nano.a(lib_a-memset.o)
                              d:/ssd_programs/stm32cubeide_1.5.0/stm32cubeide/plugins/com.st.stm32cube.ide.mcu.externaltools.gnu-tools-for-stm32.7-2018-q2-update.win32_1.5.0.202011040924/tools/bin/../lib/gcc/arm-none-eabi/7.3.1/../../../../arm-none-eabi/lib/thumb/v7e-m/fpv5/hard/crt0.o (memset)
d:/ssd_programs/stm32cubeide_1.5.0/stm32cubeide/plugins/com.st.stm32cube.ide.mcu.externaltools.gnu-tools-for-stm32.7-2018-q2-update.win32_1.5.0.202011040924/tools/bin/../lib/gcc/arm-none-eabi/7.3.1/../../../../arm-none-eabi/lib/thumb/v7e-m/fpv5/hard\libc_nano.a(lib_a-nano-freer.o)
                              d:/ssd_programs/stm32cubeide_1.5.0/stm32cubeide/plugins/com.st.stm32cube.ide.mcu.externaltools.gnu-tools-for-stm32.7-2018-q2-update.win32_1.5.0.202011040924/tools/bin/../lib/gcc/arm-none-eabi/7.3.1/../../../../arm-none-eabi/lib/thumb/v7e-m/fpv5/hard\libc_nano.a(lib_a-malloc.o) (_free_r)
d:/ssd_programs/stm32cubeide_1.5.0/stm32cubeide/plugins/com.st.stm32cube.ide.mcu.externaltools.gnu-tools-for-stm32.7-2018-q2-update.win32_1.5.0.202011040924/tools/bin/../lib/gcc/arm-none-eabi/7.3.1/../../../../arm-none-eabi/lib/thumb/v7e-m/fpv5/hard\libc_nano.a(lib_a-nano-mallocr.o)
                              d:/ssd_programs/stm32cubeide_1.5.0/stm32cubeide/plugins/com.st.stm32cube.ide.mcu.externaltools.gnu-tools-for-stm32.7-2018-q2-update.win32_1.5.0.202011040924/tools/bin/../lib/gcc/arm-none-eabi/7.3.1/../../../../arm-none-eabi/lib/thumb/v7e-m/fpv5/hard\libc_nano.a(lib_a-malloc.o) (_malloc_r)
d:/ssd_programs/stm32cubeide_1.5.0/stm32cubeide/plugins/com.st.stm32cube.ide.mcu.externaltools.gnu-tools-for-stm32.7-2018-q2-update.win32_1.5.0.202011040924/tools/bin/../lib/gcc/arm-none-eabi/7.3.1/../../../../arm-none-eabi/lib/thumb/v7e-m/fpv5/hard\libc_nano.a(lib_a-sbrkr.o)
[...]
Memory Configuration

Name             Origin             Length             Attributes
RAM              0x0000000020000000 0x0000000000080000 xrw
FLASH            0x0000000008000000 0x0000000000200000 xr
*default*        0x0000000000000000 0xffffffffffffffff

Linker script and memory map

LOAD d:/ssd_programs/stm32cubeide_1.5.0/stm32cubeide/plugins/com.st.stm32cube.ide.mcu.externaltools.gnu-tools-for-stm32.7-2018-q2-update.win32_1.5.0.202011040924/tools/bin/../lib/gcc/arm-none-eabi/7.3.1/thumb/v7e-m/fpv5/hard/crti.o
LOAD d:/ssd_programs/stm32cubeide_1.5.0/stm32cubeide/plugins/com.st.stm32cube.ide.mcu.externaltools.gnu-tools-for-stm32.7-2018-q2-update.win32_1.5.0.202011040924/tools/bin/../lib/gcc/arm-none-eabi/7.3.1/thumb/v7e-m/fpv5/hard/crtbegin.o
LOAD d:/ssd_programs/stm32cubeide_1.5.0/stm32cubeide/plugins/com.st.stm32cube.ide.mcu.externaltools.gnu-tools-for-stm32.7-2018-q2-update.win32_1.5.0.202011040924/tools/bin/../lib/gcc/arm-none-eabi/7.3.1/../../../../arm-none-eabi/lib/thumb/v7e-m/fpv5/hard/crt0.o
LOAD Core/Src/GopherCAN.o
LOAD Core/Src/GopherCAN_ring_buffer.o
LOAD Core/Src/dlm-high_level_functions.o
LOAD Core/Src/dlm-manage_data_aquisition.o
LOAD Core/Src/dlm-move_ram_data_to_storage.o
LOAD Core/Src/freertos.o
LOAD Core/Src/main.o
LOAD Core/Src/stm32f7xx_hal_msp.o
LOAD Core/Src/stm32f7xx_hal_timebase_tim.o
LOAD Core/Src/stm32f7xx_it.o
LOAD Core/Src/syscalls.o
LOAD Core/Src/sysmem.o
LOAD Core/Src/system_stm32f7xx.o
LOAD Core/Startup/startup_stm32f767zitx.o
LOAD Drivers/STM32F7xx_HAL_Driver/Src/stm32f7xx_hal.o
LOAD Drivers/STM32F7xx_HAL_Driver/Src/stm32f7xx_hal_can.o
LOAD Drivers/STM32F7xx_HAL_Driver/Src/stm32f7xx_hal_cortex.o
LOAD Drivers/STM32F7xx_HAL_Driver/Src/stm32f7xx_hal_dma.o
LOAD Drivers/STM32F7xx_HAL_Driver/Src/stm32f7xx_hal_dma_ex.o
LOAD Drivers/STM32F7xx_HAL_Driver/Src/stm32f7xx_hal_exti.o
LOAD Drivers/STM32F7xx_HAL_Driver/Src/stm32f7xx_hal_flash.o
LOAD Drivers/STM32F7xx_HAL_Driver/Src/stm32f7xx_hal_flash_ex.o
LOAD Drivers/STM32F7xx_HAL_Driver/Src/stm32f7xx_hal_gpio.o
LOAD Drivers/STM32F7xx_HAL_Driver/Src/stm32f7xx_hal_i2c.o
LOAD Drivers/STM32F7xx_HAL_Driver/Src/stm32f7xx_hal_i2c_ex.o
LOAD Drivers/STM32F7xx_HAL_Driver/Src/stm32f7xx_hal_pwr.o
LOAD Drivers/STM32F7xx_HAL_Driver/Src/stm32f7xx_hal_pwr_ex.o
LOAD Drivers/STM32F7xx_HAL_Driver/Src/stm32f7xx_hal_rcc.o
LOAD Drivers/STM32F7xx_HAL_Driver/Src/stm32f7xx_hal_rcc_ex.o
LOAD Drivers/STM32F7xx_HAL_Driver/Src/stm32f7xx_hal_tim.o
LOAD Drivers/STM32F7xx_HAL_Driver/Src/stm32f7xx_hal_tim_ex.o
LOAD Middlewares/Third_Party/FreeRTOS/Source/CMSIS_RTOS/cmsis_os.o
LOAD Middlewares/Third_Party/FreeRTOS/Source/croutine.o
LOAD Middlewares/Third_Party/FreeRTOS/Source/event_groups.o
LOAD Middlewares/Third_Party/FreeRTOS/Source/list.o
LOAD Middlewares/Third_Party/FreeRTOS/Source/queue.o
LOAD Middlewares/Third_Party/FreeRTOS/Source/stream_buffer.o
LOAD Middlewares/Third_Party/FreeRTOS/Source/tasks.o
LOAD Middlewares/Third_Party/FreeRTOS/Source/timers.o
LOAD Middlewares/Third_Party/FreeRTOS/Source/portable/GCC/ARM_CM7/r0p1/port.o
LOAD Middlewares/Third_Party/FreeRTOS/Source/portable/MemMang/heap_4.o
START GROUP
LOAD d:/ssd_programs/stm32cubeide_1.5.0/stm32cubeide/plugins/com.st.stm32cube.ide.mcu.externaltools.gnu-tools-for-stm32.7-2018-q2-update.win32_1.5.0.202011040924/tools/bin/../lib/gcc/arm-none-eabi/7.3.1/../../../../arm-none-eabi/lib/thumb/v7e-m/fpv5/hard\libc_nano.a
LOAD d:/ssd_programs/stm32cubeide_1.5.0/stm32cubeide/plugins/com.st.stm32cube.ide.mcu.externaltools.gnu-tools-for-stm32.7-2018-q2-update.win32_1.5.0.202011040924/tools/bin/../lib/gcc/arm-none-eabi/7.3.1/../../../../arm-none-eabi/lib/thumb/v7e-m/fpv5/hard\libm.a
END GROUP
START GROUP
LOAD d:/ssd_programs/stm32cubeide_1.5.0/stm32cubeide/plugins/com.st.stm32cube.ide.mcu.externaltools.gnu-tools-for-stm32.7-2018-q2-update.win32_1.5.0.202011040924/tools/bin/../lib/gcc/arm-none-eabi/7.3.1/thumb/v7e-m/fpv5/hard\libgcc.a
LOAD d:/ssd_programs/stm32cubeide_1.5.0/stm32cubeide/plugins/com.st.stm32cube.ide.mcu.externaltools.gnu-tools-for-stm32.7-2018-q2-update.win32_1.5.0.202011040924/tools/bin/../lib/gcc/arm-none-eabi/7.3.1/../../../../arm-none-eabi/lib/thumb/v7e-m/fpv5/hard\libc_nano.a
END GROUP
START GROUP
LOAD d:/ssd_programs/stm32cubeide_1.5.0/stm32cubeide/plugins/com.st.stm32cube.ide.mcu.externaltools.gnu-tools-for-stm32.7-2018-q2-update.win32_1.5.0.202011040924/tools/bin/../lib/gcc/arm-none-eabi/7.3.1/thumb/v7e-m/fpv5/hard\libgcc.a
LOAD d:/ssd_programs/stm32cubeide_1.5.0/stm32cubeide/plugins/com.st.stm32cube.ide.mcu.externaltools.gnu-tools-for-stm32.7-2018-q2-update.win32_1.5.0.202011040924/tools/bin/../lib/gcc/arm-none-eabi/7.3.1/../../../../arm-none-eabi/lib/thumb/v7e-m/fpv5/hard\libc_nano.a
LOAD d:/ssd_programs/stm32cubeide_1.5.0/stm32cubeide/plugins/com.st.stm32cube.ide.mcu.externaltools.gnu-tools-for-stm32.7-2018-q2-update.win32_1.5.0.202011040924/tools/bin/../lib/gcc/arm-none-eabi/7.3.1/../../../../arm-none-eabi/lib/thumb/v7e-m/fpv5/hard\libnosys.a
END GROUP
START GROUP
LOAD d:/ssd_programs/stm32cubeide_1.5.0/stm32cubeide/plugins/com.st.stm32cube.ide.mcu.externaltools.gnu-tools-for-stm32.7-2018-q2-update.win32_1.5.0.202011040924/tools/bin/../lib/gcc/arm-none-eabi/7.3.1/thumb/v7e-m/fpv5/hard\libgcc.a
LOAD d:/ssd_programs/stm32cubeide_1.5.0/stm32cubeide/plugins/com.st.stm32cube.ide.mcu.externaltools.gnu-tools-for-stm32.7-2018-q2-update.win32_1.5.0.202011040924/tools/bin/../lib/gcc/arm-none-eabi/7.3.1/../../../../arm-none-eabi/lib/thumb/v7e-m/fpv5/hard\libc_nano.a
LOAD d:/ssd_programs/stm32cubeide_1.5.0/stm32cubeide/plugins/com.st.stm32cube.ide.mcu.externaltools.gnu-tools-for-stm32.7-2018-q2-update.win32_1.5.0.202011040924/tools/bin/../lib/gcc/arm-none-eabi/7.3.1/../../../../arm-none-eabi/lib/thumb/v7e-m/fpv5/hard\libnosys.a
END GROUP
LOAD d:/ssd_programs/stm32cubeide_1.5.0/stm32cubeide/plugins/com.st.stm32cube.ide.mcu.externaltools.gnu-tools-for-stm32.7-2018-q2-update.win32_1.5.0.202011040924/tools/bin/../lib/gcc/arm-none-eabi/7.3.1/thumb/v7e-m/fpv5/hard/crtend.o
LOAD d:/ssd_programs/stm32cubeide_1.5.0/stm32cubeide/plugins/com.st.stm32cube.ide.mcu.externaltools.gnu-tools-for-stm32.7-2018-q2-update.win32_1.5.0.202011040924/tools/bin/../lib/gcc/arm-none-eabi/7.3.1/thumb/v7e-m/fpv5/hard/crtn.o
                0x0000000020080000                _estack = (ORIGIN (RAM) + LENGTH (RAM))
                0x0000000000000200                _Min_Heap_Size = 0x200
                0x0000000000000400                _Min_Stack_Size = 0x400

.isr_vector     0x0000000008000000      0x1f8
                0x0000000008000000                . = ALIGN (0x4)
 *(.isr_vector)
 .isr_vector    0x0000000008000000      0x1f8 Core/Startup/startup_stm32f767zitx.o
                0x0000000008000000                g_pfnVectors
                0x00000000080001f8                . = ALIGN (0x4)

.text           0x0000000008000200     0x5bd8
                0x0000000008000200                . = ALIGN (0x4)
 *(.text)
 .text          0x0000000008000200       0x40 d:/ssd_programs/stm32cubeide_1.5.0/stm32cubeide/plugins/com.st.stm32cube.ide.mcu.externaltools.gnu-tools-for-stm32.7-2018-q2-update.win32_1.5.0.202011040924/tools/bin/../lib/gcc/arm-none-eabi/7.3.1/thumb/v7e-m/fpv5/hard/crtbegin.o
 .text          0x0000000008000240      0x378 d:/ssd_programs/stm32cubeide_1.5.0/stm32cubeide/plugins/com.st.stm32cube.ide.mcu.externaltools.gnu-tools-for-stm32.7-2018-q2-update.win32_1.5.0.202011040924/tools/bin/../lib/gcc/arm-none-eabi/7.3.1/thumb/v7e-m/fpv5/hard\libgcc.a(_arm_addsubdf3.o)
                0x0000000008000240                __aeabi_drsub
                0x0000000008000248                __aeabi_dsub
                0x0000000008000248                __subdf3
                0x000000000800024c                __aeabi_dadd
                0x000000000800024c                __adddf3
                0x00000000080004c4                __floatunsidf
                0x00000000080004c4                __aeabi_ui2d
                0x00000000080004e4                __floatsidf
                0x00000000080004e4                __aeabi_i2d
                0x0000000008000508                __aeabi_f2d
                0x0000000008000508                __extendsfdf2
                0x000000000800054c                __floatundidf
                0x000000000800054c                __aeabi_ul2d
                0x000000000800055c                __floatdidf
                0x000000000800055c                __aeabi_l2d
 .text          0x00000000080005b8       0x30 d:/ssd_programs/stm32cubeide_1.5.0/stm32cubeide/plugins/com.st.stm32cube.ide.mcu.externaltools.gnu-tools-for-stm32.7-2018-q2-update.win32_1.5.0.202011040924/tools/bin/../lib/gcc/arm-none-eabi/7.3.1/thumb/v7e-m/fpv5/hard\libgcc.a(_aeabi_uldivmod.o)
                0x00000000080005b8                __aeabi_uldivmod
 .text          0x00000000080005e8      0x2cc d:/ssd_programs/stm32cubeide_1.5.0/stm32cubeide/plugins/com.st.stm32cube.ide.mcu.externaltools.gnu-tools-for-stm32.7-2018-q2-update.win32_1.5.0.202011040924/tools/bin/../lib/gcc/arm-none-eabi/7.3.1/thumb/v7e-m/fpv5/hard\libgcc.a(_udivmoddi4.o)
                0x00000000080005e8                __udivmoddi4
 .text          0x00000000080008b4        0x4 d:/ssd_programs/stm32cubeide_1.5.0/stm32cubeide/plugins/com.st.stm32cube.ide.mcu.externaltools.gnu-tools-for-stm32.7-2018-q2-update.win32_1.5.0.202011040924/tools/bin/../lib/gcc/arm-none-eabi/7.3.1/thumb/v7e-m/fpv5/hard\libgcc.a(_dvmd_tls.o)
                0x00000000080008b4                __aeabi_idiv0
                0x00000000080008b4                __aeabi_ldiv0
 *(.text*)
 .text.init_can
                0x00000000080008b8      0x13c Core/Src/GopherCAN.o
                0x00000000080008b8                init_can
 .text.init_filters
                0x00000000080009f4       0x50 Core/Src/GopherCAN.o
 .text.HAL_CAN_RxFifo0MsgPendingCallback
                0x0000000008000a44       0x18 Core/Src/GopherCAN.o
                0x0000000008000a44                HAL_CAN_RxFifo0MsgPendingCallback
 .text.HAL_CAN_RxFifo1MsgPendingCallback
                0x0000000008000a5c       0x18 Core/Src/GopherCAN.o
                0x0000000008000a5c                HAL_CAN_RxFifo1MsgPendingCallback
 .text.send_can_command
                0x0000000008000a74       0x98 Core/Src/GopherCAN.o
                0x0000000008000a74                send_can_command
 .text.send_parameter
                0x0000000008000b0c      0x210 Core/Src/GopherCAN.o
                0x0000000008000b0c                send_parameter
 .text.add_custom_can_func
                0x0000000008000d1c       0x60 Core/Src/GopherCAN.o
                0x0000000008000d1c                add_custom_can_func
 .text.service_can_tx_hardware
                0x0000000008000d7c       0x88 Core/Src/GopherCAN.o
                0x0000000008000d7c                service_can_tx_hardware
 .text.service_can_rx_hardware
                0x0000000008000e04       0x8c Core/Src/GopherCAN.o
                0x0000000008000e04                service_can_rx_hardware
 .text.service_can_rx_buffer
                0x0000000008000e90       0x38 Core/Src/GopherCAN.o
                0x0000000008000e90                service_can_rx_buffer
 .text.tx_can_message
                0x0000000008000ec8       0x4c Core/Src/GopherCAN.o
 .text.service_can_rx_message
                0x0000000008000f14      0x20c Core/Src/GopherCAN.o
 .text.parameter_requested
                0x0000000008001120       0x5c Core/Src/GopherCAN.o
 .text.run_can_command
                0x000000000800117c       0x94 Core/Src/GopherCAN.o
 .text.build_message_id
                0x0000000008001210       0xc0 Core/Src/GopherCAN.o
 .text.get_message_id
                0x00000000080012d0       0x6e Core/Src/GopherCAN.o
 *fill*         0x000000000800133e        0x2 
 .text.send_error_message
                0x0000000008001340       0x5c Core/Src/GopherCAN.o
 .text.define_can_bus
                0x000000000800139c       0x5c Core/Src/GopherCAN.o
                0x000000000800139c                define_can_bus
 .text.HAL_CAN_TxMailbox0CompleteCallback
                0x00000000080013f8       0x16 Core/Src/GopherCAN.o
                0x00000000080013f8                HAL_CAN_TxMailbox0CompleteCallback
 .text.HAL_CAN_TxMailbox1CompleteCallback
                0x000000000800140e       0x16 Core/Src/GopherCAN.o
                0x000000000800140e                HAL_CAN_TxMailbox1CompleteCallback
 .text.HAL_CAN_TxMailbox2CompleteCallback
                0x0000000008001424       0x16 Core/Src/GopherCAN.o
                0x0000000008001424                HAL_CAN_TxMailbox2CompleteCallback
 .text.HAL_CAN_TxMailbox0AbortCallback
                0x000000000800143a       0x16 Core/Src/GopherCAN.o
                0x000000000800143a                HAL_CAN_TxMailbox0AbortCallback
 .text.HAL_CAN_TxMailbox1AbortCallback
                0x0000000008001450       0x16 Core/Src/GopherCAN.o
                0x0000000008001450                HAL_CAN_TxMailbox1AbortCallback
 .text.HAL_CAN_TxMailbox2AbortCallback
                0x0000000008001466       0x16 Core/Src/GopherCAN.o
                0x0000000008001466                HAL_CAN_TxMailbox2AbortCallback
 .text.choose_tx_buffer_from_hcan
                0x000000000800147c       0x30 Core/Src/GopherCAN.o
 .text.choose_tx_buffer_from_dest_module
                0x00000000080014ac       0x48 Core/Src/GopherCAN.o
 .text.send_message_to_all_busses
                0x00000000080014f4       0x40 Core/Src/GopherCAN.o
 .text.rout_can_message
                0x0000000008001534       0xd4 Core/Src/GopherCAN.o
 .text.do_nothing
                0x0000000008001608       0x24 Core/Src/GopherCAN.o
                0x0000000008001608                do_nothing
 .text.init_buffer
                0x000000000800162c       0x32 Core/Src/GopherCAN_ring_buffer.o
                0x000000000800162c                init_buffer
 .text.is_full  0x000000000800165e       0x26 Core/Src/GopherCAN_ring_buffer.o
                0x000000000800165e                is_full
 .text.is_empty
                0x0000000008001684       0x22 Core/Src/GopherCAN_ring_buffer.o
                0x0000000008001684                is_empty
 .text.get_from_buffer
                0x00000000080016a6       0x38 Core/Src/GopherCAN_ring_buffer.o
                0x00000000080016a6                get_from_buffer
 .text.remove_from_front
                0x00000000080016de       0x44 Core/Src/GopherCAN_ring_buffer.o
                0x00000000080016de                remove_from_front
 .text.add_message_to_back
                0x0000000008001722       0x6c Core/Src/GopherCAN_ring_buffer.o
                0x0000000008001722                add_message_to_back
 *fill*         0x000000000800178e        0x2 
 .text.dlm_init
                0x0000000008001790       0xd4 Core/Src/dlm-high_level_functions.o
                0x0000000008001790                dlm_init
 .text.manage_data_aquisition
                0x0000000008001864       0x10 Core/Src/dlm-high_level_functions.o
                0x0000000008001864                manage_data_aquisition
 .text.move_ram_data_to_storage
                0x0000000008001874       0x30 Core/Src/dlm-high_level_functions.o
                0x0000000008001874                move_ram_data_to_storage
 .text.can_service_loop
                0x00000000080018a4       0x28 Core/Src/dlm-high_level_functions.o
                0x00000000080018a4                can_service_loop
 .text.manage_data_aquisition_init
                0x00000000080018cc       0x54 Core/Src/dlm-manage_data_aquisition.o
                0x00000000080018cc                manage_data_aquisition_init
 .text.add_param_to_bucket
                0x0000000008001920       0xdc Core/Src/dlm-manage_data_aquisition.o
                0x0000000008001920                add_param_to_bucket
 .text.assign_bucket_to_frq
                0x00000000080019fc       0x68 Core/Src/dlm-manage_data_aquisition.o
                0x00000000080019fc                assign_bucket_to_frq
 .text.request_all_buckets
                0x0000000008001a64       0x84 Core/Src/dlm-manage_data_aquisition.o
                0x0000000008001a64                request_all_buckets
 .text.store_new_data
                0x0000000008001ae8       0x84 Core/Src/dlm-manage_data_aquisition.o
                0x0000000008001ae8                store_new_data
 .text.add_param_to_ram
                0x0000000008001b6c      0x1e4 Core/Src/dlm-manage_data_aquisition.o
                0x0000000008001b6c                add_param_to_ram
 .text.move_ram_data_to_storage_init
                0x0000000008001d50       0x20 Core/Src/dlm-move_ram_data_to_storage.o
                0x0000000008001d50                move_ram_data_to_storage_init
 .text.write_data_to_storage
                0x0000000008001d70       0x48 Core/Src/dlm-move_ram_data_to_storage.o
                0x0000000008001d70                write_data_to_storage
 .text.build_data_string
                0x0000000008001db8       0xc2 Core/Src/dlm-move_ram_data_to_storage.o
                0x0000000008001db8                build_data_string
 *fill*         0x0000000008001e7a        0x6 
 .text.convert_data_to_dpf
                0x0000000008001e80       0xec Core/Src/dlm-move_ram_data_to_storage.o
                0x0000000008001e80                convert_data_to_dpf
 .text.free_node_memory
                0x0000000008001f6c       0x16 Core/Src/dlm-move_ram_data_to_storage.o
                0x0000000008001f6c                free_node_memory
 *fill*         0x0000000008001f82        0x2 
 .text.vApplicationGetIdleTaskMemory
                0x0000000008001f84       0x34 Core/Src/freertos.o
                0x0000000008001f84                vApplicationGetIdleTaskMemory
 .text.main     0x0000000008001fb8       0x88 Core/Src/main.o
                0x0000000008001fb8                main
 .text.SystemClock_Config
                0x0000000008002040       0xb8 Core/Src/main.o
                0x0000000008002040                SystemClock_Config
 .text.MX_CAN1_Init
                0x00000000080020f8       0x6c Core/Src/main.o
 .text.MX_CAN2_Init
                0x0000000008002164       0x6c Core/Src/main.o
 .text.MX_GPIO_Init
                0x00000000080021d0       0x64 Core/Src/main.o
 .text.can_loop
                0x0000000008002234       0x14 Core/Src/main.o
                0x0000000008002234                can_loop
 .text.dlm_main
                0x0000000008002248       0x18 Core/Src/main.o
                0x0000000008002248                dlm_main
 .text.HAL_TIM_PeriodElapsedCallback
                0x0000000008002260       0x24 Core/Src/main.o
                0x0000000008002260                HAL_TIM_PeriodElapsedCallback
 .text.Error_Handler
                0x0000000008002284        0x8 Core/Src/main.o
                0x0000000008002284                Error_Handler
 .text.HAL_MspInit
                0x000000000800228c       0x50 Core/Src/stm32f7xx_hal_msp.o
                0x000000000800228c                HAL_MspInit
 .text.HAL_CAN_MspInit
                0x00000000080022dc      0x180 Core/Src/stm32f7xx_hal_msp.o
                0x00000000080022dc                HAL_CAN_MspInit
 .text.HAL_InitTick
                0x000000000800245c       0xac Core/Src/stm32f7xx_hal_timebase_tim.o
                0x000000000800245c                HAL_InitTick
 .text.NMI_Handler
                0x0000000008002508        0x6 Core/Src/stm32f7xx_it.o
                0x0000000008002508                NMI_Handler
 .text.HardFault_Handler
                0x000000000800250e        0x6 Core/Src/stm32f7xx_it.o
                0x000000000800250e                HardFault_Handler
 .text.MemManage_Handler
                0x0000000008002514        0x6 Core/Src/stm32f7xx_it.o
                0x0000000008002514                MemManage_Handler
 .text.BusFault_Handler
                0x000000000800251a        0x6 Core/Src/stm32f7xx_it.o
                0x000000000800251a                BusFault_Handler
 .text.UsageFault_Handler
                0x0000000008002520        0x6 Core/Src/stm32f7xx_it.o
                0x0000000008002520                UsageFault_Handler
 .text.DebugMon_Handler
                0x0000000008002526        0xe Core/Src/stm32f7xx_it.o
                0x0000000008002526                DebugMon_Handler
 .text.CAN1_RX0_IRQHandler
                0x0000000008002534       0x14 Core/Src/stm32f7xx_it.o
                0x0000000008002534                CAN1_RX0_IRQHandler
 .text.CAN1_RX1_IRQHandler
                0x0000000008002548       0x14 Core/Src/stm32f7xx_it.o
                0x0000000008002548                CAN1_RX1_IRQHandler
 .text.TIM6_DAC_IRQHandler
                0x000000000800255c       0x14 Core/Src/stm32f7xx_it.o
                0x000000000800255c                TIM6_DAC_IRQHandler
 .text.CAN2_RX0_IRQHandler
                0x0000000008002570       0x14 Core/Src/stm32f7xx_it.o
                0x0000000008002570                CAN2_RX0_IRQHandler
 .text.CAN2_RX1_IRQHandler
                0x0000000008002584       0x14 Core/Src/stm32f7xx_it.o
                0x0000000008002584                CAN2_RX1_IRQHandler
 .text._sbrk    0x0000000008002598       0x6c Core/Src/sysmem.o
                0x0000000008002598                _sbrk
 .text.SystemInit
                0x0000000008002604       0x2c Core/Src/system_stm32f7xx.o
                0x0000000008002604                SystemInit
 .text.Reset_Handler
                0x0000000008002630       0x50 Core/Startup/startup_stm32f767zitx.o
                0x0000000008002630                Reset_Handler
 .text.Default_Handler
                0x0000000008002680        0x2 Core/Startup/startup_stm32f767zitx.o
                0x0000000008002680                RTC_Alarm_IRQHandler
                0x0000000008002680                EXTI2_IRQHandler
                0x0000000008002680                TIM8_CC_IRQHandler
                0x0000000008002680                UART8_IRQHandler
                0x0000000008002680                SPI4_IRQHandler
                0x0000000008002680                TIM1_CC_IRQHandler
                0x0000000008002680                DMA2_Stream5_IRQHandler
                0x0000000008002680                JPEG_IRQHandler
                0x0000000008002680                DMA1_Stream5_IRQHandler
                0x0000000008002680                CAN3_RX1_IRQHandler
                0x0000000008002680                PVD_IRQHandler
                0x0000000008002680                TAMP_STAMP_IRQHandler
                0x0000000008002680                EXTI3_IRQHandler
                0x0000000008002680                TIM8_TRG_COM_TIM14_IRQHandler
                0x0000000008002680                DFSDM1_FLT1_IRQHandler
                0x0000000008002680                TIM1_UP_TIM10_IRQHandler
                0x0000000008002680                TIM8_UP_TIM13_IRQHandler
                0x0000000008002680                I2C3_ER_IRQHandler
                0x0000000008002680                DFSDM1_FLT2_IRQHandler
                0x0000000008002680                EXTI0_IRQHandler
                0x0000000008002680                I2C2_EV_IRQHandler
                0x0000000008002680                DMA1_Stream2_IRQHandler
                0x0000000008002680                FPU_IRQHandler
                0x0000000008002680                OTG_HS_WKUP_IRQHandler
                0x0000000008002680                CAN3_SCE_IRQHandler
                0x0000000008002680                LTDC_ER_IRQHandler
                0x0000000008002680                CAN2_SCE_IRQHandler
                0x0000000008002680                DMA2_Stream2_IRQHandler
                0x0000000008002680                SPI1_IRQHandler
                0x0000000008002680                TIM1_BRK_TIM9_IRQHandler
                0x0000000008002680                DCMI_IRQHandler
                0x0000000008002680                DMA2_Stream3_IRQHandler
                0x0000000008002680                SAI2_IRQHandler
                0x0000000008002680                DFSDM1_FLT3_IRQHandler
                0x0000000008002680                USART6_IRQHandler
                0x0000000008002680                CAN3_RX0_IRQHandler
                0x0000000008002680                USART3_IRQHandler
                0x0000000008002680                UART5_IRQHandler
                0x0000000008002680                DMA2_Stream0_IRQHandler
                0x0000000008002680                TIM4_IRQHandler
                0x0000000008002680                QUADSPI_IRQHandler
                0x0000000008002680                I2C1_EV_IRQHandler
                0x0000000008002680                DMA1_Stream6_IRQHandler
                0x0000000008002680                DMA1_Stream1_IRQHandler
                0x0000000008002680                UART4_IRQHandler
                0x0000000008002680                TIM3_IRQHandler
                0x0000000008002680                RCC_IRQHandler
                0x0000000008002680                TIM8_BRK_TIM12_IRQHandler
                0x0000000008002680                Default_Handler
                0x0000000008002680                CEC_IRQHandler
                0x0000000008002680                EXTI15_10_IRQHandler
                0x0000000008002680                ADC_IRQHandler
                0x0000000008002680                DMA1_Stream7_IRQHandler
                0x0000000008002680                SPI5_IRQHandler
                0x0000000008002680                TIM7_IRQHandler
                0x0000000008002680                SDMMC1_IRQHandler
                0x0000000008002680                CAN2_TX_IRQHandler
                0x0000000008002680                TIM5_IRQHandler
                0x0000000008002680                DMA2_Stream7_IRQHandler
                0x0000000008002680                I2C3_EV_IRQHandler
                0x0000000008002680                EXTI9_5_IRQHandler
                0x0000000008002680                RTC_WKUP_IRQHandler
                0x0000000008002680                LTDC_IRQHandler
                0x0000000008002680                ETH_WKUP_IRQHandler
                0x0000000008002680                SPDIF_RX_IRQHandler
                0x0000000008002680                SPI2_IRQHandler
                0x0000000008002680                OTG_HS_EP1_IN_IRQHandler
                0x0000000008002680                DMA1_Stream0_IRQHandler
                0x0000000008002680                CAN1_TX_IRQHandler
                0x0000000008002680                EXTI4_IRQHandler
                0x0000000008002680                RNG_IRQHandler
                0x0000000008002680                ETH_IRQHandler
                0x0000000008002680                OTG_HS_EP1_OUT_IRQHandler
                0x0000000008002680                WWDG_IRQHandler
                0x0000000008002680                SPI6_IRQHandler
                0x0000000008002680                MDIOS_IRQHandler
                0x0000000008002680                I2C4_EV_IRQHandler
                0x0000000008002680                CAN3_TX_IRQHandler
                0x0000000008002680                TIM2_IRQHandler
                0x0000000008002680                OTG_FS_WKUP_IRQHandler
                0x0000000008002680                TIM1_TRG_COM_TIM11_IRQHandler
                0x0000000008002680                OTG_HS_IRQHandler
                0x0000000008002680                DMA2D_IRQHandler
                0x0000000008002680                EXTI1_IRQHandler
                0x0000000008002680                SDMMC2_IRQHandler
                0x0000000008002680                UART7_IRQHandler
                0x0000000008002680                USART2_IRQHandler
                0x0000000008002680                DFSDM1_FLT0_IRQHandler
                0x0000000008002680                I2C2_ER_IRQHandler
                0x0000000008002680                DMA2_Stream1_IRQHandler
                0x0000000008002680                CAN1_SCE_IRQHandler
                0x0000000008002680                FLASH_IRQHandler
                0x0000000008002680                DMA2_Stream4_IRQHandler
                0x0000000008002680                USART1_IRQHandler
                0x0000000008002680                OTG_FS_IRQHandler
                0x0000000008002680                SPI3_IRQHandler
                0x0000000008002680                DMA1_Stream4_IRQHandler
                0x0000000008002680                I2C1_ER_IRQHandler
                0x0000000008002680                FMC_IRQHandler
                0x0000000008002680                LPTIM1_IRQHandler
                0x0000000008002680                I2C4_ER_IRQHandler
                0x0000000008002680                DMA2_Stream6_IRQHandler
                0x0000000008002680                SAI1_IRQHandler
                0x0000000008002680                DMA1_Stream3_IRQHandler
 .text.HAL_Init
                0x0000000008002682       0x1a Drivers/STM32F7xx_HAL_Driver/Src/stm32f7xx_hal.o
                0x0000000008002682                HAL_Init
 .text.HAL_IncTick
                0x000000000800269c       0x28 Drivers/STM32F7xx_HAL_Driver/Src/stm32f7xx_hal.o
                0x000000000800269c                HAL_IncTick
 .text.HAL_GetTick
                0x00000000080026c4       0x18 Drivers/STM32F7xx_HAL_Driver/Src/stm32f7xx_hal.o
                0x00000000080026c4                HAL_GetTick
 .text.HAL_SetTickFreq
                0x00000000080026dc       0x50 Drivers/STM32F7xx_HAL_Driver/Src/stm32f7xx_hal.o
                0x00000000080026dc                HAL_SetTickFreq
 .text.HAL_CAN_Init
                0x000000000800272c      0x1f6 Drivers/STM32F7xx_HAL_Driver/Src/stm32f7xx_hal_can.o
                0x000000000800272c                HAL_CAN_Init
 *fill*         0x0000000008002922        0x2 
 .text.HAL_CAN_ConfigFilter
                0x0000000008002924      0x1d8 Drivers/STM32F7xx_HAL_Driver/Src/stm32f7xx_hal_can.o
                0x0000000008002924                HAL_CAN_ConfigFilter
 .text.HAL_CAN_Start
                0x0000000008002afc       0x88 Drivers/STM32F7xx_HAL_Driver/Src/stm32f7xx_hal_can.o
                0x0000000008002afc                HAL_CAN_Start
 .text.HAL_CAN_AddTxMessage
                0x0000000008002b84      0x1b6 Drivers/STM32F7xx_HAL_Driver/Src/stm32f7xx_hal_can.o
                0x0000000008002b84                HAL_CAN_AddTxMessage
 .text.HAL_CAN_GetTxMailboxesFreeLevel
                0x0000000008002d3a       0x6a Drivers/STM32F7xx_HAL_Driver/Src/stm32f7xx_hal_can.o
                0x0000000008002d3a                HAL_CAN_GetTxMailboxesFreeLevel
 .text.HAL_CAN_GetRxMessage
                0x0000000008002da4      0x224 Drivers/STM32F7xx_HAL_Driver/Src/stm32f7xx_hal_can.o
                0x0000000008002da4                HAL_CAN_GetRxMessage
 .text.HAL_CAN_GetRxFifoFillLevel
                0x0000000008002fc8       0x50 Drivers/STM32F7xx_HAL_Driver/Src/stm32f7xx_hal_can.o
                0x0000000008002fc8                HAL_CAN_GetRxFifoFillLevel
 .text.HAL_CAN_ActivateNotification
                0x0000000008003018       0x4c Drivers/STM32F7xx_HAL_Driver/Src/stm32f7xx_hal_can.o
                0x0000000008003018                HAL_CAN_ActivateNotification
 .text.HAL_CAN_IRQHandler
                0x0000000008003064      0x362 Drivers/STM32F7xx_HAL_Driver/Src/stm32f7xx_hal_can.o
                0x0000000008003064                HAL_CAN_IRQHandler
 .text.HAL_CAN_RxFifo0FullCallback
                0x00000000080033c6       0x14 Drivers/STM32F7xx_HAL_Driver/Src/stm32f7xx_hal_can.o
                0x00000000080033c6                HAL_CAN_RxFifo0FullCallback
 .text.HAL_CAN_RxFifo1FullCallback
                0x00000000080033da       0x14 Drivers/STM32F7xx_HAL_Driver/Src/stm32f7xx_hal_can.o
                0x00000000080033da                HAL_CAN_RxFifo1FullCallback
 .text.HAL_CAN_SleepCallback
                0x00000000080033ee       0x14 Drivers/STM32F7xx_HAL_Driver/Src/stm32f7xx_hal_can.o
                0x00000000080033ee                HAL_CAN_SleepCallback
 .text.HAL_CAN_WakeUpFromRxMsgCallback
                0x0000000008003402       0x14 Drivers/STM32F7xx_HAL_Driver/Src/stm32f7xx_hal_can.o
                0x0000000008003402                HAL_CAN_WakeUpFromRxMsgCallback
 .text.HAL_CAN_ErrorCallback
                0x0000000008003416       0x14 Drivers/STM32F7xx_HAL_Driver/Src/stm32f7xx_hal_can.o
                0x0000000008003416                HAL_CAN_ErrorCallback
 *fill*         0x000000000800342a        0x2 
 .text.__NVIC_SetPriorityGrouping
                0x000000000800342c       0x48 Drivers/STM32F7xx_HAL_Driver/Src/stm32f7xx_hal_cortex.o
 .text.__NVIC_GetPriorityGrouping
                0x0000000008003474       0x1c Drivers/STM32F7xx_HAL_Driver/Src/stm32f7xx_hal_cortex.o
 .text.__NVIC_EnableIRQ
                0x0000000008003490       0x3c Drivers/STM32F7xx_HAL_Driver/Src/stm32f7xx_hal_cortex.o
 .text.__NVIC_SetPriority
                0x00000000080034cc       0x54 Drivers/STM32F7xx_HAL_Driver/Src/stm32f7xx_hal_cortex.o
 .text.NVIC_EncodePriority
                0x0000000008003520       0x66 Drivers/STM32F7xx_HAL_Driver/Src/stm32f7xx_hal_cortex.o
 .text.HAL_NVIC_SetPriorityGrouping
                0x0000000008003586       0x16 Drivers/STM32F7xx_HAL_Driver/Src/stm32f7xx_hal_cortex.o
                0x0000000008003586                HAL_NVIC_SetPriorityGrouping
 .text.HAL_NVIC_SetPriority
                0x000000000800359c       0x38 Drivers/STM32F7xx_HAL_Driver/Src/stm32f7xx_hal_cortex.o
                0x000000000800359c                HAL_NVIC_SetPriority
 .text.HAL_NVIC_EnableIRQ
                0x00000000080035d4       0x1c Drivers/STM32F7xx_HAL_Driver/Src/stm32f7xx_hal_cortex.o
                0x00000000080035d4                HAL_NVIC_EnableIRQ
 .text.HAL_GPIO_Init
                0x00000000080035f0      0x354 Drivers/STM32F7xx_HAL_Driver/Src/stm32f7xx_hal_gpio.o
                0x00000000080035f0                HAL_GPIO_Init
 .text.HAL_GPIO_WritePin
                0x0000000008003944       0x32 Drivers/STM32F7xx_HAL_Driver/Src/stm32f7xx_hal_gpio.o
                0x0000000008003944                HAL_GPIO_WritePin
 *fill*         0x0000000008003976        0x2 
 .text.HAL_RCC_OscConfig
                0x0000000008003978      0x55c Drivers/STM32F7xx_HAL_Driver/Src/stm32f7xx_hal_rcc.o
                0x0000000008003978                HAL_RCC_OscConfig
 .text.HAL_RCC_ClockConfig
                0x0000000008003ed4      0x1d8 Drivers/STM32F7xx_HAL_Driver/Src/stm32f7xx_hal_rcc.o
                0x0000000008003ed4                HAL_RCC_ClockConfig
 .text.HAL_RCC_GetSysClockFreq
                0x00000000080040ac      0x164 Drivers/STM32F7xx_HAL_Driver/Src/stm32f7xx_hal_rcc.o
                0x00000000080040ac                HAL_RCC_GetSysClockFreq
 .text.HAL_RCC_GetHCLKFreq
                0x0000000008004210       0x18 Drivers/STM32F7xx_HAL_Driver/Src/stm32f7xx_hal_rcc.o
                0x0000000008004210                HAL_RCC_GetHCLKFreq
 .text.HAL_RCC_GetPCLK1Freq
                0x0000000008004228       0x28 Drivers/STM32F7xx_HAL_Driver/Src/stm32f7xx_hal_rcc.o
                0x0000000008004228                HAL_RCC_GetPCLK1Freq
 .text.HAL_RCC_GetClockConfig
                0x0000000008004250       0x64 Drivers/STM32F7xx_HAL_Driver/Src/stm32f7xx_hal_rcc.o
                0x0000000008004250                HAL_RCC_GetClockConfig
 .text.HAL_TIM_Base_Init
                0x00000000080042b4       0x56 Drivers/STM32F7xx_HAL_Driver/Src/stm32f7xx_hal_tim.o
                0x00000000080042b4                HAL_TIM_Base_Init
 .text.HAL_TIM_Base_MspInit
                0x000000000800430a       0x14 Drivers/STM32F7xx_HAL_Driver/Src/stm32f7xx_hal_tim.o
                0x000000000800430a                HAL_TIM_Base_MspInit
 *fill*         0x000000000800431e        0x2 
 .text.HAL_TIM_Base_Start_IT
                0x0000000008004320       0x54 Drivers/STM32F7xx_HAL_Driver/Src/stm32f7xx_hal_tim.o
                0x0000000008004320                HAL_TIM_Base_Start_IT
 .text.HAL_TIM_IRQHandler
                0x0000000008004374      0x23e Drivers/STM32F7xx_HAL_Driver/Src/stm32f7xx_hal_tim.o
                0x0000000008004374                HAL_TIM_IRQHandler
 .text.HAL_TIM_OC_DelayElapsedCallback
                0x00000000080045b2       0x14 Drivers/STM32F7xx_HAL_Driver/Src/stm32f7xx_hal_tim.o
                0x00000000080045b2                HAL_TIM_OC_DelayElapsedCallback
 .text.HAL_TIM_IC_CaptureCallback
                0x00000000080045c6       0x14 Drivers/STM32F7xx_HAL_Driver/Src/stm32f7xx_hal_tim.o
                0x00000000080045c6                HAL_TIM_IC_CaptureCallback
 .text.HAL_TIM_PWM_PulseFinishedCallback
                0x00000000080045da       0x14 Drivers/STM32F7xx_HAL_Driver/Src/stm32f7xx_hal_tim.o
                0x00000000080045da                HAL_TIM_PWM_PulseFinishedCallback
 .text.HAL_TIM_TriggerCallback
                0x00000000080045ee       0x14 Drivers/STM32F7xx_HAL_Driver/Src/stm32f7xx_hal_tim.o
                0x00000000080045ee                HAL_TIM_TriggerCallback
 *fill*         0x0000000008004602        0x2 
 .text.TIM_Base_SetConfig
                0x0000000008004604      0x140 Drivers/STM32F7xx_HAL_Driver/Src/stm32f7xx_hal_tim.o
                0x0000000008004604                TIM_Base_SetConfig
 .text.HAL_TIMEx_CommutCallback
                0x0000000008004744       0x14 Drivers/STM32F7xx_HAL_Driver/Src/stm32f7xx_hal_tim_ex.o
                0x0000000008004744                HAL_TIMEx_CommutCallback
 .text.HAL_TIMEx_BreakCallback
                0x0000000008004758       0x14 Drivers/STM32F7xx_HAL_Driver/Src/stm32f7xx_hal_tim_ex.o
                0x0000000008004758                HAL_TIMEx_BreakCallback
 .text.HAL_TIMEx_Break2Callback
                0x000000000800476c       0x14 Drivers/STM32F7xx_HAL_Driver/Src/stm32f7xx_hal_tim_ex.o
                0x000000000800476c                HAL_TIMEx_Break2Callback
 .text.makeFreeRtosPriority
                0x0000000008004780       0x30 Middlewares/Third_Party/FreeRTOS/Source/CMSIS_RTOS/cmsis_os.o
 .text.osKernelStart
                0x00000000080047b0        0xe Middlewares/Third_Party/FreeRTOS/Source/CMSIS_RTOS/cmsis_os.o
                0x00000000080047b0                osKernelStart
 .text.osThreadCreate
                0x00000000080047be       0x98 Middlewares/Third_Party/FreeRTOS/Source/CMSIS_RTOS/cmsis_os.o
                0x00000000080047be                osThreadCreate
 .text.osDelay  0x0000000008004856       0x28 Middlewares/Third_Party/FreeRTOS/Source/CMSIS_RTOS/cmsis_os.o
                0x0000000008004856                osDelay
 .text.vListInitialise
                0x000000000800487e       0x40 Middlewares/Third_Party/FreeRTOS/Source/list.o
                0x000000000800487e                vListInitialise
 .text.vListInitialiseItem
                0x00000000080048be       0x1a Middlewares/Third_Party/FreeRTOS/Source/list.o
                0x00000000080048be                vListInitialiseItem
 .text.vListInsertEnd
                0x00000000080048d8       0x48 Middlewares/Third_Party/FreeRTOS/Source/list.o
                0x00000000080048d8                vListInsertEnd
 .text.vListInsert
                0x0000000008004920       0x72 Middlewares/Third_Party/FreeRTOS/Source/list.o
                0x0000000008004920                vListInsert
 .text.uxListRemove
                0x0000000008004992       0x54 Middlewares/Third_Party/FreeRTOS/Source/list.o
                0x0000000008004992                uxListRemove
 .text.xTaskCreateStatic
                0x00000000080049e6       0xc0 Middlewares/Third_Party/FreeRTOS/Source/tasks.o
                0x00000000080049e6                xTaskCreateStatic
 .text.xTaskCreate
                0x0000000008004aa6       0x8a Middlewares/Third_Party/FreeRTOS/Source/tasks.o
                0x0000000008004aa6                xTaskCreate
 .text.prvInitialiseNewTask
                0x0000000008004b30      0x110 Middlewares/Third_Party/FreeRTOS/Source/tasks.o
 .text.prvAddNewTaskToReadyList
                0x0000000008004c40       0xd4 Middlewares/Third_Party/FreeRTOS/Source/tasks.o
 .text.vTaskDelay
                0x0000000008004d14       0x6c Middlewares/Third_Party/FreeRTOS/Source/tasks.o
                0x0000000008004d14                vTaskDelay
 .text.vTaskStartScheduler
                0x0000000008004d80       0xc4 Middlewares/Third_Party/FreeRTOS/Source/tasks.o
                0x0000000008004d80                vTaskStartScheduler
 .text.vTaskSuspendAll
                0x0000000008004e44       0x1c Middlewares/Third_Party/FreeRTOS/Source/tasks.o
                0x0000000008004e44                vTaskSuspendAll
 .text.xTaskResumeAll
                0x0000000008004e60      0x13c Middlewares/Third_Party/FreeRTOS/Source/tasks.o
                0x0000000008004e60                xTaskResumeAll
 .text.xTaskIncrementTick
                0x0000000008004f9c      0x174 Middlewares/Third_Party/FreeRTOS/Source/tasks.o
                0x0000000008004f9c                xTaskIncrementTick
 .text.vTaskSwitchContext
                0x0000000008005110       0xb8 Middlewares/Third_Party/FreeRTOS/Source/tasks.o
                0x0000000008005110                vTaskSwitchContext
 .text.prvIdleTask
                0x00000000080051c8       0x30 Middlewares/Third_Party/FreeRTOS/Source/tasks.o
 .text.prvInitialiseTaskLists
                0x00000000080051f8       0x80 Middlewares/Third_Party/FreeRTOS/Source/tasks.o
 .text.prvCheckTasksWaitingTermination
                0x0000000008005278       0x58 Middlewares/Third_Party/FreeRTOS/Source/tasks.o
 .text.prvDeleteTCB
                0x00000000080052d0       0x60 Middlewares/Third_Party/FreeRTOS/Source/tasks.o
 .text.prvResetNextTaskUnblockTime
                0x0000000008005330       0x40 Middlewares/Third_Party/FreeRTOS/Source/tasks.o
 .text.prvAddCurrentTaskToDelayedList
                0x0000000008005370       0xcc Middlewares/Third_Party/FreeRTOS/Source/tasks.o
 .text.pxPortInitialiseStack
                0x000000000800543c       0x68 Middlewares/Third_Party/FreeRTOS/Source/portable/GCC/ARM_CM7/r0p1/port.o
                0x000000000800543c                pxPortInitialiseStack
 .text.prvTaskExitError
                0x00000000080054a4       0x5c Middlewares/Third_Party/FreeRTOS/Source/portable/GCC/ARM_CM7/r0p1/port.o
 .text.SVC_Handler
                0x0000000008005500       0x28 Middlewares/Third_Party/FreeRTOS/Source/portable/GCC/ARM_CM7/r0p1/port.o
                0x0000000008005500                SVC_Handler
 .text.prvPortStartFirstTask
                0x0000000008005528       0x28 Middlewares/Third_Party/FreeRTOS/Source/portable/GCC/ARM_CM7/r0p1/port.o
 .text.xPortStartScheduler
                0x0000000008005550       0xf8 Middlewares/Third_Party/FreeRTOS/Source/portable/GCC/ARM_CM7/r0p1/port.o
                0x0000000008005550                xPortStartScheduler
 .text.vPortEnterCritical
                0x0000000008005648       0x64 Middlewares/Third_Party/FreeRTOS/Source/portable/GCC/ARM_CM7/r0p1/port.o
                0x0000000008005648                vPortEnterCritical
 .text.vPortExitCritical
                0x00000000080056ac       0x54 Middlewares/Third_Party/FreeRTOS/Source/portable/GCC/ARM_CM7/r0p1/port.o
                0x00000000080056ac                vPortExitCritical
 .text.PendSV_Handler
                0x0000000008005700       0x68 Middlewares/Third_Party/FreeRTOS/Source/portable/GCC/ARM_CM7/r0p1/port.o
                0x0000000008005700                PendSV_Handler
 .text.SysTick_Handler
                0x0000000008005768       0x44 Middlewares/Third_Party/FreeRTOS/Source/portable/GCC/ARM_CM7/r0p1/port.o
                0x0000000008005768                SysTick_Handler
 .text.vPortSetupTimerInterrupt
                0x00000000080057ac       0x48 Middlewares/Third_Party/FreeRTOS/Source/portable/GCC/ARM_CM7/r0p1/port.o
                0x00000000080057ac                vPortSetupTimerInterrupt
 .text.vPortEnableVFP
                0x00000000080057f4       0x14 Middlewares/Third_Party/FreeRTOS/Source/portable/GCC/ARM_CM7/r0p1/port.o
 .text.pvPortMalloc
                0x0000000008005808      0x190 Middlewares/Third_Party/FreeRTOS/Source/portable/MemMang/heap_4.o
                0x0000000008005808                pvPortMalloc
 .text.vPortFree
                0x0000000008005998       0xb8 Middlewares/Third_Party/FreeRTOS/Source/portable/MemMang/heap_4.o
                0x0000000008005998                vPortFree
 .text.prvHeapInit
                0x0000000008005a50       0xc4 Middlewares/Third_Party/FreeRTOS/Source/portable/MemMang/heap_4.o
 .text.prvInsertBlockIntoFreeList
                0x0000000008005b14       0xb4 Middlewares/Third_Party/FreeRTOS/Source/portable/MemMang/heap_4.o
 .text.__errno  0x0000000008005bc8        0xc d:/ssd_programs/stm32cubeide_1.5.0/stm32cubeide/plugins/com.st.stm32cube.ide.mcu.externaltools.gnu-tools-for-stm32.7-2018-q2-update.win32_1.5.0.202011040924/tools/bin/../lib/gcc/arm-none-eabi/7.3.1/../../../../arm-none-eabi/lib/thumb/v7e-m/fpv5/hard\libc_nano.a(lib_a-errno.o)
                0x0000000008005bc8                __errno
 .text.__libc_init_array
                0x0000000008005bd4       0x48 d:/ssd_programs/stm32cubeide_1.5.0/stm32cubeide/plugins/com.st.stm32cube.ide.mcu.externaltools.gnu-tools-for-stm32.7-2018-q2-update.win32_1.5.0.202011040924/tools/bin/../lib/gcc/arm-none-eabi/7.3.1/../../../../arm-none-eabi/lib/thumb/v7e-m/fpv5/hard\libc_nano.a(lib_a-init.o)
                0x0000000008005bd4                __libc_init_array
 .text.malloc   0x0000000008005c1c       0x10 d:/ssd_programs/stm32cubeide_1.5.0/stm32cubeide/plugins/com.st.stm32cube.ide.mcu.externaltools.gnu-tools-for-stm32.7-2018-q2-update.win32_1.5.0.202011040924/tools/bin/../lib/gcc/arm-none-eabi/7.3.1/../../../../arm-none-eabi/lib/thumb/v7e-m/fpv5/hard\libc_nano.a(lib_a-malloc.o)
                0x0000000008005c1c                malloc
 .text.free     0x0000000008005c2c       0x10 d:/ssd_programs/stm32cubeide_1.5.0/stm32cubeide/plugins/com.st.stm32cube.ide.mcu.externaltools.gnu-tools-for-stm32.7-2018-q2-update.win32_1.5.0.202011040924/tools/bin/../lib/gcc/arm-none-eabi/7.3.1/../../../../arm-none-eabi/lib/thumb/v7e-m/fpv5/hard\libc_nano.a(lib_a-malloc.o)
                0x0000000008005c2c                free
 .text.memset   0x0000000008005c3c       0x10 d:/ssd_programs/stm32cubeide_1.5.0/stm32cubeide/plugins/com.st.stm32cube.ide.mcu.externaltools.gnu-tools-for-stm32.7-2018-q2-update.win32_1.5.0.202011040924/tools/bin/../lib/gcc/arm-none-eabi/7.3.1/../../../../arm-none-eabi/lib/thumb/v7e-m/fpv5/hard\libc_nano.a(lib_a-memset.o)
                0x0000000008005c3c                memset
 .text._free_r  0x0000000008005c4c       0x9c d:/ssd_programs/stm32cubeide_1.5.0/stm32cubeide/plugins/com.st.stm32cube.ide.mcu.externaltools.gnu-tools-for-stm32.7-2018-q2-update.win32_1.5.0.202011040924/tools/bin/../lib/gcc/arm-none-eabi/7.3.1/../../../../arm-none-eabi/lib/thumb/v7e-m/fpv5/hard\libc_nano.a(lib_a-nano-freer.o)
                0x0000000008005c4c                _free_r
 .text._malloc_r
                0x0000000008005ce8       0xb4 d:/ssd_programs/stm32cubeide_1.5.0/stm32cubeide/plugins/com.st.stm32cube.ide.mcu.externaltools.gnu-tools-for-stm32.7-2018-q2-update.win32_1.5.0.202011040924/tools/bin/../lib/gcc/arm-none-eabi/7.3.1/../../../../arm-none-eabi/lib/thumb/v7e-m/fpv5/hard\libc_nano.a(lib_a-nano-mallocr.o)
                0x0000000008005ce8                _malloc_r
 .text._sbrk_r  0x0000000008005d9c       0x20 d:/ssd_programs/stm32cubeide_1.5.0/stm32cubeide/plugins/com.st.stm32cube.ide.mcu.externaltools.gnu-tools-for-stm32.7-2018-q2-update.win32_1.5.0.202011040924/tools/bin/../lib/gcc/arm-none-eabi/7.3.1/../../../../arm-none-eabi/lib/thumb/v7e-m/fpv5/hard\libc_nano.a(lib_a-sbrkr.o)
                0x0000000008005d9c                _sbrk_r
 .text.__malloc_lock
                0x0000000008005dbc        0x2 d:/ssd_programs/stm32cubeide_1.5.0/stm32cubeide/plugins/com.st.stm32cube.ide.mcu.externaltools.gnu-tools-for-stm32.7-2018-q2-update.win32_1.5.0.202011040924/tools/bin/../lib/gcc/arm-none-eabi/7.3.1/../../../../arm-none-eabi/lib/thumb/v7e-m/fpv5/hard\libc_nano.a(lib_a-mlock.o)
                0x0000000008005dbc                __malloc_lock
 .text.__malloc_unlock
                0x0000000008005dbe        0x2 d:/ssd_programs/stm32cubeide_1.5.0/stm32cubeide/plugins/com.st.stm32cube.ide.mcu.externaltools.gnu-tools-for-stm32.7-2018-q2-update.win32_1.5.0.202011040924/tools/bin/../lib/gcc/arm-none-eabi/7.3.1/../../../../arm-none-eabi/lib/thumb/v7e-m/fpv5/hard\libc_nano.a(lib_a-mlock.o)
                0x0000000008005dbe                __malloc_unlock
 *(.glue_7)
 .glue_7        0x0000000008005dc0        0x0 linker stubs
 *(.glue_7t)
 .glue_7t       0x0000000008005dc0        0x0 linker stubs
 *(.eh_frame)
 .eh_frame      0x0000000008005dc0        0x0 d:/ssd_programs/stm32cubeide_1.5.0/stm32cubeide/plugins/com.st.stm32cube.ide.mcu.externaltools.gnu-tools-for-stm32.7-2018-q2-update.win32_1.5.0.202011040924/tools/bin/../lib/gcc/arm-none-eabi/7.3.1/thumb/v7e-m/fpv5/hard/crtbegin.o
 *(.init)
 .init          0x0000000008005dc0        0x4 d:/ssd_programs/stm32cubeide_1.5.0/stm32cubeide/plugins/com.st.stm32cube.ide.mcu.externaltools.gnu-tools-for-stm32.7-2018-q2-update.win32_1.5.0.202011040924/tools/bin/../lib/gcc/arm-none-eabi/7.3.1/thumb/v7e-m/fpv5/hard/crti.o
                0x0000000008005dc0                _init
 .init          0x0000000008005dc4        0x8 d:/ssd_programs/stm32cubeide_1.5.0/stm32cubeide/plugins/com.st.stm32cube.ide.mcu.externaltools.gnu-tools-for-stm32.7-2018-q2-update.win32_1.5.0.202011040924/tools/bin/../lib/gcc/arm-none-eabi/7.3.1/thumb/v7e-m/fpv5/hard/crtn.o
 *(.fini)
 .fini          0x0000000008005dcc        0x4 d:/ssd_programs/stm32cubeide_1.5.0/stm32cubeide/plugins/com.st.stm32cube.ide.mcu.externaltools.gnu-tools-for-stm32.7-2018-q2-update.win32_1.5.0.202011040924/tools/bin/../lib/gcc/arm-none-eabi/7.3.1/thumb/v7e-m/fpv5/hard/crti.o
                0x0000000008005dcc                _fini
 .fini          0x0000000008005dd0        0x8 d:/ssd_programs/stm32cubeide_1.5.0/stm32cubeide/plugins/com.st.stm32cube.ide.mcu.externaltools.gnu-tools-for-stm32.7-2018-q2-update.win32_1.5.0.202011040924/tools/bin/../lib/gcc/arm-none-eabi/7.3.1/thumb/v7e-m/fpv5/hard/crtn.o
                0x0000000008005dd8                . = ALIGN (0x4)
                0x0000000008005dd8                _etext = .

.vfp11_veneer   0x0000000008005dd8        0x0
 .vfp11_veneer  0x0000000008005dd8        0x0 linker stubs

.v4_bx          0x0000000008005dd8        0x0
 .v4_bx         0x0000000008005dd8        0x0 linker stubs

.iplt           0x0000000008005dd8        0x0
 .iplt          0x0000000008005dd8        0x0 d:/ssd_programs/stm32cubeide_1.5.0/stm32cubeide/plugins/com.st.stm32cube.ide.mcu.externaltools.gnu-tools-for-stm32.7-2018-q2-update.win32_1.5.0.202011040924/tools/bin/../lib/gcc/arm-none-eabi/7.3.1/thumb/v7e-m/fpv5/hard/crtbegin.o

.rodata         0x0000000008005dd8       0x78
                0x0000000008005dd8                . = ALIGN (0x4)
 *(.rodata)
 .rodata        0x0000000008005dd8       0x58 Core/Src/main.o
 .rodata        0x0000000008005e30        0x5 Middlewares/Third_Party/FreeRTOS/Source/tasks.o
 *(.rodata*)
 *fill*         0x0000000008005e35        0x3 
 .rodata.AHBPrescTable
                0x0000000008005e38       0x10 Core/Src/system_stm32f7xx.o
                0x0000000008005e38                AHBPrescTable
 .rodata.APBPrescTable
                0x0000000008005e48        0x8 Core/Src/system_stm32f7xx.o
                0x0000000008005e48                APBPrescTable
                0x0000000008005e50                . = ALIGN (0x4)

.ARM.extab      0x0000000008005e50        0x0
                0x0000000008005e50                . = ALIGN (0x4)
 *(.ARM.extab* .gnu.linkonce.armextab.*)
                0x0000000008005e50                . = ALIGN (0x4)

.ARM            0x0000000008005e50        0x8
                0x0000000008005e50                . = ALIGN (0x4)
                0x0000000008005e50                __exidx_start = .
 *(.ARM.exidx*)
 .ARM.exidx     0x0000000008005e50        0x8 d:/ssd_programs/stm32cubeide_1.5.0/stm32cubeide/plugins/com.st.stm32cube.ide.mcu.externaltools.gnu-tools-for-stm32.7-2018-q2-update.win32_1.5.0.202011040924/tools/bin/../lib/gcc/arm-none-eabi/7.3.1/thumb/v7e-m/fpv5/hard\libgcc.a(_udivmoddi4.o)
                0x0000000008005e58                __exidx_end = .
                0x0000000008005e58                . = ALIGN (0x4)

.rel.dyn        0x0000000008005e58        0x0
 .rel.iplt      0x0000000008005e58        0x0 d:/ssd_programs/stm32cubeide_1.5.0/stm32cubeide/plugins/com.st.stm32cube.ide.mcu.externaltools.gnu-tools-for-stm32.7-2018-q2-update.win32_1.5.0.202011040924/tools/bin/../lib/gcc/arm-none-eabi/7.3.1/thumb/v7e-m/fpv5/hard/crtbegin.o

.preinit_array  0x0000000008005e58        0x0
                0x0000000008005e58                . = ALIGN (0x4)
                0x0000000008005e58                PROVIDE (__preinit_array_start = .)
 *(.preinit_array*)
                0x0000000008005e58                PROVIDE (__preinit_array_end = .)
                0x0000000008005e58                . = ALIGN (0x4)

.init_array     0x0000000008005e58        0x4
                0x0000000008005e58                . = ALIGN (0x4)
                0x0000000008005e58                PROVIDE (__init_array_start = .)
 *(SORT_BY_NAME(.init_array.*))
 *(.init_array*)
 .init_array    0x0000000008005e58        0x4 d:/ssd_programs/stm32cubeide_1.5.0/stm32cubeide/plugins/com.st.stm32cube.ide.mcu.externaltools.gnu-tools-for-stm32.7-2018-q2-update.win32_1.5.0.202011040924/tools/bin/../lib/gcc/arm-none-eabi/7.3.1/thumb/v7e-m/fpv5/hard/crtbegin.o
                0x0000000008005e5c                PROVIDE (__init_array_end = .)
                0x0000000008005e5c                . = ALIGN (0x4)

.fini_array     0x0000000008005e5c        0x4
                0x0000000008005e5c                . = ALIGN (0x4)
                [!provide]                        PROVIDE (__fini_array_start = .)
 *(SORT_BY_NAME(.fini_array.*))
 *(.fini_array*)
 .fini_array    0x0000000008005e5c        0x4 d:/ssd_programs/stm32cubeide_1.5.0/stm32cubeide/plugins/com.st.stm32cube.ide.mcu.externaltools.gnu-tools-for-stm32.7-2018-q2-update.win32_1.5.0.202011040924/tools/bin/../lib/gcc/arm-none-eabi/7.3.1/thumb/v7e-m/fpv5/hard/crtbegin.o
                [!provide]                        PROVIDE (__fini_array_end = .)
                0x0000000008005e60                . = ALIGN (0x4)
                0x0000000008005e60                _sidata = LOADADDR (.data)

.data           0x0000000020000000       0xb8 load address 0x0000000008005e60
                0x0000000020000000                . = ALIGN (0x4)
                0x0000000020000000                _sdata = .
 *(.data)
 *(.data*)
 .data.all_parameter_structs
                0x0000000020000000       0x30 Core/Src/GopherCAN.o
                0x0000000020000000                all_parameter_structs
 .data.parameter_data_types
                0x0000000020000030        0xc Core/Src/GopherCAN.o
                0x0000000020000030                parameter_data_types
 .data.module_bus_number
                0x000000002000003c        0x7 Core/Src/GopherCAN.o
                0x000000002000003c                module_bus_number
 *fill*         0x0000000020000043        0x1 
 .data.SystemCoreClock
                0x0000000020000044        0x4 Core/Src/system_stm32f7xx.o
                0x0000000020000044                SystemCoreClock
 .data.uwTickPrio
                0x0000000020000048        0x4 Drivers/STM32F7xx_HAL_Driver/Src/stm32f7xx_hal.o
                0x0000000020000048                uwTickPrio
 .data.uwTickFreq
                0x000000002000004c        0x1 Drivers/STM32F7xx_HAL_Driver/Src/stm32f7xx_hal.o
                0x000000002000004c                uwTickFreq
 *fill*         0x000000002000004d        0x3 
 .data.uxCriticalNesting
                0x0000000020000050        0x4 Middlewares/Third_Party/FreeRTOS/Source/portable/GCC/ARM_CM7/r0p1/port.o
 .data._impure_ptr
                0x0000000020000054        0x4 d:/ssd_programs/stm32cubeide_1.5.0/stm32cubeide/plugins/com.st.stm32cube.ide.mcu.externaltools.gnu-tools-for-stm32.7-2018-q2-update.win32_1.5.0.202011040924/tools/bin/../lib/gcc/arm-none-eabi/7.3.1/../../../../arm-none-eabi/lib/thumb/v7e-m/fpv5/hard\libc_nano.a(lib_a-impure.o)
                0x0000000020000054                _impure_ptr
 .data.impure_data
                0x0000000020000058       0x60 d:/ssd_programs/stm32cubeide_1.5.0/stm32cubeide/plugins/com.st.stm32cube.ide.mcu.externaltools.gnu-tools-for-stm32.7-2018-q2-update.win32_1.5.0.202011040924/tools/bin/../lib/gcc/arm-none-eabi/7.3.1/../../../../arm-none-eabi/lib/thumb/v7e-m/fpv5/hard\libc_nano.a(lib_a-impure.o)
 *(.RamFunc)
 *(.RamFunc*)
                0x00000000200000b8                . = ALIGN (0x4)
                0x00000000200000b8                _edata = .

.igot.plt       0x00000000200000b8        0x0 load address 0x0000000008005f18
 .igot.plt      0x00000000200000b8        0x0 d:/ssd_programs/stm32cubeide_1.5.0/stm32cubeide/plugins/com.st.stm32cube.ide.mcu.externaltools.gnu-tools-for-stm32.7-2018-q2-update.win32_1.5.0.202011040924/tools/bin/../lib/gcc/arm-none-eabi/7.3.1/thumb/v7e-m/fpv5/hard/crtbegin.o
                0x00000000200000b8                . = ALIGN (0x4)

.bss            0x00000000200000b8     0x47b8 load address 0x0000000008005f18
                0x00000000200000b8                _sbss = .
                0x00000000200000b8                __bss_start__ = _sbss
 *(.bss)
 .bss           0x00000000200000b8       0x1c d:/ssd_programs/stm32cubeide_1.5.0/stm32cubeide/plugins/com.st.stm32cube.ide.mcu.externaltools.gnu-tools-for-stm32.7-2018-q2-update.win32_1.5.0.202011040924/tools/bin/../lib/gcc/arm-none-eabi/7.3.1/thumb/v7e-m/fpv5/hard/crtbegin.o
 *(.bss*)
 .bss.hcan_error
                0x00000000200000d4        0x4 Core/Src/GopherCAN.o
                0x00000000200000d4                hcan_error
 .bss.ram_data  0x00000000200000d8        0xc Core/Src/dlm-high_level_functions.o
                0x00000000200000d8                ram_data
 .bss.counter   0x00000000200000e4        0x2 Core/Src/dlm-high_level_functions.o
                0x00000000200000e4                counter
 *fill*         0x00000000200000e6        0x2 
 .bss.bucket_list_head
                0x00000000200000e8       0x10 Core/Src/dlm-manage_data_aquisition.o
                0x00000000200000e8                bucket_list_head
 .bss.xIdleTaskTCBBuffer
                0x00000000200000f8       0x54 Core/Src/freertos.o
 .bss.xIdleStack
                0x000000002000014c      0x200 Core/Src/freertos.o
 .bss.HAL_RCC_CAN1_CLK_ENABLED
                0x000000002000034c        0x4 Core/Src/stm32f7xx_hal_msp.o
 .bss.__sbrk_heap_end
                0x0000000020000350        0x4 Core/Src/sysmem.o
 .bss.pxCurrentTCB
                0x0000000020000354        0x4 Middlewares/Third_Party/FreeRTOS/Source/tasks.o
                0x0000000020000354                pxCurrentTCB
 .bss.pxReadyTasksLists
                0x0000000020000358       0x8c Middlewares/Third_Party/FreeRTOS/Source/tasks.o
 .bss.xDelayedTaskList1
                0x00000000200003e4       0x14 Middlewares/Third_Party/FreeRTOS/Source/tasks.o
 .bss.xDelayedTaskList2
                0x00000000200003f8       0x14 Middlewares/Third_Party/FreeRTOS/Source/tasks.o
 .bss.pxDelayedTaskList
                0x000000002000040c        0x4 Middlewares/Third_Party/FreeRTOS/Source/tasks.o
 .bss.pxOverflowDelayedTaskList
                0x0000000020000410        0x4 Middlewares/Third_Party/FreeRTOS/Source/tasks.o
 .bss.xPendingReadyList
                0x0000000020000414       0x14 Middlewares/Third_Party/FreeRTOS/Source/tasks.o
 .bss.xTasksWaitingTermination
                0x0000000020000428       0x14 Middlewares/Third_Party/FreeRTOS/Source/tasks.o
 .bss.uxDeletedTasksWaitingCleanUp
                0x000000002000043c        0x4 Middlewares/Third_Party/FreeRTOS/Source/tasks.o
 .bss.xSuspendedTaskList
                0x0000000020000440       0x14 Middlewares/Third_Party/FreeRTOS/Source/tasks.o
 .bss.uxCurrentNumberOfTasks
                0x0000000020000454        0x4 Middlewares/Third_Party/FreeRTOS/Source/tasks.o
 .bss.xTickCount
                0x0000000020000458        0x4 Middlewares/Third_Party/FreeRTOS/Source/tasks.o
 .bss.uxTopReadyPriority
                0x000000002000045c        0x4 Middlewares/Third_Party/FreeRTOS/Source/tasks.o
 .bss.xSchedulerRunning
                0x0000000020000460        0x4 Middlewares/Third_Party/FreeRTOS/Source/tasks.o
 .bss.uxPendedTicks
                0x0000000020000464        0x4 Middlewares/Third_Party/FreeRTOS/Source/tasks.o
 .bss.xYieldPending
                0x0000000020000468        0x4 Middlewares/Third_Party/FreeRTOS/Source/tasks.o
 .bss.xNumOfOverflows
                0x000000002000046c        0x4 Middlewares/Third_Party/FreeRTOS/Source/tasks.o
 .bss.uxTaskNumber
                0x0000000020000470        0x4 Middlewares/Third_Party/FreeRTOS/Source/tasks.o
 .bss.xNextTaskUnblockTime
                0x0000000020000474        0x4 Middlewares/Third_Party/FreeRTOS/Source/tasks.o
 .bss.xIdleTaskHandle
                0x0000000020000478        0x4 Middlewares/Third_Party/FreeRTOS/Source/tasks.o
 .bss.uxSchedulerSuspended
                0x000000002000047c        0x4 Middlewares/Third_Party/FreeRTOS/Source/tasks.o
 .bss.ucMaxSysCallPriority
                0x0000000020000480        0x1 Middlewares/Third_Party/FreeRTOS/Source/portable/GCC/ARM_CM7/r0p1/port.o
 *fill*         0x0000000020000481        0x3 
 .bss.ulMaxPRIGROUPValue
                0x0000000020000484        0x4 Middlewares/Third_Party/FreeRTOS/Source/portable/GCC/ARM_CM7/r0p1/port.o
 .bss.ucHeap    0x0000000020000488     0x3c00 Middlewares/Third_Party/FreeRTOS/Source/portable/MemMang/heap_4.o
 .bss.xStart    0x0000000020004088        0x8 Middlewares/Third_Party/FreeRTOS/Source/portable/MemMang/heap_4.o
 .bss.pxEnd     0x0000000020004090        0x4 Middlewares/Third_Party/FreeRTOS/Source/portable/MemMang/heap_4.o
 .bss.xFreeBytesRemaining
                0x0000000020004094        0x4 Middlewares/Third_Party/FreeRTOS/Source/portable/MemMang/heap_4.o
 .bss.xMinimumEverFreeBytesRemaining
                0x0000000020004098        0x4 Middlewares/Third_Party/FreeRTOS/Source/portable/MemMang/heap_4.o
 .bss.xBlockAllocatedBit
                0x000000002000409c        0x4 Middlewares/Third_Party/FreeRTOS/Source/portable/MemMang/heap_4.o
 .bss.__malloc_free_list
                0x00000000200040a0        0x4 d:/ssd_programs/stm32cubeide_1.5.0/stm32cubeide/plugins/com.st.stm32cube.ide.mcu.externaltools.gnu-tools-for-stm32.7-2018-q2-update.win32_1.5.0.202011040924/tools/bin/../lib/gcc/arm-none-eabi/7.3.1/../../../../arm-none-eabi/lib/thumb/v7e-m/fpv5/hard\libc_nano.a(lib_a-nano-mallocr.o)
                0x00000000200040a0                __malloc_free_list
 .bss.__malloc_sbrk_start
                0x00000000200040a4        0x4 d:/ssd_programs/stm32cubeide_1.5.0/stm32cubeide/plugins/com.st.stm32cube.ide.mcu.externaltools.gnu-tools-for-stm32.7-2018-q2-update.win32_1.5.0.202011040924/tools/bin/../lib/gcc/arm-none-eabi/7.3.1/../../../../arm-none-eabi/lib/thumb/v7e-m/fpv5/hard\libc_nano.a(lib_a-nano-mallocr.o)
                0x00000000200040a4                __malloc_sbrk_start
 *(COMMON)
 COMMON         0x00000000200040a8      0x718 Core/Src/GopherCAN.o
                0x00000000200040a8                u8_tester
                0x00000000200040b0                tx_buffer_mem_1
                0x00000000200042b0                last_error
                0x00000000200042bc                rx_buffer_mem
                0x00000000200044bc                can_command
                0x00000000200044c8                u64_tester
                0x00000000200044d8                fan_current
                0x00000000200044e0                rx_buffer
                0x00000000200044e8                tx_buffer_mem
                0x00000000200046e8                tx_buffer
                0x00000000200046f0                s32_tester
                0x00000000200046fc                u16_tester
                0x0000000020004704                gbus0
                0x0000000020004710                s16_tester
                0x0000000020004718                rpm
                0x0000000020004720                u32_tester
                0x000000002000472c                float_tester
                0x0000000020004738                tx_buffer_1
                0x0000000020004740                cust_funcs
                0x0000000020004798                s64_tester
                0x00000000200047a8                this_module_id
                0x00000000200047ac                s8_tester
                0x00000000200047b4                gbus1
 COMMON         0x00000000200047c0        0x8 Core/Src/dlm-high_level_functions.o
                0x00000000200047c0                dlm_hcan0
                0x00000000200047c4                dlm_hcan1
 COMMON         0x00000000200047c8        0x4 Core/Src/dlm-manage_data_aquisition.o
                0x00000000200047c8                ram_data_head
 COMMON         0x00000000200047cc        0x4 Core/Src/dlm-move_ram_data_to_storage.o
                0x00000000200047cc                ram_data_head_ptr
 COMMON         0x00000000200047d0       0x58 Core/Src/main.o
                0x00000000200047d0                hcan2
                0x00000000200047f8                dlm_main_loopHandle
                0x00000000200047fc                can_loop_taskHandle
                0x0000000020004800                hcan1
 COMMON         0x0000000020004828       0x40 Core/Src/stm32f7xx_hal_timebase_tim.o
                0x0000000020004828                htim6
 COMMON         0x0000000020004868        0x4 Drivers/STM32F7xx_HAL_Driver/Src/stm32f7xx_hal.o
                0x0000000020004868                uwTick
 COMMON         0x000000002000486c        0x4 d:/ssd_programs/stm32cubeide_1.5.0/stm32cubeide/plugins/com.st.stm32cube.ide.mcu.externaltools.gnu-tools-for-stm32.7-2018-q2-update.win32_1.5.0.202011040924/tools/bin/../lib/gcc/arm-none-eabi/7.3.1/../../../../arm-none-eabi/lib/thumb/v7e-m/fpv5/hard\libc_nano.a(lib_a-reent.o)
                0x000000002000486c                errno
                0x0000000020004870                . = ALIGN (0x4)
                0x0000000020004870                _ebss = .
                0x0000000020004870                __bss_end__ = _ebss

._user_heap_stack
                0x0000000020004870      0x600 load address 0x0000000008005f18
                0x0000000020004870                . = ALIGN (0x8)
                [!provide]                        PROVIDE (end = .)
                0x0000000020004870                PROVIDE (_end = .)
                0x0000000020004a70                . = (. + _Min_Heap_Size)
 *fill*         0x0000000020004870      0x200 
                0x0000000020004e70                . = (. + _Min_Stack_Size)
 *fill*         0x0000000020004a70      0x400 
                0x0000000020004e70                . = ALIGN (0x8)

/DISCARD/
 libc.a(*)
 libm.a(*)
 libgcc.a(*)

.ARM.attributes
                0x0000000000000000       0x2e
 *(.ARM.attributes)
 .ARM.attributes
                0x0000000000000000       0x20 d:/ssd_programs/stm32cubeide_1.5.0/stm32cubeide/plugins/com.st.stm32cube.ide.mcu.externaltools.gnu-tools-for-stm32.7-2018-q2-update.win32_1.5.0.202011040924/tools/bin/../lib/gcc/arm-none-eabi/7.3.1/thumb/v7e-m/fpv5/hard/crti.o
 .ARM.attributes
                0x0000000000000020       0x32 d:/ssd_programs/stm32cubeide_1.5.0/stm32cubeide/plugins/com.st.stm32cube.ide.mcu.externaltools.gnu-tools-for-stm32.7-2018-q2-update.win32_1.5.0.202011040924/tools/bin/../lib/gcc/arm-none-eabi/7.3.1/thumb/v7e-m/fpv5/hard/crtbegin.o
 .ARM.attributes
                0x0000000000000052       0x37 Core/Src/GopherCAN.o
 .ARM.attributes
                0x0000000000000089       0x37 Core/Src/GopherCAN_ring_buffer.o
 .ARM.attributes
                0x00000000000000c0       0x37 Core/Src/dlm-high_level_functions.o
 .ARM.attributes
                0x00000000000000f7       0x37 Core/Src/dlm-manage_data_aquisition.o
 .ARM.attributes
                0x000000000000012e       0x37 Core/Src/dlm-move_ram_data_to_storage.o
 .ARM.attributes
                0x0000000000000165       0x37 Core/Src/freertos.o
 .ARM.attributes
                0x000000000000019c       0x37 Core/Src/main.o
 .ARM.attributes
                0x00000000000001d3       0x37 Core/Src/stm32f7xx_hal_msp.o
 .ARM.attributes
                0x000000000000020a       0x37 Core/Src/stm32f7xx_hal_timebase_tim.o
 .ARM.attributes
                0x0000000000000241       0x37 Core/Src/stm32f7xx_it.o
 .ARM.attributes
                0x0000000000000278       0x37 Core/Src/sysmem.o
 .ARM.attributes
                0x00000000000002af       0x37 Core/Src/system_stm32f7xx.o
 .ARM.attributes
                0x00000000000002e6       0x21 Core/Startup/startup_stm32f767zitx.o
 .ARM.attributes
                0x0000000000000307       0x37 Drivers/STM32F7xx_HAL_Driver/Src/stm32f7xx_hal.o
 .ARM.attributes
                0x000000000000033e       0x37 Drivers/STM32F7xx_HAL_Driver/Src/stm32f7xx_hal_can.o
 .ARM.attributes
                0x0000000000000375       0x37 Drivers/STM32F7xx_HAL_Driver/Src/stm32f7xx_hal_cortex.o
 .ARM.attributes
                0x00000000000003ac       0x37 Drivers/STM32F7xx_HAL_Driver/Src/stm32f7xx_hal_gpio.o
 .ARM.attributes
                0x00000000000003e3       0x37 Drivers/STM32F7xx_HAL_Driver/Src/stm32f7xx_hal_rcc.o
 .ARM.attributes
                0x000000000000041a       0x37 Drivers/STM32F7xx_HAL_Driver/Src/stm32f7xx_hal_tim.o
 .ARM.attributes
                0x0000000000000451       0x37 Drivers/STM32F7xx_HAL_Driver/Src/stm32f7xx_hal_tim_ex.o
 .ARM.attributes
                0x0000000000000488       0x37 Middlewares/Third_Party/FreeRTOS/Source/CMSIS_RTOS/cmsis_os.o
 .ARM.attributes
                0x00000000000004bf       0x37 Middlewares/Third_Party/FreeRTOS/Source/list.o
 .ARM.attributes
                0x00000000000004f6       0x37 Middlewares/Third_Party/FreeRTOS/Source/tasks.o
 .ARM.attributes
                0x000000000000052d       0x37 Middlewares/Third_Party/FreeRTOS/Source/portable/GCC/ARM_CM7/r0p1/port.o
 .ARM.attributes
                0x0000000000000564       0x37 Middlewares/Third_Party/FreeRTOS/Source/portable/MemMang/heap_4.o
 .ARM.attributes
                0x000000000000059b       0x32 d:/ssd_programs/stm32cubeide_1.5.0/stm32cubeide/plugins/com.st.stm32cube.ide.mcu.externaltools.gnu-tools-for-stm32.7-2018-q2-update.win32_1.5.0.202011040924/tools/bin/../lib/gcc/arm-none-eabi/7.3.1/../../../../arm-none-eabi/lib/thumb/v7e-m/fpv5/hard\libc_nano.a(lib_a-errno.o)
 .ARM.attributes
                0x00000000000005cd       0x32 d:/ssd_programs/stm32cubeide_1.5.0/stm32cubeide/plugins/com.st.stm32cube.ide.mcu.externaltools.gnu-tools-for-stm32.7-2018-q2-update.win32_1.5.0.202011040924/tools/bin/../lib/gcc/arm-none-eabi/7.3.1/../../../../arm-none-eabi/lib/thumb/v7e-m/fpv5/hard\libc_nano.a(lib_a-impure.o)
 .ARM.attributes
                0x00000000000005ff       0x32 d:/ssd_programs/stm32cubeide_1.5.0/stm32cubeide/plugins/com.st.stm32cube.ide.mcu.externaltools.gnu-tools-for-stm32.7-2018-q2-update.win32_1.5.0.202011040924/tools/bin/../lib/gcc/arm-none-eabi/7.3.1/../../../../arm-none-eabi/lib/thumb/v7e-m/fpv5/hard\libc_nano.a(lib_a-init.o)
 .ARM.attributes
                0x0000000000000631       0x32 d:/ssd_programs/stm32cubeide_1.5.0/stm32cubeide/plugins/com.st.stm32cube.ide.mcu.externaltools.gnu-tools-for-stm32.7-2018-q2-update.win32_1.5.0.202011040924/tools/bin/../lib/gcc/arm-none-eabi/7.3.1/../../../../arm-none-eabi/lib/thumb/v7e-m/fpv5/hard\libc_nano.a(lib_a-malloc.o)
 .ARM.attributes
                0x0000000000000663       0x32 d:/ssd_programs/stm32cubeide_1.5.0/stm32cubeide/plugins/com.st.stm32cube.ide.mcu.externaltools.gnu-tools-for-stm32.7-2018-q2-update.win32_1.5.0.202011040924/tools/bin/../lib/gcc/arm-none-eabi/7.3.1/../../../../arm-none-eabi/lib/thumb/v7e-m/fpv5/hard\libc_nano.a(lib_a-memset.o)
 .ARM.attributes
                0x0000000000000695       0x32 d:/ssd_programs/stm32cubeide_1.5.0/stm32cubeide/plugins/com.st.stm32cube.ide.mcu.externaltools.gnu-tools-for-stm32.7-2018-q2-update.win32_1.5.0.202011040924/tools/bin/../lib/gcc/arm-none-eabi/7.3.1/../../../../arm-none-eabi/lib/thumb/v7e-m/fpv5/hard\libc_nano.a(lib_a-nano-freer.o)
 .ARM.attributes
                0x00000000000006c7       0x32 d:/ssd_programs/stm32cubeide_1.5.0/stm32cubeide/plugins/com.st.stm32cube.ide.mcu.externaltools.gnu-tools-for-stm32.7-2018-q2-update.win32_1.5.0.202011040924/tools/bin/../lib/gcc/arm-none-eabi/7.3.1/../../../../arm-none-eabi/lib/thumb/v7e-m/fpv5/hard\libc_nano.a(lib_a-nano-mallocr.o)
 .ARM.attributes
                0x00000000000006f9       0x32 d:/ssd_programs/stm32cubeide_1.5.0/stm32cubeide/plugins/com.st.stm32cube.ide.mcu.externaltools.gnu-tools-for-stm32.7-2018-q2-update.win32_1.5.0.202011040924/tools/bin/../lib/gcc/arm-none-eabi/7.3.1/../../../../arm-none-eabi/lib/thumb/v7e-m/fpv5/hard\libc_nano.a(lib_a-sbrkr.o)
 .ARM.attributes
                0x000000000000072b       0x32 d:/ssd_programs/stm32cubeide_1.5.0/stm32cubeide/plugins/com.st.stm32cube.ide.mcu.externaltools.gnu-tools-for-stm32.7-2018-q2-update.win32_1.5.0.202011040924/tools/bin/../lib/gcc/arm-none-eabi/7.3.1/../../../../arm-none-eabi/lib/thumb/v7e-m/fpv5/hard\libc_nano.a(lib_a-mlock.o)
 .ARM.attributes
                0x000000000000075d       0x32 d:/ssd_programs/stm32cubeide_1.5.0/stm32cubeide/plugins/com.st.stm32cube.ide.mcu.externaltools.gnu-tools-for-stm32.7-2018-q2-update.win32_1.5.0.202011040924/tools/bin/../lib/gcc/arm-none-eabi/7.3.1/../../../../arm-none-eabi/lib/thumb/v7e-m/fpv5/hard\libc_nano.a(lib_a-reent.o)
 .ARM.attributes
                0x000000000000078f       0x20 d:/ssd_programs/stm32cubeide_1.5.0/stm32cubeide/plugins/com.st.stm32cube.ide.mcu.externaltools.gnu-tools-for-stm32.7-2018-q2-update.win32_1.5.0.202011040924/tools/bin/../lib/gcc/arm-none-eabi/7.3.1/thumb/v7e-m/fpv5/hard\libgcc.a(_arm_addsubdf3.o)
 .ARM.attributes
                0x00000000000007af       0x20 d:/ssd_programs/stm32cubeide_1.5.0/stm32cubeide/plugins/com.st.stm32cube.ide.mcu.externaltools.gnu-tools-for-stm32.7-2018-q2-update.win32_1.5.0.202011040924/tools/bin/../lib/gcc/arm-none-eabi/7.3.1/thumb/v7e-m/fpv5/hard\libgcc.a(_aeabi_uldivmod.o)
 .ARM.attributes
                0x00000000000007cf       0x32 d:/ssd_programs/stm32cubeide_1.5.0/stm32cubeide/plugins/com.st.stm32cube.ide.mcu.externaltools.gnu-tools-for-stm32.7-2018-q2-update.win32_1.5.0.202011040924/tools/bin/../lib/gcc/arm-none-eabi/7.3.1/thumb/v7e-m/fpv5/hard\libgcc.a(_udivmoddi4.o)
 .ARM.attributes
                0x0000000000000801       0x20 d:/ssd_programs/stm32cubeide_1.5.0/stm32cubeide/plugins/com.st.stm32cube.ide.mcu.externaltools.gnu-tools-for-stm32.7-2018-q2-update.win32_1.5.0.202011040924/tools/bin/../lib/gcc/arm-none-eabi/7.3.1/thumb/v7e-m/fpv5/hard\libgcc.a(_dvmd_tls.o)
 .ARM.attributes
                0x0000000000000821       0x20 d:/ssd_programs/stm32cubeide_1.5.0/stm32cubeide/plugins/com.st.stm32cube.ide.mcu.externaltools.gnu-tools-for-stm32.7-2018-q2-update.win32_1.5.0.202011040924/tools/bin/../lib/gcc/arm-none-eabi/7.3.1/thumb/v7e-m/fpv5/hard/crtn.o
OUTPUT(Data_Logging_Module.elf elf32-littlearm)

.debug_info     0x0000000000000000    0x16629
 .debug_info    0x0000000000000000     0x1856 Core/Src/GopherCAN.o
 .debug_info    0x0000000000001856      0x27f Core/Src/GopherCAN_ring_buffer.o
 .debug_info    0x0000000000001ad5      0x9ed Core/Src/dlm-high_level_functions.o
 .debug_info    0x00000000000024c2     0x1503 Core/Src/dlm-manage_data_aquisition.o
 .debug_info    0x00000000000039c5      0xe44 Core/Src/dlm-move_ram_data_to_storage.o
 .debug_info    0x0000000000004809      0x344 Core/Src/freertos.o
 .debug_info    0x0000000000004b4d     0x1330 Core/Src/main.o
 .debug_info    0x0000000000005e7d      0xc0d Core/Src/stm32f7xx_hal_msp.o
 .debug_info    0x0000000000006a8a      0xc43 Core/Src/stm32f7xx_hal_timebase_tim.o
 .debug_info    0x00000000000076cd      0xb06 Core/Src/stm32f7xx_it.o
 .debug_info    0x00000000000081d3      0x985 Core/Src/sysmem.o
 .debug_info    0x0000000000008b58      0x73d Core/Src/system_stm32f7xx.o
 .debug_info    0x0000000000009295       0x22 Core/Startup/startup_stm32f767zitx.o
 .debug_info    0x00000000000092b7      0xa46 Drivers/STM32F7xx_HAL_Driver/Src/stm32f7xx_hal.o
 .debug_info    0x0000000000009cfd      0xfb3 Drivers/STM32F7xx_HAL_Driver/Src/stm32f7xx_hal_can.o
 .debug_info    0x000000000000acb0     0x108c Drivers/STM32F7xx_HAL_Driver/Src/stm32f7xx_hal_cortex.o
 .debug_info    0x000000000000bd3c      0x7e9 Drivers/STM32F7xx_HAL_Driver/Src/stm32f7xx_hal_gpio.o
 .debug_info    0x000000000000c525      0x996 Drivers/STM32F7xx_HAL_Driver/Src/stm32f7xx_hal_rcc.o
 .debug_info    0x000000000000cebb     0x25bc Drivers/STM32F7xx_HAL_Driver/Src/stm32f7xx_hal_tim.o
 .debug_info    0x000000000000f477     0x1307 Drivers/STM32F7xx_HAL_Driver/Src/stm32f7xx_hal_tim_ex.o
 .debug_info    0x000000000001077e     0x1e7e Middlewares/Third_Party/FreeRTOS/Source/CMSIS_RTOS/cmsis_os.o
 .debug_info    0x00000000000125fc      0xacb Middlewares/Third_Party/FreeRTOS/Source/list.o
 .debug_info    0x00000000000130c7     0x2494 Middlewares/Third_Party/FreeRTOS/Source/tasks.o
 .debug_info    0x000000000001555b      0x4e4 Middlewares/Third_Party/FreeRTOS/Source/portable/GCC/ARM_CM7/r0p1/port.o
 .debug_info    0x0000000000015a3f      0xbea Middlewares/Third_Party/FreeRTOS/Source/portable/MemMang/heap_4.o

.debug_abbrev   0x0000000000000000     0x32ed
 .debug_abbrev  0x0000000000000000      0x312 Core/Src/GopherCAN.o
 .debug_abbrev  0x0000000000000312      0x117 Core/Src/GopherCAN_ring_buffer.o
 .debug_abbrev  0x0000000000000429      0x1be Core/Src/dlm-high_level_functions.o
 .debug_abbrev  0x00000000000005e7      0x283 Core/Src/dlm-manage_data_aquisition.o
 .debug_abbrev  0x000000000000086a      0x23b Core/Src/dlm-move_ram_data_to_storage.o
 .debug_abbrev  0x0000000000000aa5      0x109 Core/Src/freertos.o
 .debug_abbrev  0x0000000000000bae      0x2ce Core/Src/main.o
 .debug_abbrev  0x0000000000000e7c      0x1a9 Core/Src/stm32f7xx_hal_msp.o
 .debug_abbrev  0x0000000000001025      0x19d Core/Src/stm32f7xx_hal_timebase_tim.o
 .debug_abbrev  0x00000000000011c2      0x194 Core/Src/stm32f7xx_it.o
 .debug_abbrev  0x0000000000001356      0x19b Core/Src/sysmem.o
 .debug_abbrev  0x00000000000014f1      0x147 Core/Src/system_stm32f7xx.o
 .debug_abbrev  0x0000000000001638       0x12 Core/Startup/startup_stm32f767zitx.o
 .debug_abbrev  0x000000000000164a      0x1c7 Drivers/STM32F7xx_HAL_Driver/Src/stm32f7xx_hal.o
 .debug_abbrev  0x0000000000001811      0x22a Drivers/STM32F7xx_HAL_Driver/Src/stm32f7xx_hal_can.o
 .debug_abbrev  0x0000000000001a3b      0x2fa Drivers/STM32F7xx_HAL_Driver/Src/stm32f7xx_hal_cortex.o
 .debug_abbrev  0x0000000000001d35      0x1c9 Drivers/STM32F7xx_HAL_Driver/Src/stm32f7xx_hal_gpio.o
 .debug_abbrev  0x0000000000001efe      0x268 Drivers/STM32F7xx_HAL_Driver/Src/stm32f7xx_hal_rcc.o
 .debug_abbrev  0x0000000000002166      0x230 Drivers/STM32F7xx_HAL_Driver/Src/stm32f7xx_hal_tim.o
 .debug_abbrev  0x0000000000002396      0x21e Drivers/STM32F7xx_HAL_Driver/Src/stm32f7xx_hal_tim_ex.o
 .debug_abbrev  0x00000000000025b4      0x379 Middlewares/Third_Party/FreeRTOS/Source/CMSIS_RTOS/cmsis_os.o
 .debug_abbrev  0x000000000000292d      0x1cf Middlewares/Third_Party/FreeRTOS/Source/list.o
 .debug_abbrev  0x0000000000002afc      0x338 Middlewares/Third_Party/FreeRTOS/Source/tasks.o
 .debug_abbrev  0x0000000000002e34      0x21b Middlewares/Third_Party/FreeRTOS/Source/portable/GCC/ARM_CM7/r0p1/port.o
 .debug_abbrev  0x000000000000304f      0x29e Middlewares/Third_Party/FreeRTOS/Source/portable/MemMang/heap_4.o

.debug_aranges  0x0000000000000000     0x11f8
 .debug_aranges
                0x0000000000000000      0x110 Core/Src/GopherCAN.o
 .debug_aranges
                0x0000000000000110       0x48 Core/Src/GopherCAN_ring_buffer.o
 .debug_aranges
                0x0000000000000158       0x60 Core/Src/dlm-high_level_functions.o
 .debug_aranges
                0x00000000000001b8       0x50 Core/Src/dlm-manage_data_aquisition.o
 .debug_aranges
                0x0000000000000208       0x40 Core/Src/dlm-move_ram_data_to_storage.o
 .debug_aranges
                0x0000000000000248       0x20 Core/Src/freertos.o
 .debug_aranges
                0x0000000000000268       0x60 Core/Src/main.o
 .debug_aranges
                0x00000000000002c8       0x30 Core/Src/stm32f7xx_hal_msp.o
 .debug_aranges
                0x00000000000002f8       0x30 Core/Src/stm32f7xx_hal_timebase_tim.o
 .debug_aranges
                0x0000000000000328       0x70 Core/Src/stm32f7xx_it.o
 .debug_aranges
                0x0000000000000398       0x20 Core/Src/sysmem.o
 .debug_aranges
                0x00000000000003b8       0x28 Core/Src/system_stm32f7xx.o
 .debug_aranges
                0x00000000000003e0       0x28 Core/Startup/startup_stm32f767zitx.o
 .debug_aranges
                0x0000000000000408      0x110 Drivers/STM32F7xx_HAL_Driver/Src/stm32f7xx_hal.o
 .debug_aranges
                0x0000000000000518      0x138 Drivers/STM32F7xx_HAL_Driver/Src/stm32f7xx_hal_can.o
 .debug_aranges
                0x0000000000000650      0x118 Drivers/STM32F7xx_HAL_Driver/Src/stm32f7xx_hal_cortex.o
 .debug_aranges
                0x0000000000000768       0x58 Drivers/STM32F7xx_HAL_Driver/Src/stm32f7xx_hal_gpio.o
 .debug_aranges
                0x00000000000007c0       0x88 Drivers/STM32F7xx_HAL_Driver/Src/stm32f7xx_hal_rcc.o
 .debug_aranges
                0x0000000000000848      0x3b8 Drivers/STM32F7xx_HAL_Driver/Src/stm32f7xx_hal_tim.o
 .debug_aranges
                0x0000000000000c00      0x168 Drivers/STM32F7xx_HAL_Driver/Src/stm32f7xx_hal_tim_ex.o
 .debug_aranges
                0x0000000000000d68      0x1d8 Middlewares/Third_Party/FreeRTOS/Source/CMSIS_RTOS/cmsis_os.o
 .debug_aranges
                0x0000000000000f40       0x40 Middlewares/Third_Party/FreeRTOS/Source/list.o
 .debug_aranges
                0x0000000000000f80      0x1a8 Middlewares/Third_Party/FreeRTOS/Source/tasks.o
 .debug_aranges
                0x0000000000001128       0x80 Middlewares/Third_Party/FreeRTOS/Source/portable/GCC/ARM_CM7/r0p1/port.o
 .debug_aranges
                0x00000000000011a8       0x50 Middlewares/Third_Party/FreeRTOS/Source/portable/MemMang/heap_4.o

.debug_ranges   0x0000000000000000     0x1070
 .debug_ranges  0x0000000000000000      0x100 Core/Src/GopherCAN.o
 .debug_ranges  0x0000000000000100       0x38 Core/Src/GopherCAN_ring_buffer.o
 .debug_ranges  0x0000000000000138       0x50 Core/Src/dlm-high_level_functions.o
 .debug_ranges  0x0000000000000188       0x40 Core/Src/dlm-manage_data_aquisition.o
 .debug_ranges  0x00000000000001c8       0x30 Core/Src/dlm-move_ram_data_to_storage.o
 .debug_ranges  0x00000000000001f8       0x10 Core/Src/freertos.o
 .debug_ranges  0x0000000000000208       0x50 Core/Src/main.o
 .debug_ranges  0x0000000000000258       0x20 Core/Src/stm32f7xx_hal_msp.o
 .debug_ranges  0x0000000000000278       0x20 Core/Src/stm32f7xx_hal_timebase_tim.o
 .debug_ranges  0x0000000000000298       0x60 Core/Src/stm32f7xx_it.o
 .debug_ranges  0x00000000000002f8       0x10 Core/Src/sysmem.o
 .debug_ranges  0x0000000000000308       0x18 Core/Src/system_stm32f7xx.o
 .debug_ranges  0x0000000000000320       0x20 Core/Startup/startup_stm32f767zitx.o
 .debug_ranges  0x0000000000000340      0x100 Drivers/STM32F7xx_HAL_Driver/Src/stm32f7xx_hal.o
 .debug_ranges  0x0000000000000440      0x128 Drivers/STM32F7xx_HAL_Driver/Src/stm32f7xx_hal_can.o
 .debug_ranges  0x0000000000000568      0x108 Drivers/STM32F7xx_HAL_Driver/Src/stm32f7xx_hal_cortex.o
 .debug_ranges  0x0000000000000670       0x48 Drivers/STM32F7xx_HAL_Driver/Src/stm32f7xx_hal_gpio.o
 .debug_ranges  0x00000000000006b8       0x78 Drivers/STM32F7xx_HAL_Driver/Src/stm32f7xx_hal_rcc.o
 .debug_ranges  0x0000000000000730      0x3a8 Drivers/STM32F7xx_HAL_Driver/Src/stm32f7xx_hal_tim.o
 .debug_ranges  0x0000000000000ad8      0x158 Drivers/STM32F7xx_HAL_Driver/Src/stm32f7xx_hal_tim_ex.o
 .debug_ranges  0x0000000000000c30      0x1c8 Middlewares/Third_Party/FreeRTOS/Source/CMSIS_RTOS/cmsis_os.o
 .debug_ranges  0x0000000000000df8       0x30 Middlewares/Third_Party/FreeRTOS/Source/list.o
 .debug_ranges  0x0000000000000e28      0x198 Middlewares/Third_Party/FreeRTOS/Source/tasks.o
 .debug_ranges  0x0000000000000fc0       0x70 Middlewares/Third_Party/FreeRTOS/Source/portable/GCC/ARM_CM7/r0p1/port.o
 .debug_ranges  0x0000000000001030       0x40 Middlewares/Third_Party/FreeRTOS/Source/portable/MemMang/heap_4.o

.debug_macro    0x0000000000000000    0x29861
 .debug_macro   0x0000000000000000      0x204 Core/Src/GopherCAN.o
 .debug_macro   0x0000000000000204      0xa66 Core/Src/GopherCAN.o
 .debug_macro   0x0000000000000c6a       0x2e Core/Src/GopherCAN.o
 .debug_macro   0x0000000000000c98       0x10 Core/Src/GopherCAN.o
 .debug_macro   0x0000000000000ca8      0x293 Core/Src/GopherCAN.o
 .debug_macro   0x0000000000000f3b       0x2e Core/Src/GopherCAN.o
 .debug_macro   0x0000000000000f69       0x3b Core/Src/GopherCAN.o
 .debug_macro   0x0000000000000fa4       0x22 Core/Src/GopherCAN.o
 .debug_macro   0x0000000000000fc6       0x8e Core/Src/GopherCAN.o
 .debug_macro   0x0000000000001054       0x51 Core/Src/GopherCAN.o
 .debug_macro   0x00000000000010a5       0xef Core/Src/GopherCAN.o
 .debug_macro   0x0000000000001194       0x6a Core/Src/GopherCAN.o
 .debug_macro   0x00000000000011fe      0x1df Core/Src/GopherCAN.o
 .debug_macro   0x00000000000013dd       0x1c Core/Src/GopherCAN.o
 .debug_macro   0x00000000000013f9       0x22 Core/Src/GopherCAN.o
 .debug_macro   0x000000000000141b       0xdf Core/Src/GopherCAN.o
 .debug_macro   0x00000000000014fa     0x12cd Core/Src/GopherCAN.o
 .debug_macro   0x00000000000027c7      0x11f Core/Src/GopherCAN.o
 .debug_macro   0x00000000000028e6       0x19 Core/Src/GopherCAN.o
 .debug_macro   0x00000000000028ff    0x1a9b4 Core/Src/GopherCAN.o
 .debug_macro   0x000000000001d2b3       0x43 Core/Src/GopherCAN.o
 .debug_macro   0x000000000001d2f6     0x36b4 Core/Src/GopherCAN.o
 .debug_macro   0x00000000000209aa      0x174 Core/Src/GopherCAN.o
 .debug_macro   0x0000000000020b1e       0x61 Core/Src/GopherCAN.o
 .debug_macro   0x0000000000020b7f     0x1add Core/Src/GopherCAN.o
 .debug_macro   0x000000000002265c      0x6c4 Core/Src/GopherCAN.o
 .debug_macro   0x0000000000022d20      0x18b Core/Src/GopherCAN.o
 .debug_macro   0x0000000000022eab      0x117 Core/Src/GopherCAN.o
 .debug_macro   0x0000000000022fc2      0x26f Core/Src/GopherCAN.o
 .debug_macro   0x0000000000023231       0x27 Core/Src/GopherCAN.o
 .debug_macro   0x0000000000023258      0x24f Core/Src/GopherCAN.o
 .debug_macro   0x00000000000234a7       0x71 Core/Src/GopherCAN.o
 .debug_macro   0x0000000000023518       0x58 Core/Src/GopherCAN.o
 .debug_macro   0x0000000000023570      0x236 Core/Src/GopherCAN.o
 .debug_macro   0x00000000000237a6      0x40f Core/Src/GopherCAN.o
 .debug_macro   0x0000000000023bb5      0x14f Core/Src/GopherCAN.o
 .debug_macro   0x0000000000023d04      0x3dc Core/Src/GopherCAN.o
 .debug_macro   0x00000000000240e0       0x12 Core/Src/GopherCAN.o
 .debug_macro   0x00000000000240f2      0x22c Core/Src/GopherCAN.o
 .debug_macro   0x000000000002431e       0x61 Core/Src/GopherCAN.o
 .debug_macro   0x000000000002437f       0xa5 Core/Src/GopherCAN.o
 .debug_macro   0x0000000000024424      0x12f Core/Src/GopherCAN.o
 .debug_macro   0x0000000000024553      0x108 Core/Src/GopherCAN.o
 .debug_macro   0x000000000002465b       0x35 Core/Src/GopherCAN.o
 .debug_macro   0x0000000000024690      0xa3d Core/Src/GopherCAN.o
 .debug_macro   0x00000000000250cd       0xa9 Core/Src/GopherCAN.o
 .debug_macro   0x0000000000025176      0x15c Core/Src/GopherCAN.o
 .debug_macro   0x00000000000252d2      0x1c2 Core/Src/GopherCAN.o
 .debug_macro   0x0000000000025494       0x2e Core/Src/GopherCAN_ring_buffer.o
 .debug_macro   0x00000000000254c2      0x23c Core/Src/dlm-high_level_functions.o
 .debug_macro   0x00000000000256fe       0x16 Core/Src/dlm-high_level_functions.o
 .debug_macro   0x0000000000025714       0x22 Core/Src/dlm-high_level_functions.o
 .debug_macro   0x0000000000025736      0x2e8 Core/Src/dlm-manage_data_aquisition.o
 .debug_macro   0x0000000000025a1e       0x17 Core/Src/dlm-manage_data_aquisition.o
 .debug_macro   0x0000000000025a35       0x46 Core/Src/dlm-manage_data_aquisition.o
 .debug_macro   0x0000000000025a7b       0x3c Core/Src/dlm-manage_data_aquisition.o
 .debug_macro   0x0000000000025ab7       0x34 Core/Src/dlm-manage_data_aquisition.o
 .debug_macro   0x0000000000025aeb       0x16 Core/Src/dlm-manage_data_aquisition.o
 .debug_macro   0x0000000000025b01       0x35 Core/Src/dlm-manage_data_aquisition.o
 .debug_macro   0x0000000000025b36       0x52 Core/Src/dlm-manage_data_aquisition.o
 .debug_macro   0x0000000000025b88       0x1f Core/Src/dlm-manage_data_aquisition.o
 .debug_macro   0x0000000000025ba7       0x43 Core/Src/dlm-manage_data_aquisition.o
 .debug_macro   0x0000000000025bea       0x20 Core/Src/dlm-manage_data_aquisition.o
 .debug_macro   0x0000000000025c0a      0x1a3 Core/Src/dlm-manage_data_aquisition.o
 .debug_macro   0x0000000000025dad      0x32a Core/Src/dlm-manage_data_aquisition.o
 .debug_macro   0x00000000000260d7       0x16 Core/Src/dlm-manage_data_aquisition.o
 .debug_macro   0x00000000000260ed       0x29 Core/Src/dlm-manage_data_aquisition.o
 .debug_macro   0x0000000000026116      0x2e8 Core/Src/dlm-move_ram_data_to_storage.o
 .debug_macro   0x00000000000263fe       0x1c Core/Src/dlm-move_ram_data_to_storage.o
 .debug_macro   0x000000000002641a      0x24b Core/Src/freertos.o
 .debug_macro   0x0000000000026665       0xea Core/Src/freertos.o
 .debug_macro   0x000000000002674f      0x15a Core/Src/freertos.o
 .debug_macro   0x00000000000268a9       0xde Core/Src/freertos.o
 .debug_macro   0x0000000000026987       0x1c Core/Src/freertos.o
 .debug_macro   0x00000000000269a3       0x26 Core/Src/freertos.o
 .debug_macro   0x00000000000269c9      0x4e8 Core/Src/freertos.o
 .debug_macro   0x0000000000026eb1       0xb5 Core/Src/freertos.o
 .debug_macro   0x0000000000026f66       0xaa Core/Src/freertos.o
 .debug_macro   0x0000000000027010      0x296 Core/Src/main.o
 .debug_macro   0x00000000000272a6       0xea Core/Src/main.o
 .debug_macro   0x0000000000027390       0x91 Core/Src/main.o
 .debug_macro   0x0000000000027421       0x8d Core/Src/main.o
 .debug_macro   0x00000000000274ae       0x7e Core/Src/main.o
 .debug_macro   0x000000000002752c       0x19 Core/Src/main.o
 .debug_macro   0x0000000000027545       0xf2 Core/Src/main.o
 .debug_macro   0x0000000000027637      0x1e3 Core/Src/stm32f7xx_hal_msp.o
 .debug_macro   0x000000000002781a      0x1d9 Core/Src/stm32f7xx_hal_timebase_tim.o
 .debug_macro   0x00000000000279f3      0x1ed Core/Src/stm32f7xx_it.o
 .debug_macro   0x0000000000027be0       0xee Core/Src/sysmem.o
 .debug_macro   0x0000000000027cce      0x23b Core/Src/sysmem.o
 .debug_macro   0x0000000000027f09      0x1df Core/Src/system_stm32f7xx.o
 .debug_macro   0x00000000000280e8      0x1fd Drivers/STM32F7xx_HAL_Driver/Src/stm32f7xx_hal.o
 .debug_macro   0x00000000000282e5      0x1e1 Drivers/STM32F7xx_HAL_Driver/Src/stm32f7xx_hal_can.o
 .debug_macro   0x00000000000284c6      0x1d9 Drivers/STM32F7xx_HAL_Driver/Src/stm32f7xx_hal_cortex.o
 .debug_macro   0x000000000002869f      0x20f Drivers/STM32F7xx_HAL_Driver/Src/stm32f7xx_hal_gpio.o
 .debug_macro   0x00000000000288ae      0x1fd Drivers/STM32F7xx_HAL_Driver/Src/stm32f7xx_hal_rcc.o
 .debug_macro   0x0000000000028aab      0x1da Drivers/STM32F7xx_HAL_Driver/Src/stm32f7xx_hal_tim.o
 .debug_macro   0x0000000000028c85      0x1d9 Drivers/STM32F7xx_HAL_Driver/Src/stm32f7xx_hal_tim_ex.o
 .debug_macro   0x0000000000028e5e      0x1f1 Middlewares/Third_Party/FreeRTOS/Source/CMSIS_RTOS/cmsis_os.o
 .debug_macro   0x000000000002904f       0x10 Middlewares/Third_Party/FreeRTOS/Source/CMSIS_RTOS/cmsis_os.o
 .debug_macro   0x000000000002905f       0x20 Middlewares/Third_Party/FreeRTOS/Source/CMSIS_RTOS/cmsis_os.o
 .debug_macro   0x000000000002907f       0xc7 Middlewares/Third_Party/FreeRTOS/Source/CMSIS_RTOS/cmsis_os.o
 .debug_macro   0x0000000000029146      0x17a Middlewares/Third_Party/FreeRTOS/Source/list.o
 .debug_macro   0x00000000000292c0      0x26c Middlewares/Third_Party/FreeRTOS/Source/tasks.o
 .debug_macro   0x000000000002952c       0x10 Middlewares/Third_Party/FreeRTOS/Source/tasks.o
 .debug_macro   0x000000000002953c      0x184 Middlewares/Third_Party/FreeRTOS/Source/portable/GCC/ARM_CM7/r0p1/port.o
 .debug_macro   0x00000000000296c0      0x1a1 Middlewares/Third_Party/FreeRTOS/Source/portable/MemMang/heap_4.o

.debug_line     0x0000000000000000     0xeaab
 .debug_line    0x0000000000000000      0xb40 Core/Src/GopherCAN.o
 .debug_line    0x0000000000000b40      0x135 Core/Src/GopherCAN_ring_buffer.o
 .debug_line    0x0000000000000c75      0x8d1 Core/Src/dlm-high_level_functions.o
 .debug_line    0x0000000000001546      0xa3b Core/Src/dlm-manage_data_aquisition.o
 .debug_line    0x0000000000001f81      0x9d2 Core/Src/dlm-move_ram_data_to_storage.o
 .debug_line    0x0000000000002953      0x7f6 Core/Src/freertos.o
 .debug_line    0x0000000000003149      0x96d Core/Src/main.o
 .debug_line    0x0000000000003ab6      0x754 Core/Src/stm32f7xx_hal_msp.o
 .debug_line    0x000000000000420a      0x72c Core/Src/stm32f7xx_hal_timebase_tim.o
 .debug_line    0x0000000000004936      0x7c6 Core/Src/stm32f7xx_it.o
 .debug_line    0x00000000000050fc      0x4f9 Core/Src/sysmem.o
 .debug_line    0x00000000000055f5      0x711 Core/Src/system_stm32f7xx.o
 .debug_line    0x0000000000005d06       0x85 Core/Startup/startup_stm32f767zitx.o
 .debug_line    0x0000000000005d8b      0x944 Drivers/STM32F7xx_HAL_Driver/Src/stm32f7xx_hal.o
 .debug_line    0x00000000000066cf      0xbaa Drivers/STM32F7xx_HAL_Driver/Src/stm32f7xx_hal_can.o
 .debug_line    0x0000000000007279      0xa21 Drivers/STM32F7xx_HAL_Driver/Src/stm32f7xx_hal_cortex.o
 .debug_line    0x0000000000007c9a      0x905 Drivers/STM32F7xx_HAL_Driver/Src/stm32f7xx_hal_gpio.o
 .debug_line    0x000000000000859f      0x9aa Drivers/STM32F7xx_HAL_Driver/Src/stm32f7xx_hal_rcc.o
 .debug_line    0x0000000000008f49     0x1a3d Drivers/STM32F7xx_HAL_Driver/Src/stm32f7xx_hal_tim.o
 .debug_line    0x000000000000a986      0xdf7 Drivers/STM32F7xx_HAL_Driver/Src/stm32f7xx_hal_tim_ex.o
 .debug_line    0x000000000000b77d      0xcf6 Middlewares/Third_Party/FreeRTOS/Source/CMSIS_RTOS/cmsis_os.o