GopherCAN.c:148:4:init_can	24	static
GopherCAN.c:225:11:init_filters	56	static
GopherCAN.c:320:6:HAL_CAN_RxFifo0MsgPendingCallback	16	static
GopherCAN.c:328:6:HAL_CAN_RxFifo1MsgPendingCallback	16	static
GopherCAN.c:343:4:request_parameter	40	static
GopherCAN.c:392:4:send_can_command	48	static
GopherCAN.c:440:4:send_parameter	72	static
GopherCAN.c:535:4:add_custom_can_func	32	static
GopherCAN.c:564:4:mod_custom_can_func_state	24	static
GopherCAN.c:586:6:service_can_tx_hardware	56	static
GopherCAN.c:641:6:service_can_rx_hardware	48	static
GopherCAN.c:689:4:service_can_rx_buffer	16	static
GopherCAN.c:713:11:tx_can_message	24	static
GopherCAN.c:749:11:service_can_rx_message	56	static
GopherCAN.c:878:11:parameter_requested	16	static
GopherCAN.c:902:11:run_can_command	48	static
GopherCAN.c:946:13:build_message_id	24	static
GopherCAN.c:987:13:get_message_id	16	static
GopherCAN.c:999:11:send_error_message	40	static
GopherCAN.c:1042:6:define_can_bus	16	static
GopherCAN.c:1074:6:HAL_CAN_TxMailbox0CompleteCallback	16	static
GopherCAN.c:1079:6:HAL_CAN_TxMailbox1CompleteCallback	16	static
GopherCAN.c:1084:6:HAL_CAN_TxMailbox2CompleteCallback	16	static
GopherCAN.c:1089:6:HAL_CAN_TxMailbox0AbortCallback	16	static
GopherCAN.c:1094:6:HAL_CAN_TxMailbox1AbortCallback	16	static
GopherCAN.c:1099:6:HAL_CAN_TxMailbox2AbortCallback	16	static
GopherCAN.c:1110:29:choose_tx_buffer_from_hcan	16	static
GopherCAN.c:1133:29:choose_tx_buffer_from_dest_module	24	static
GopherCAN.c:1160:13:send_message_to_all_busses	16	static
GopherCAN.c:1189:13:rout_can_message	24	static
GopherCAN.c:1263:6:do_nothing	16	static
