stm32f7xx_it.c:73:6:NMI_Handler	4	static
stm32f7xx_it.c:88:6:HardFault_Handler	4	static
stm32f7xx_it.c:103:6:MemManage_Handler	4	static
stm32f7xx_it.c:118:6:BusFault_Handler	4	static
stm32f7xx_it.c:133:6:UsageFault_Handler	4	static
stm32f7xx_it.c:148:6:DebugMon_Handler	4	static
stm32f7xx_it.c:168:6:CAN1_RX0_IRQHandler	8	static
stm32f7xx_it.c:182:6:CAN1_RX1_IRQHandler	8	static
stm32f7xx_it.c:196:6:TIM6_DAC_IRQHandler	8	static
stm32f7xx_it.c:210:6:CAN2_RX0_IRQHandler	8	static
stm32f7xx_it.c:224:6:CAN2_RX1_IRQHandler	8	static
