stm32f7xx_it.c:74:6:NMI_Handler	4	static
stm32f7xx_it.c:89:6:HardFault_Handler	4	static
stm32f7xx_it.c:104:6:MemManage_Handler	4	static
stm32f7xx_it.c:119:6:BusFault_Handler	4	static
stm32f7xx_it.c:134:6:UsageFault_Handler	4	static
stm32f7xx_it.c:149:6:DebugMon_Handler	4	static
stm32f7xx_it.c:169:6:CAN1_RX0_IRQHandler	8	static
stm32f7xx_it.c:183:6:CAN1_RX1_IRQHandler	8	static
stm32f7xx_it.c:197:6:TIM6_DAC_IRQHandler	8	static
stm32f7xx_it.c:211:6:CAN2_RX0_IRQHandler	8	static
stm32f7xx_it.c:225:6:CAN2_RX1_IRQHandler	8	static
stm32f7xx_it.c:239:6:OTG_FS_IRQHandler	8	static
