GopherCAN.c:85:4:init_can	24	static
GopherCAN.c:155:13:init_all_params	16	static
GopherCAN.c:183:6:set_all_params_state	24	static
GopherCAN.c:197:11:init_filters	64	static
GopherCAN.c:299:6:HAL_CAN_RxFifo0MsgPendingCallback	16	static
GopherCAN.c:308:6:HAL_CAN_RxFifo1MsgPendingCallback	16	static
GopherCAN.c:324:4:request_parameter	40	static
GopherCAN.c:373:4:send_can_command	48	static
GopherCAN.c:421:4:send_parameter	104	static
GopherCAN.c:516:4:add_custom_can_func	32	static
GopherCAN.c:545:4:mod_custom_can_func_state	24	static
GopherCAN.c:567:6:service_can_tx_hardware	56	static
GopherCAN.c:633:6:service_can_rx_hardware	48	static
GopherCAN.c:681:4:service_can_rx_buffer	16	static
GopherCAN.c:705:11:tx_can_message	24	static
GopherCAN.c:765:11:service_can_rx_message	56	static
GopherCAN.c:894:11:parameter_requested	16	static
GopherCAN.c:918:11:run_can_command	48	static
GopherCAN.c:969:13:build_message_id	24	static
GopherCAN.c:1010:13:get_message_id	16	static
GopherCAN.c:1022:11:send_error_message	40	static
GopherCAN.c:1065:6:define_can_bus	16	static
GopherCAN.c:1097:6:HAL_CAN_TxMailbox0CompleteCallback	16	static
GopherCAN.c:1102:6:HAL_CAN_TxMailbox1CompleteCallback	16	static
GopherCAN.c:1107:6:HAL_CAN_TxMailbox2CompleteCallback	16	static
GopherCAN.c:1112:6:HAL_CAN_TxMailbox0AbortCallback	16	static
GopherCAN.c:1117:6:HAL_CAN_TxMailbox1AbortCallback	16	static
GopherCAN.c:1122:6:HAL_CAN_TxMailbox2AbortCallback	16	static
GopherCAN.c:1133:29:choose_tx_buffer_from_hcan	16	static
GopherCAN.c:1155:27:choose_hcan_from_tx_buffer	16	static
GopherCAN.c:1178:29:choose_tx_buffer_from_dest_module	24	static
GopherCAN.c:1205:13:send_message_to_all_busses	16	static
GopherCAN.c:1255:13:rout_can_message	24	static
GopherCAN.c:1358:6:do_nothing	16	static
