GopherCAN.c:85:4:init_can	24	static
GopherCAN.c:155:13:init_all_params	16	static
GopherCAN.c:183:6:set_all_params_state	24	static
GopherCAN.c:197:11:init_filters	64	static
GopherCAN.c:297:6:HAL_CAN_RxFifo0MsgPendingCallback	16	static
GopherCAN.c:306:6:HAL_CAN_RxFifo1MsgPendingCallback	16	static
GopherCAN.c:322:4:request_parameter	40	static
GopherCAN.c:371:4:send_can_command	48	static
GopherCAN.c:419:4:send_parameter	104	static
GopherCAN.c:514:4:add_custom_can_func	32	static
GopherCAN.c:543:4:mod_custom_can_func_state	24	static
GopherCAN.c:565:6:service_can_tx_hardware	56	static
GopherCAN.c:631:6:service_can_rx_hardware	48	static
GopherCAN.c:679:4:service_can_rx_buffer	16	static
GopherCAN.c:703:11:tx_can_message	24	static
GopherCAN.c:763:11:service_can_rx_message	56	static
GopherCAN.c:892:11:parameter_requested	16	static
GopherCAN.c:916:11:run_can_command	48	static
GopherCAN.c:967:13:build_message_id	24	static
GopherCAN.c:1008:13:get_message_id	16	static
GopherCAN.c:1020:11:send_error_message	40	static
GopherCAN.c:1063:6:define_can_bus	16	static
GopherCAN.c:1095:6:HAL_CAN_TxMailbox0CompleteCallback	16	static
GopherCAN.c:1100:6:HAL_CAN_TxMailbox1CompleteCallback	16	static
GopherCAN.c:1105:6:HAL_CAN_TxMailbox2CompleteCallback	16	static
GopherCAN.c:1110:6:HAL_CAN_TxMailbox0AbortCallback	16	static
GopherCAN.c:1115:6:HAL_CAN_TxMailbox1AbortCallback	16	static
GopherCAN.c:1120:6:HAL_CAN_TxMailbox2AbortCallback	16	static
GopherCAN.c:1131:29:choose_tx_buffer_from_hcan	16	static
GopherCAN.c:1153:27:choose_hcan_from_tx_buffer	16	static
GopherCAN.c:1176:29:choose_tx_buffer_from_dest_module	24	static
GopherCAN.c:1203:13:send_message_to_all_busses	16	static
GopherCAN.c:1253:13:rout_can_message	24	static
GopherCAN.c:1356:6:do_nothing	16	static
